#
# A fatal error has been detected by the Java Runtime Environment:
#
#  EXCEPTION_ACCESS_VIOLATION (0xc0000005) at pc=0x000002f1abe52b24, pid=3436, tid=23120
#
# JRE version: OpenJDK Runtime Environment Corretto-21.0.9.10.1 (21.0.9+10) (build 21.0.9+10-LTS)
# Java VM: OpenJDK 64-Bit Server VM Corretto-21.0.9.10.1 (21.0.9+10-LTS, mixed mode, emulated-client, sharing, tiered, compressed oops, compressed class ptrs, g1 gc, windows-amd64)
# Problematic frame:
# v  ~BufferBlob::MethodHandles adapters 0x000002f1abe52b24
#
# No core dump will be written. Minidumps are not enabled by default on client versions of Windows
#
# If you would like to submit a bug report, please visit:
#   https://github.com/corretto/corretto-21/issues/
#

---------------  S U M M A R Y ------------

Command Line: -XX:+ShowCodeDetailsInExceptionMessages -agentlib:jdwp=transport=dt_socket,suspend=y,address=localhost:63025 -Dcom.sun.management.jmxremote -Dcom.sun.management.jmxremote.port=63024 -Dcom.sun.management.jmxremote.authenticate=false -Dcom.sun.management.jmxremote.ssl=false -Djava.rmi.server.hostname=localhost -Dspring.jmx.enabled=true -Dmanagement.endpoints.jmx.exposure.include=* -Dspring.application.admin.enabled=true -Dspring.profiles.active=local -Dspring.output.ansi.enabled=always -XX:TieredStopAtLevel=1 -Dspring.boot.project.name=experian-orquestador -javaagent:C:\eclipse\configuration\org.eclipse.osgi\1082\0\.cp\lib\javaagent-shaded.jar -Dfile.encoding=UTF-8 -Dstdout.encoding=UTF-8 -Dstderr.encoding=UTF-8 bs.experian.orquestador.ExperianOrquestadorApplication

Host: AMD Ryzen 7 5825U with Radeon Graphics         , 16 cores, 15G,  Windows 11 , 64 bit Build 26100 (10.0.26100.7920)
Time: Sun Mar 29 19:00:02 2026 Hora de verano romance elapsed time: 1086.647273 seconds (0d 0h 18m 6s)

---------------  T H R E A D  ---------------

Current thread (0x000002f180256530):  JavaThread "org.springframework.kafka.KafkaListenerEndpointContainer#0-0-C-1"        [_thread_in_Java, id=23120, stack(0x000000f8e3600000,0x000000f8e3700000) (1024K)]

Stack: [0x000000f8e3600000,0x000000f8e3700000],  sp=0x000000f8e36fdcc0,  free space=1015k
Native frames: (J=compiled Java code, j=interpreted, Vv=VM code, C=native code)
C  0x000002f1abe52b24

The last pc belongs to _linkToVirtual (printed below).

siginfo: EXCEPTION_ACCESS_VIOLATION (0xc0000005), reading address 0xffffffffffffffff


Registers:
RAX=0x000002f1abe29086, RBX=0x000000070cc6c048, RCX=0x000000f8e36fdcd0, RDX=0x0000000000000003
RSP=0x000000f8e36fdcc0, RBP=0x000000f8e36fdd18, RSI=0x000002f1b701e918, RDI=0x000002f1fd2e6340
R8 =0x0000000000000003, R9 =0x000002f1fe704da0, R10=0x000002f2707290cb, R11=0xe19bd17be19bd171
R12=0x0000000000000000, R13=0x000000f8e36fdcc0, R14=0x000000f8e36fdd40, R15=0x000002f180256530
RIP=0x000002f1abe52b24, EFLAGS=0x0000000000010202

XMM[0]=0x0000000000000000 0x0000000000000000
XMM[1]=0x0000000000000000 0x0000000000000000
XMM[2]=0x0000000000000000 0x0000000000000000
XMM[3]=0x0000000000000000 0x0000000000000000
XMM[4]=0x0000000000000000 0x0000000000000000
XMM[5]=0x0000000000000000 0x0000000000000000
XMM[6]=0x0000000000000000 0x0000000000000000
XMM[7]=0x0000000000000000 0x0000000000000000
XMM[8]=0x0000000000000000 0x0000000000000000
XMM[9]=0x0000000000000000 0x0000000000000000
XMM[10]=0x0000000000000000 0x0000000000000000
XMM[11]=0x0000000000000000 0x0000000000000000
XMM[12]=0x0000000000000000 0x0000000000000000
XMM[13]=0x0000000000000000 0x0000000000000000
XMM[14]=0x0000000000000000 0x0000000000000000
XMM[15]=0x0000000000000000 0x0000000000000000
  MXCSR=0x00001fa0


Register to memory mapping:

RAX=0x000002f1abe29086 is at code_begin+3078 in an Interpreter codelet
return entry points  [0x000002f1abe28480, 0x000002f1abe2a298]  7704 bytes
RBX=0x000000070cc6c048 is an oop: bs.experian.orquestador.application.model.evento.EventoDto 
{0x000000070cc6c048} - klass: 'bs/experian/orquestador/application/model/evento/EventoDto'
 - ---- fields (total size 4 words):
 - private 'queryId' 'Ljava/lang/String;' @12  "9368f21b-39c2-4098-a463-9b6f8e8e1485"{0x000000070cde8b38} (0xe19bd167)
 - private 'notificationId' 'Ljava/lang/String;' @16  "11111111-aaaa-bbbb-cccc-222222222263"{0x000000070cde8b88} (0xe19bd171)
 - private 'eventType' 'Ljava/lang/String;' @20  "CustodiaDocumento"{0x000000070cde8bd8} (0xe19bd17b)
 - private 'eventData' 'Lbs/experian/orquestador/application/model/evento/PayLoadDto;' @24  a 'bs/experian/orquestador/application/model/evento/PayLoadDto'{0x000000070cde8c18} (0xe19bd183)
RCX=0x000000f8e36fdcd0 is pointing into the stack for thread: 0x000002f180256530
RDX=0x0000000000000003 is an unknown value
RSP=0x000000f8e36fdcc0 is pointing into the stack for thread: 0x000002f180256530
RBP=0x000000f8e36fdd18 is pointing into the stack for thread: 0x000002f180256530
RSI=0x000002f1b701e918 points into unknown readable memory: 0x88000c00d47f9bb7 | b7 9b 7f d4 00 0c 00 88
RDI=0x000002f1fd2e6340 points into unknown readable memory: 0x0000000800000070 | 70 00 00 00 08 00 00 00
R8 =0x0000000000000003 is an unknown value
R9 =0x000002f1fe704da0 points into unknown readable memory: 0x0000001e00000003 | 03 00 00 00 1e 00 00 00
R10=0x000002f2707290cb is an unknown value
R11=0xe19bd17be19bd171 is an unknown value
R12=0x0 is null
R13=0x000000f8e36fdcc0 is pointing into the stack for thread: 0x000002f180256530
R14=0x000000f8e36fdd40 is pointing into the stack for thread: 0x000002f180256530
R15=0x000002f180256530 is a thread

Top of Stack: (sp=0x000000f8e36fdcc0)
0x000000f8e36fdcc0:   000002f1abe29086 000000070c06ebc0
0x000000f8e36fdcd0:   000000f8e36fdcd0 000002f1b87290cb
0x000000f8e36fdce0:   0000000000000005 000002f1b80b0d70
0x000000f8e36fdcf0:   000000070cc6c048 000000070acfbd50
0x000000f8e36fdd00:   000002f1b80b3868 000000f8e36fdcc0
0x000000f8e36fdd10:   000000f8e36fdd30 000000f8e36fdd98
0x000000f8e36fdd20:   000002f1abe29086 000000070cc6c0c0
0x000000f8e36fdd30:   000000070cc6c048 000000070c06ebc0
0x000000f8e36fdd40:   000000070cc6c098 000000070ca21bf8
0x000000f8e36fdd50:   000000f8e36fdd50 000002f1fab7d2d4
0x000000f8e36fdd60:   0000000000000009 000002f1faa30430
0x000000f8e36fdd70:   0000000000000000 000000070cc6c0f0
0x000000f8e36fdd80:   000002f1fab7d2e8 000000f8e36fdd38
0x000000f8e36fdd90:   000000f8e36fddf0 000000f8e36fe098
0x000000f8e36fdda0:   000002f1ac940332 000000070cc6c098
0x000000f8e36fddb0:   000000070c06ebc0 000000070cc6c1c0
0x000000f8e36fddc0:   000000070cc6c048 000000070cc6c198
0x000000f8e36fddd0:   000000070cc6c048 000000070c06ebc0
0x000000f8e36fdde0:   000000070cc6c168 000002f1ac93fa84
0x000000f8e36fddf0:   000000070cb53ca0 000000070a494298
0x000000f8e36fde00:   000000f8e36fca60 0000000000000950
0x000000f8e36fde10:   000002f1802568e8 00007ffd1aa12626
0x000000f8e36fde20:   000002f1f93ba301 000000f800000000
0x000000f8e36fde30:   000000f8e36fe098 000002f1ac24b244
0x000000f8e36fde40:   000000070aa26668 0000000709d442c8
0x000000f8e36fde50:   000000070e2ec718 0000000000000c00
0x000000f8e36fde60:   0000000000000000 0000000000000000
0x000000f8e36fde70:   0000000000000000 0000000000000000
0x000000f8e36fde80:   0000000000000000 0000000000000000
0x000000f8e36fde90:   0000000000000000 0000000000000000
0x000000f8e36fdea0:   000000070cc6c1e8 000000070cc6c208
0x000000f8e36fdeb0:   000000070c06ebc0 000000070b98ca18 

Instructions: (pc=0x000002f1abe52b24)
0x000002f1abe52a24:   f1 02 00 00 80 2a e5 ab f1 02 00 00 00 3b e5 ab
0x000002f1abe52a34:   f1 02 00 00 70 2a e5 ab f1 02 00 00 70 2a e5 ab
0x000002f1abe52a44:   f1 02 00 00 00 00 00 00 00 00 00 00 78 db 87 d9
0x000002f1abe52a54:   fc 7f 00 00 f0 10 00 00 60 00 00 00 ff ff ff ff
0x000002f1abe52a64:   f0 10 00 00 00 00 00 00 00 00 00 00 00 00 00 00
0x000002f1abe52a74:   00 00 00 00 00 00 00 00 00 00 00 00 f4 66 66 66
0x000002f1abe52a84:   0f 1f 84 00 00 00 00 00 66 66 0f 1f 84 00 00 00
0x000002f1abe52a94:   00 00 66 66 0f 1f 84 00 00 00 00 00 48 8b 53 08
0x000002f1abe52aa4:   0f b7 52 2e 48 8b 0c d4 8b 59 14 48 c1 e3 03 8b
0x000002f1abe52ab4:   5b 28 48 c1 e3 03 8b 5b 24 48 c1 e3 03 48 8b 5b
0x000002f1abe52ac4:   10 48 85 db 0f 84 10 00 00 00 41 80 bf d8 05 00
0x000002f1abe52ad4:   00 00 74 03 ff 63 38 ff 63 50 e9 9d 16 00 00 66
0x000002f1abe52ae4:   66 66 0f 1f 84 00 00 00 00 00 66 0f 1f 84 00 00
0x000002f1abe52af4:   00 00 00 66 0f 1f 84 00 00 00 00 00 48 8b 53 08
0x000002f1abe52b04:   0f b7 52 2e 48 8b 0c d4 58 5b 50 44 8b 51 08 49
0x000002f1abe52b14:   bb 00 00 00 b8 f1 02 00 00 4d 03 d3 4c 8b 5b 10
0x000002f1abe52b24:   4b 8b 9c da d0 01 00 00 48 85 db 0f 84 10 00 00
0x000002f1abe52b34:   00 41 80 bf d8 05 00 00 00 74 03 ff 63 38 ff 63
0x000002f1abe52b44:   50 e9 36 16 00 00 66 66 66 0f 1f 84 00 00 00 00
0x000002f1abe52b54:   00 66 66 66 0f 1f 84 00 00 00 00 00 58 5b 50 8b
0x000002f1abe52b64:   5b 24 48 c1 e3 03 48 8b 5b 10 48 85 db 0f 84 10
0x000002f1abe52b74:   00 00 00 41 80 bf d8 05 00 00 00 74 03 ff 63 38
0x000002f1abe52b84:   ff 63 50 e9 f4 15 00 00 66 66 0f 1f 84 00 00 00
0x000002f1abe52b94:   00 00 66 66 0f 1f 84 00 00 00 00 00 48 8b 53 08
0x000002f1abe52ba4:   0f b7 52 2e 48 8b 0c d4 58 5b 50 48 3b 01 8b 5b
0x000002f1abe52bb4:   24 48 c1 e3 03 48 8b 5b 10 48 85 db 0f 84 10 00
0x000002f1abe52bc4:   00 00 41 80 bf d8 05 00 00 00 74 03 ff 63 38 ff
0x000002f1abe52bd4:   63 50 e9 a5 15 00 00 0f 1f 44 00 00 48 8b 53 08
0x000002f1abe52be4:   0f b7 52 2e 48 8b 0c d4 58 5b 50 44 8b 51 08 49
0x000002f1abe52bf4:   bb 00 00 00 b8 f1 02 00 00 4d 03 d3 8b 43 18 48
0x000002f1abe52c04:   c1 e0 03 48 8b 40 10 48 8b 5b 10 45 8b 9a ac 00
0x000002f1abe52c14:   00 00 4f 8d 9c da d0 01 00 00 4d 8d 14 da 49 8b 


Stack slot to memory mapping:

stack at sp + 0 slots: 0x000002f1abe29086 is at code_begin+3078 in an Interpreter codelet
return entry points  [0x000002f1abe28480, 0x000002f1abe2a298]  7704 bytes
stack at sp + 1 slots: 0x000000070c06ebc0 is an oop: bs.experian.orquestador.infrastructure.persistence.documentos.ProcesadorDocumentoRepository 
{0x000000070c06ebc0} - klass: 'bs/experian/orquestador/infrastructure/persistence/documentos/ProcesadorDocumentoRepository'
 - ---- fields (total size 3 words):
 - private final 'documentosHistSolicitudesRepository' 'Lbs/experian/orquestador/infrastructure/persistence/documentos/DocumentosSolicitudHistRepository;' @12  a 'jdk/proxy2/$Proxy128'{0x000000070c5373e8} (0xe18a6e7d)
 - private final 'documentosSolicitudesRespository' 'Lbs/experian/orquestador/infrastructure/persistence/documentos/DocumentosSolicitudRespository;' @16  a 'jdk/proxy2/$Proxy129'{0x000000070c4efa60} (0xe189df4c)
 - private final 'documentoPendienteCustodiaRepository' 'Lbs/experian/orquestador/infrastructure/persistence/documentos/DocumentoPendienteCustodiaRepository;' @20  a 'jdk/proxy2/$Proxy130'{0x000000070c57da48} (0xe18afb49)
stack at sp + 2 slots: 0x000000f8e36fdcd0 is pointing into the stack for thread: 0x000002f180256530
stack at sp + 3 slots: 0x000002f1b87290cb is pointing into metadata
stack at sp + 4 slots: 0x0000000000000005 is an unknown value
stack at sp + 5 slots: 0x000002f1b80b0d70 is pointing into metadata
stack at sp + 6 slots: 0x000000070cc6c048 is an oop: bs.experian.orquestador.application.model.evento.EventoDto 
{0x000000070cc6c048} - klass: 'bs/experian/orquestador/application/model/evento/EventoDto'
 - ---- fields (total size 4 words):
 - private 'queryId' 'Ljava/lang/String;' @12  "9368f21b-39c2-4098-a463-9b6f8e8e1485"{0x000000070cde8b38} (0xe19bd167)
 - private 'notificationId' 'Ljava/lang/String;' @16  "11111111-aaaa-bbbb-cccc-222222222263"{0x000000070cde8b88} (0xe19bd171)
 - private 'eventType' 'Ljava/lang/String;' @20  "CustodiaDocumento"{0x000000070cde8bd8} (0xe19bd17b)
 - private 'eventData' 'Lbs/experian/orquestador/application/model/evento/PayLoadDto;' @24  a 'bs/experian/orquestador/application/model/evento/PayLoadDto'{0x000000070cde8c18} (0xe19bd183)
stack at sp + 7 slots: 0x000000070acfbd50 is an oop: java.lang.Class 
{0x000000070acfbd50} - klass: 'java/lang/Class'
 - ---- fields (total size 14 words):
 - private volatile transient 'classRedefinedCount' 'I' @12  0 (0x00000000)
 - injected 'klass' 'J' @16  3237198104888 (0x000002f1b80b0938)
 - injected 'array_klass' 'J' @24  0 (0x0000000000000000)
 - injected 'oop_size' 'I' @32  14 (0x0000000e)
 - injected 'static_oop_field_count' 'I' @36  0 (0x00000000)
 - private volatile transient 'cachedConstructor' 'Ljava/lang/reflect/Constructor;' @40  null (0x00000000)
 - private transient 'name' 'Ljava/lang/String;' @44  null (0x00000000)
 - private transient 'module' 'Ljava/lang/Module;' @48  a 'java/lang/Module'{0x000000070acf12c0} (0xe159e258)
 - private final 'classLoader' 'Ljava/lang/ClassLoader;' @52  null (0x00000000)
 - private transient 'classData' 'Ljava/lang/Object;' @56  null (0x00000000)
 - private transient 'packageName' 'Ljava/lang/String;' @60  null (0x00000000)
 - private final 'componentType' 'Ljava/lang/Class;' @64  null (0x00000000)
 - private volatile transient 'reflectionData' 'Ljava/lang/ref/SoftReference;' @68  null (0x00000000)
 - private volatile transient 'genericInfo' 'Lsun/reflect/generics/repository/ClassRepository;' @72  null (0x00000000)
 - private volatile transient 'enumConstants' '[Ljava/lang/Object;' @76  null (0x00000000)
 - private volatile transient 'enumConstantDirectory' 'Ljava/util/Map;' @80  null (0x00000000)
 - private volatile transient 'annotationData' 'Ljava/lang/Class$AnnotationData;' @84  null (0x00000000)
 - private volatile transient 'annotationType' 'Lsun/reflect/annotation/AnnotationType;' @88  null (0x00000000)
 - transient 'classValueMap' 'Ljava/lang/ClassValue$ClassValueMap;' @92  null (0x00000000)
 - injected 'protection_domain' 'Ljava/lang/Object;' @96  null (0x00000000)
 - injected 'signers_name' 'Ljava/lang/Object;' @100  null (0x00000000)
 - injected 'source_file' 'Ljava/lang/Object;' @104  null (0x00000000)
 - injected '<init_lock>' 'Ljava/lang/Object;' @108  null (0x00000000)
 - signature: Ljava/lang/invoke/DirectMethodHandle$Holder;
 - ---- static fields (0):

MethodHandle::interpreter_entry::_linkToVirtual [0x000002f1abe52ae3, 0x000002f1abe52b4a] (103 bytes)
[MachCode]
  0x000002f1abe52ae3: 6666 660f | 1f84 0000 | 0000 0066 | 0f1f 8400 | 0000 0000 | 660f 1f84 | 0000 0000 | 0048 8b53 
  0x000002f1abe52b03: 080f b752 | 2e48 8b0c | d458 5b50 | 448b 5108 | 49bb 0000 | 00b8 f102 | 0000 4d03 | d34c 8b5b 
  0x000002f1abe52b23: 104b 8b9c | dad0 0100 | 0048 85db | 0f84 1000 | 0000 4180 | bfd8 0500 | 0000 7403 | ff63 38ff 
  0x000002f1abe52b43: 6350 e936 | 
[/MachCode]

---------------  P R O C E S S  ---------------

Threads class SMR info:
_java_thread_list=0x000002f1fd6ff9e0, length=48, elements={
0x000002f1b6ffcbf0, 0x000002f1b6ffe1b0, 0x000002f1b7001d70, 0x000002f1b7002a40,
0x000002f1b700da30, 0x000002f1b700f120, 0x000002f1b7012820, 0x000002f1b73ab870,
0x000002f1b73cd270, 0x000002f1b73cd8f0, 0x000002f1b73daa80, 0x000002f1fd2fe110,
0x000002f1fd520580, 0x000002f1fd536f30, 0x000002f1fd5419f0, 0x000002f1fdc83a20,
0x000002f1fdc8c090, 0x000002f1fdcb5aa0, 0x000002f1fed2f900, 0x000002f1fed2ff90,
0x000002f1fed2e550, 0x000002f1fed30620, 0x000002f1fed30cb0, 0x000002f1fed2dec0,
0x000002f1fed2f270, 0x000002f180251d00, 0x000002f18024fc30, 0x000002f180250950,
0x000002f180252390, 0x000002f1802502c0, 0x000002f180250fe0, 0x000002f180253dd0,
0x000002f180255180, 0x000002f180254460, 0x000002f180253740, 0x000002f180254af0,
0x000002f180255810, 0x000002f180255ea0, 0x000002f180252a20, 0x000002f180257250,
0x000002f180256530, 0x000002f180256bc0, 0x000002f185572840, 0x000002f185573560,
0x000002f185573bf0, 0x000002f185570e00, 0x000002f1855721b0, 0x000002f1fd8314a0
}

Java Threads: ( => current thread )
  0x000002f1b6ffcbf0 JavaThread "Reference Handler"          daemon [_thread_blocked, id=11856, stack(0x000000f8df600000,0x000000f8df700000) (1024K)]
  0x000002f1b6ffe1b0 JavaThread "Finalizer"                  daemon [_thread_blocked, id=17020, stack(0x000000f8df700000,0x000000f8df800000) (1024K)]
  0x000002f1b7001d70 JavaThread "Signal Dispatcher"          daemon [_thread_blocked, id=20572, stack(0x000000f8df800000,0x000000f8df900000) (1024K)]
  0x000002f1b7002a40 JavaThread "Attach Listener"            daemon [_thread_blocked, id=11768, stack(0x000000f8df900000,0x000000f8dfa00000) (1024K)]
  0x000002f1b700da30 JavaThread "Service Thread"             daemon [_thread_blocked, id=12716, stack(0x000000f8dfa00000,0x000000f8dfb00000) (1024K)]
  0x000002f1b700f120 JavaThread "Monitor Deflation Thread"   daemon [_thread_blocked, id=1420, stack(0x000000f8dfb00000,0x000000f8dfc00000) (1024K)]
  0x000002f1b7012820 JavaThread "C1 CompilerThread0"         daemon [_thread_blocked, id=17104, stack(0x000000f8dfc00000,0x000000f8dfd00000) (1024K)]
  0x000002f1b73ab870 JavaThread "JDWP Transport Listener: dt_socket" daemon [_thread_blocked, id=14636, stack(0x000000f8e0000000,0x000000f8e0100000) (1024K)]
  0x000002f1b73cd270 JavaThread "JDWP Event Helper Thread"   daemon [_thread_blocked, id=12652, stack(0x000000f8e0100000,0x000000f8e0200000) (1024K)]
  0x000002f1b73cd8f0 JavaThread "JDWP Command Reader"        daemon [_thread_in_native, id=11176, stack(0x000000f8e0200000,0x000000f8e0300000) (1024K)]
  0x000002f1b73daa80 JavaThread "Common-Cleaner"             daemon [_thread_blocked, id=20964, stack(0x000000f8e0300000,0x000000f8e0400000) (1024K)]
  0x000002f1fd2fe110 JavaThread "Notification Thread"        daemon [_thread_blocked, id=6844, stack(0x000000f8e0400000,0x000000f8e0500000) (1024K)]
  0x000002f1fd520580 JavaThread "RMI TCP Accept-0"           daemon [_thread_in_native, id=6660, stack(0x000000f8e0c00000,0x000000f8e0d00000) (1024K)]
  0x000002f1fd536f30 JavaThread "RMI TCP Accept-63024"       daemon [_thread_in_native, id=20608, stack(0x000000f8e0d00000,0x000000f8e0e00000) (1024K)]
  0x000002f1fd5419f0 JavaThread "RMI TCP Accept-0"           daemon [_thread_in_native, id=28148, stack(0x000000f8e0e00000,0x000000f8e0f00000) (1024K)]
  0x000002f1fdc83a20 JavaThread "RMI Scheduler(0)"           daemon [_thread_blocked, id=7464, stack(0x000000f8e1500000,0x000000f8e1600000) (1024K)]
  0x000002f1fdc8c090 JavaThread "RMI TCP Connection(27)-127.0.0.1" daemon [_thread_in_native, id=19172, stack(0x000000f8e1600000,0x000000f8e1700000) (1024K)]
  0x000002f1fdcb5aa0 JavaThread "JMX server connection timeout 51" daemon [_thread_blocked, id=6348, stack(0x000000f8e1700000,0x000000f8e1800000) (1024K)]
  0x000002f1fed2f900 JavaThread "Catalina-utility-1"                [_thread_blocked, id=7396, stack(0x000000f8e1800000,0x000000f8e1900000) (1024K)]
  0x000002f1fed2ff90 JavaThread "Catalina-utility-2"                [_thread_blocked, id=29760, stack(0x000000f8e1e00000,0x000000f8e1f00000) (1024K)]
  0x000002f1fed2e550 JavaThread "container-0"                       [_thread_blocked, id=15376, stack(0x000000f8e1f00000,0x000000f8e2000000) (1024K)]
  0x000002f1fed30620 JavaThread "oracle.jdbc.diagnostics.Diagnostic.CLOCK" daemon [_thread_blocked, id=12260, stack(0x000000f8e2000000,0x000000f8e2100000) (1024K)]
  0x000002f1fed30cb0 JavaThread "oracle.jdbc.driver.BlockSource.ThreadedCachingBlockSource.BlockReleaser" daemon [_thread_blocked, id=20680, stack(0x000000f8e2100000,0x000000f8e2200000) (1024K)]
  0x000002f1fed2dec0 JavaThread "InterruptTimer"             daemon [_thread_blocked, id=14428, stack(0x000000f8e2300000,0x000000f8e2400000) (1024K)]
  0x000002f1fed2f270 JavaThread "HikariPool-1:housekeeper"   daemon [_thread_blocked, id=20112, stack(0x000000f8e2500000,0x000000f8e2600000) (1024K)]
  0x000002f180251d00 JavaThread "http-nio-6000-exec-1"       daemon [_thread_blocked, id=28344, stack(0x000000f8e2700000,0x000000f8e2800000) (1024K)]
  0x000002f18024fc30 JavaThread "http-nio-6000-exec-2"       daemon [_thread_blocked, id=28264, stack(0x000000f8e2800000,0x000000f8e2900000) (1024K)]
  0x000002f180250950 JavaThread "http-nio-6000-exec-3"       daemon [_thread_blocked, id=2052, stack(0x000000f8e2900000,0x000000f8e2a00000) (1024K)]
  0x000002f180252390 JavaThread "http-nio-6000-exec-4"       daemon [_thread_blocked, id=3876, stack(0x000000f8e2a00000,0x000000f8e2b00000) (1024K)]
  0x000002f1802502c0 JavaThread "http-nio-6000-exec-5"       daemon [_thread_blocked, id=27156, stack(0x000000f8e2b00000,0x000000f8e2c00000) (1024K)]
  0x000002f180250fe0 JavaThread "http-nio-6000-exec-6"       daemon [_thread_blocked, id=13964, stack(0x000000f8e2c00000,0x000000f8e2d00000) (1024K)]
  0x000002f180253dd0 JavaThread "http-nio-6000-exec-7"       daemon [_thread_blocked, id=12548, stack(0x000000f8e2d00000,0x000000f8e2e00000) (1024K)]
  0x000002f180255180 JavaThread "http-nio-6000-exec-8"       daemon [_thread_blocked, id=24976, stack(0x000000f8e2e00000,0x000000f8e2f00000) (1024K)]
  0x000002f180254460 JavaThread "http-nio-6000-exec-9"       daemon [_thread_blocked, id=23888, stack(0x000000f8e2f00000,0x000000f8e3000000) (1024K)]
  0x000002f180253740 JavaThread "http-nio-6000-exec-10"      daemon [_thread_blocked, id=21904, stack(0x000000f8e3000000,0x000000f8e3100000) (1024K)]
  0x000002f180254af0 JavaThread "http-nio-6000-Poller"       daemon [_thread_in_native, id=30244, stack(0x000000f8e3100000,0x000000f8e3200000) (1024K)]
  0x000002f180255810 JavaThread "http-nio-6000-Acceptor"     daemon [_thread_in_native, id=9028, stack(0x000000f8e3200000,0x000000f8e3300000) (1024K)]
  0x000002f180255ea0 JavaThread "ThreadPoolTaskScheduler-1"         [_thread_blocked, id=29504, stack(0x000000f8e3300000,0x000000f8e3400000) (1024K)]
  0x000002f180252a20 JavaThread "org.springframework.kafka.KafkaListenerEndpointContainer#0-dlt-0-C-1"        [_thread_in_native, id=22376, stack(0x000000f8e3400000,0x000000f8e3500000) (1024K)]
  0x000002f180257250 JavaThread "ThreadPoolTaskScheduler-1"         [_thread_blocked, id=9992, stack(0x000000f8e3500000,0x000000f8e3600000) (1024K)]
=>0x000002f180256530 JavaThread "org.springframework.kafka.KafkaListenerEndpointContainer#0-0-C-1"        [_thread_in_Java, id=23120, stack(0x000000f8e3600000,0x000000f8e3700000) (1024K)]
  0x000002f180256bc0 JavaThread "ThreadPoolTaskScheduler-1"         [_thread_blocked, id=21336, stack(0x000000f8e3700000,0x000000f8e3800000) (1024K)]
  0x000002f185572840 JavaThread "org.springframework.kafka.KafkaListenerEndpointContainer#0-retry-0-C-1"        [_thread_in_native, id=9076, stack(0x000000f8e3800000,0x000000f8e3900000) (1024K)]
  0x000002f185573560 JavaThread "kafka-coordinator-heartbeat-thread | orquestador-experian" daemon [_thread_blocked, id=21792, stack(0x000000f8e3900000,0x000000f8e3a00000) (1024K)]
  0x000002f185573bf0 JavaThread "kafka-coordinator-heartbeat-thread | orquestador-experian-dlt" daemon [_thread_blocked, id=7520, stack(0x000000f8e3a00000,0x000000f8e3b00000) (1024K)]
  0x000002f185570e00 JavaThread "kafka-coordinator-heartbeat-thread | orquestador-experian-retry" daemon [_thread_blocked, id=25536, stack(0x000000f8e3b00000,0x000000f8e3c00000) (1024K)]
  0x000002f1855721b0 JavaThread "DestroyJavaVM"                     [_thread_blocked, id=24332, stack(0x000000f8dee00000,0x000000f8def00000) (1024K)]
  0x000002f1fd8314a0 JavaThread "kafka-producer-network-thread | experian-orquestador-producer-1" daemon [_thread_in_native, id=3160, stack(0x000000f8dec00000,0x000000f8ded00000) (1024K)]
Total: 48

Other Threads:
  0x000002f1b6fde670 VMThread "VM Thread"                           [id=24176, stack(0x000000f8df500000,0x000000f8df600000) (1024K)]
  0x000002f1b6fcc100 WatcherThread "VM Periodic Task Thread"        [id=22896, stack(0x000000f8df400000,0x000000f8df500000) (1024K)]
  0x000002f1a37828b0 WorkerThread "GC Thread#0"                     [id=25884, stack(0x000000f8def00000,0x000000f8df000000) (1024K)]
  0x000002f1fd4c43b0 WorkerThread "GC Thread#1"                     [id=21560, stack(0x000000f8e0500000,0x000000f8e0600000) (1024K)]
  0x000002f1fd4c4750 WorkerThread "GC Thread#2"                     [id=24212, stack(0x000000f8e0600000,0x000000f8e0700000) (1024K)]
  0x000002f1fd4c6b00 WorkerThread "GC Thread#3"                     [id=20400, stack(0x000000f8e0700000,0x000000f8e0800000) (1024K)]
  0x000002f1fd4c92b0 WorkerThread "GC Thread#4"                     [id=30492, stack(0x000000f8e0800000,0x000000f8e0900000) (1024K)]
  0x000002f1fd4fa6b0 WorkerThread "GC Thread#5"                     [id=7780, stack(0x000000f8e0900000,0x000000f8e0a00000) (1024K)]
  0x000002f1fd4faa50 WorkerThread "GC Thread#6"                     [id=21088, stack(0x000000f8e0a00000,0x000000f8e0b00000) (1024K)]
  0x000002f1fd4fb600 WorkerThread "GC Thread#7"                     [id=16112, stack(0x000000f8e0b00000,0x000000f8e0c00000) (1024K)]
  0x000002f1fd9ed800 WorkerThread "GC Thread#8"                     [id=30100, stack(0x000000f8e0f00000,0x000000f8e1000000) (1024K)]
  0x000002f1fd9ec980 WorkerThread "GC Thread#9"                     [id=21356, stack(0x000000f8e1000000,0x000000f8e1100000) (1024K)]
  0x000002f1fd9ecd20 WorkerThread "GC Thread#10"                    [id=26292, stack(0x000000f8e1100000,0x000000f8e1200000) (1024K)]
  0x000002f1fd9ed460 WorkerThread "GC Thread#11"                    [id=1664, stack(0x000000f8e1200000,0x000000f8e1300000) (1024K)]
  0x000002f1fd9edf40 WorkerThread "GC Thread#12"                    [id=13588, stack(0x000000f8e1300000,0x000000f8e1400000) (1024K)]
  0x000002f1a3793ca0 ConcurrentGCThread "G1 Main Marker"            [id=12148, stack(0x000000f8df000000,0x000000f8df100000) (1024K)]
  0x000002f1a3794e50 WorkerThread "G1 Conc#0"                       [id=29988, stack(0x000000f8df100000,0x000000f8df200000) (1024K)]
  0x000002f1fe125da0 WorkerThread "G1 Conc#1"                       [id=5192, stack(0x000000f8e1900000,0x000000f8e1a00000) (1024K)]
  0x000002f1fe126140 WorkerThread "G1 Conc#2"                       [id=14280, stack(0x000000f8e1a00000,0x000000f8e1b00000) (1024K)]
  0x000002f1b6e9d4e0 ConcurrentGCThread "G1 Refine#0"               [id=27540, stack(0x000000f8df200000,0x000000f8df300000) (1024K)]
  0x000002f1b6e9ed10 ConcurrentGCThread "G1 Service"                [id=21516, stack(0x000000f8df300000,0x000000f8df400000) (1024K)]
Total: 21

Threads with active compile tasks:
Total: 0

VM state: not at safepoint (normal execution)

VM Mutex/Monitor currently owned by a thread: None

Heap address: 0x0000000709800000, size: 3944 MB, Compressed Oops mode: Zero based, Oop shift amount: 3

CDS archive(s) mapped at: [0x000002f1b8000000-0x000002f1b8c80000-0x000002f1b8c80000), size 13107200, SharedBaseAddress: 0x000002f1b8000000, ArchiveRelocationMode: 1.
Compressed class space mapped at: 0x000002f1b9000000-0x000002f1f9000000, reserved size: 1073741824
Narrow klass base: 0x000002f1b8000000, Narrow klass shift: 0, Narrow klass range: 0x100000000

GC Precious Log:
 CardTable entry size: 512
 Card Set container configuration: InlinePtr #cards 4 size 8 Array Of Cards #cards 16 size 48 Howl #buckets 8 coarsen threshold 3686 Howl Bitmap #cards 512 size 80 coarsen threshold 460 Card regions per heap region 1 cards per card region 4096
 CPUs: 16 total, 16 available
 Memory: 15772M
 Large Page Support: Disabled
 NUMA Support: Disabled
 Compressed Oops: Enabled (Zero based)
 Heap Region Size: 2M
 Heap Min Capacity: 8M
 Heap Initial Capacity: 248M
 Heap Max Capacity: 3944M
 Pre-touch: Disabled
 Parallel Workers: 13
 Concurrent Workers: 3
 Concurrent Refinement Workers: 13
 Periodic GC: Disabled

Heap:
 garbage-first heap   total 112640K, used 48052K [0x0000000709800000, 0x0000000800000000)
  region size 2048K, 7 young (14336K), 2 survivors (4096K)
 Metaspace       used 100804K, committed 101568K, reserved 1179648K
  class space    used 14012K, committed 14336K, reserved 1048576K

Heap Regions: E=young(eden), S=young(survivor), O=old, HS=humongous(starts), HC=humongous(continues), CS=collection set, F=free, TAMS=top-at-mark-start, PB=parsable bottom
|   0|0x0000000709800000, 0x0000000709a00000, 0x0000000709a00000|100%| O|  |TAMS 0x0000000709800000| PB 0x0000000709800000| Untracked 
|   1|0x0000000709a00000, 0x0000000709c00000, 0x0000000709c00000|100%| O|  |TAMS 0x0000000709a00000| PB 0x0000000709a00000| Untracked 
|   2|0x0000000709c00000, 0x0000000709e00000, 0x0000000709e00000|100%| O|  |TAMS 0x0000000709c00000| PB 0x0000000709c00000| Untracked 
|   3|0x0000000709e00000, 0x0000000709e00000, 0x000000070a000000|  0%| F|  |TAMS 0x0000000709e00000| PB 0x0000000709e00000| Untracked 
|   4|0x000000070a000000, 0x000000070a200000, 0x000000070a200000|100%| O|  |TAMS 0x000000070a000000| PB 0x000000070a000000| Untracked 
|   5|0x000000070a200000, 0x000000070a400000, 0x000000070a400000|100%| O|  |TAMS 0x000000070a200000| PB 0x000000070a200000| Untracked 
|   6|0x000000070a400000, 0x000000070a600000, 0x000000070a600000|100%| O|  |TAMS 0x000000070a400000| PB 0x000000070a400000| Untracked 
|   7|0x000000070a600000, 0x000000070a800000, 0x000000070a800000|100%| O|  |TAMS 0x000000070a600000| PB 0x000000070a600000| Untracked 
|   8|0x000000070a800000, 0x000000070aa00000, 0x000000070aa00000|100%| O|  |TAMS 0x000000070a800000| PB 0x000000070a800000| Untracked 
|   9|0x000000070aa00000, 0x000000070ac00000, 0x000000070ac00000|100%| O|  |TAMS 0x000000070aa00000| PB 0x000000070aa00000| Untracked 
|  10|0x000000070ac00000, 0x000000070ae00000, 0x000000070ae00000|100%| O|  |TAMS 0x000000070ac00000| PB 0x000000070ac00000| Untracked 
|  11|0x000000070ae00000, 0x000000070b000000, 0x000000070b000000|100%| O|  |TAMS 0x000000070ae00000| PB 0x000000070ae00000| Untracked 
|  12|0x000000070b000000, 0x000000070b200000, 0x000000070b200000|100%| O|  |TAMS 0x000000070b000000| PB 0x000000070b000000| Untracked 
|  13|0x000000070b200000, 0x000000070b400000, 0x000000070b400000|100%| O|  |TAMS 0x000000070b200000| PB 0x000000070b200000| Untracked 
|  14|0x000000070b400000, 0x000000070b600000, 0x000000070b600000|100%| O|  |TAMS 0x000000070b400000| PB 0x000000070b400000| Untracked 
|  15|0x000000070b600000, 0x000000070b800000, 0x000000070b800000|100%| O|  |TAMS 0x000000070b600000| PB 0x000000070b600000| Untracked 
|  16|0x000000070b800000, 0x000000070b800000, 0x000000070ba00000|  0%| F|  |TAMS 0x000000070b800000| PB 0x000000070b800000| Untracked 
|  17|0x000000070ba00000, 0x000000070ba00000, 0x000000070bc00000|  0%| F|  |TAMS 0x000000070ba00000| PB 0x000000070ba00000| Untracked 
|  18|0x000000070bc00000, 0x000000070bc00000, 0x000000070be00000|  0%| F|  |TAMS 0x000000070bc00000| PB 0x000000070bc00000| Untracked 
|  19|0x000000070be00000, 0x000000070be00000, 0x000000070c000000|  0%| F|  |TAMS 0x000000070be00000| PB 0x000000070be00000| Untracked 
|  20|0x000000070c000000, 0x000000070c200000, 0x000000070c200000|100%| O|  |TAMS 0x000000070c000000| PB 0x000000070c000000| Untracked 
|  21|0x000000070c200000, 0x000000070c200000, 0x000000070c400000|  0%| F|  |TAMS 0x000000070c200000| PB 0x000000070c200000| Untracked 
|  22|0x000000070c400000, 0x000000070c600000, 0x000000070c600000|100%| O|  |TAMS 0x000000070c400000| PB 0x000000070c400000| Untracked 
|  23|0x000000070c600000, 0x000000070c7e30b0, 0x000000070c800000| 94%| S|CS|TAMS 0x000000070c600000| PB 0x000000070c600000| Complete 
|  24|0x000000070c800000, 0x000000070c800000, 0x000000070ca00000|  0%| F|  |TAMS 0x000000070c800000| PB 0x000000070c800000| Untracked 
|  25|0x000000070ca00000, 0x000000070ca00000, 0x000000070cc00000|  0%| F|  |TAMS 0x000000070ca00000| PB 0x000000070ca00000| Untracked 
|  26|0x000000070cc00000, 0x000000070ce00000, 0x000000070ce00000|100%| S|CS|TAMS 0x000000070cc00000| PB 0x000000070cc00000| Complete 
|  27|0x000000070ce00000, 0x000000070ce00000, 0x000000070d000000|  0%| F|  |TAMS 0x000000070ce00000| PB 0x000000070ce00000| Untracked 
|  28|0x000000070d000000, 0x000000070d000000, 0x000000070d200000|  0%| F|  |TAMS 0x000000070d000000| PB 0x000000070d000000| Untracked 
|  29|0x000000070d200000, 0x000000070d200000, 0x000000070d400000|  0%| F|  |TAMS 0x000000070d200000| PB 0x000000070d200000| Untracked 
|  30|0x000000070d400000, 0x000000070d400000, 0x000000070d600000|  0%| F|  |TAMS 0x000000070d400000| PB 0x000000070d400000| Untracked 
|  31|0x000000070d600000, 0x000000070d600000, 0x000000070d800000|  0%| F|  |TAMS 0x000000070d600000| PB 0x000000070d600000| Untracked 
|  32|0x000000070d800000, 0x000000070d800000, 0x000000070da00000|  0%| F|  |TAMS 0x000000070d800000| PB 0x000000070d800000| Untracked 
|  33|0x000000070da00000, 0x000000070da00000, 0x000000070dc00000|  0%| F|  |TAMS 0x000000070da00000| PB 0x000000070da00000| Untracked 
|  34|0x000000070dc00000, 0x000000070dc00000, 0x000000070de00000|  0%| F|  |TAMS 0x000000070dc00000| PB 0x000000070dc00000| Untracked 
|  35|0x000000070de00000, 0x000000070de00000, 0x000000070e000000|  0%| F|  |TAMS 0x000000070de00000| PB 0x000000070de00000| Untracked 
|  36|0x000000070e000000, 0x000000070e000000, 0x000000070e200000|  0%| F|  |TAMS 0x000000070e000000| PB 0x000000070e000000| Untracked 
|  37|0x000000070e200000, 0x000000070e200000, 0x000000070e400000|  0%| F|  |TAMS 0x000000070e200000| PB 0x000000070e200000| Untracked 
|  38|0x000000070e400000, 0x000000070e400000, 0x000000070e600000|  0%| F|  |TAMS 0x000000070e400000| PB 0x000000070e400000| Untracked 
|  39|0x000000070e600000, 0x000000070e600000, 0x000000070e800000|  0%| F|  |TAMS 0x000000070e600000| PB 0x000000070e600000| Untracked 
|  40|0x000000070e800000, 0x000000070e800000, 0x000000070ea00000|  0%| F|  |TAMS 0x000000070e800000| PB 0x000000070e800000| Untracked 
|  41|0x000000070ea00000, 0x000000070ea00000, 0x000000070ec00000|  0%| F|  |TAMS 0x000000070ea00000| PB 0x000000070ea00000| Untracked 
|  42|0x000000070ec00000, 0x000000070ec00000, 0x000000070ee00000|  0%| F|  |TAMS 0x000000070ec00000| PB 0x000000070ec00000| Untracked 
|  43|0x000000070ee00000, 0x000000070ee00000, 0x000000070f000000|  0%| F|  |TAMS 0x000000070ee00000| PB 0x000000070ee00000| Untracked 
|  44|0x000000070f000000, 0x000000070f000000, 0x000000070f200000|  0%| F|  |TAMS 0x000000070f000000| PB 0x000000070f000000| Untracked 
|  45|0x000000070f200000, 0x000000070f200000, 0x000000070f400000|  0%| F|  |TAMS 0x000000070f200000| PB 0x000000070f200000| Untracked 
|  46|0x000000070f400000, 0x000000070f400000, 0x000000070f600000|  0%| F|  |TAMS 0x000000070f400000| PB 0x000000070f400000| Untracked 
|  47|0x000000070f600000, 0x000000070f600000, 0x000000070f800000|  0%| F|  |TAMS 0x000000070f600000| PB 0x000000070f600000| Untracked 
|  48|0x000000070f800000, 0x000000070f800000, 0x000000070fa00000|  0%| F|  |TAMS 0x000000070f800000| PB 0x000000070f800000| Untracked 
|  49|0x000000070fa00000, 0x000000070faac958, 0x000000070fc00000| 33%| E|  |TAMS 0x000000070fa00000| PB 0x000000070fa00000| Complete 
|  50|0x000000070fc00000, 0x000000070fe00000, 0x000000070fe00000|100%| E|CS|TAMS 0x000000070fc00000| PB 0x000000070fc00000| Complete 
|  98|0x0000000715c00000, 0x0000000715e00000, 0x0000000715e00000|100%| E|CS|TAMS 0x0000000715c00000| PB 0x0000000715c00000| Complete 
|  99|0x0000000715e00000, 0x0000000716000000, 0x0000000716000000|100%| E|CS|TAMS 0x0000000715e00000| PB 0x0000000715e00000| Complete 
| 123|0x0000000718e00000, 0x0000000719000000, 0x0000000719000000|100%| E|CS|TAMS 0x0000000718e00000| PB 0x0000000718e00000| Complete 
|1971|0x00000007ffe00000, 0x00000007fff0a100, 0x0000000800000000| 51%| O|  |TAMS 0x00000007ffe00000| PB 0x00000007ffe00000| Untracked 

Card table byte_map: [0x000002f1afc50000,0x000002f1b0410000] _byte_map_base: 0x000002f1ac404000

Marking Bits: (CMBitMap*) 0x000002f1a3782ec0
 Bits: [0x000002f1b0410000, 0x000002f1b41b0000)

Polling page: 0x000002f1a1510000

Metaspace:

Usage:
  Non-class:     84.76 MB used.
      Class:     13.68 MB used.
       Both:     98.44 MB used.

Virtual space:
  Non-class space:      128.00 MB reserved,      85.19 MB ( 67%) committed,  2 nodes.
      Class space:        1.00 GB reserved,      14.00 MB (  1%) committed,  1 nodes.
             Both:        1.12 GB reserved,      99.19 MB (  9%) committed. 

Chunk freelists:
   Non-Class:  10.41 MB
       Class:  1.96 MB
        Both:  12.37 MB

MaxMetaspaceSize: unlimited
CompressedClassSpaceSize: 1.00 GB
Initial GC threshold: 21.00 MB
Current GC threshold: 163.88 MB
CDS: on
 - commit_granule_bytes: 65536.
 - commit_granule_words: 8192.
 - virtual_space_node_default_size: 8388608.
 - enlarge_chunks_in_place: 1.
 - use_allocation_guard: 0.


Internal statistics:

num_allocs_failed_limit: 12.
num_arena_births: 1460.
num_arena_deaths: 486.
num_vsnodes_births: 3.
num_vsnodes_deaths: 0.
num_space_committed: 1587.
num_space_uncommitted: 0.
num_chunks_returned_to_freelist: 557.
num_chunks_taken_from_freelist: 5307.
num_chunk_merges: 162.
num_chunk_splits: 3735.
num_chunks_enlarged: 3012.
num_inconsistent_stats: 0.

CodeCache: size=49152Kb used=15112Kb max_used=16822Kb free=34039Kb
 bounds [0x000002f1abe20000, 0x000002f1acea0000, 0x000002f1aee20000]
 total_blobs=8775, nmethods=7866, adapters=832, full_count=0
Compilation: enabled, stopped_count=0, restarted_count=0

Compilation events (20 events):
Event: 895.032 Thread 0x000002f1b7012820 9146       1       oracle.net.ns.Communication::getConnectedSessionAttributes (31 bytes)
Event: 895.033 Thread 0x000002f1b7012820 nmethod 9146 0x000002f1ac008410 code [0x000002f1ac0085c0, 0x000002f1ac008798]
Event: 895.033 Thread 0x000002f1b7012820 9147       1       oracle.net.nt.TcpNTAdapter::restoreBlockingMode (29 bytes)
Event: 895.033 Thread 0x000002f1b7012820 nmethod 9147 0x000002f1ac007f90 code [0x000002f1ac008140, 0x000002f1ac0082c0]
Event: 901.137 Thread 0x000002f1b7012820 9148       1       java.net.InetSocketAddress$InetSocketAddressHolder::getPort (5 bytes)
Event: 901.137 Thread 0x000002f1b7012820 nmethod 9148 0x000002f1ac007c90 code [0x000002f1ac007e20, 0x000002f1ac007ee8]
Event: 906.619 Thread 0x000002f1b7012820 9149       1       java.io.ObjectOutputStream::writeLong (9 bytes)
Event: 906.619 Thread 0x000002f1b7012820 nmethod 9149 0x000002f1ac007910 code [0x000002f1ac007ac0, 0x000002f1ac007bc8]
Event: 906.619 Thread 0x000002f1b7012820 9150       1       java.io.ObjectOutputStream$BlockDataOutputStream::writeLong (48 bytes)
Event: 906.620 Thread 0x000002f1b7012820 nmethod 9150 0x000002f1ac007090 code [0x000002f1ac007260, 0x000002f1ac007548]
Event: 990.416 Thread 0x000002f1b7012820 9151       1       org.apache.kafka.common.utils.CopyOnWriteMap::size (10 bytes)
Event: 990.417 Thread 0x000002f1b7012820 nmethod 9151 0x000002f1ac006d10 code [0x000002f1ac006ec0, 0x000002f1ac006fc0]
Event: 1015.763 Thread 0x000002f1b7012820 9152       1       java.lang.String::valueOf (5 bytes)
Event: 1015.763 Thread 0x000002f1b7012820 nmethod 9152 0x000002f1ac006a10 code [0x000002f1ac006bc0, 0x000002f1ac006c88]
Event: 1020.419 Thread 0x000002f1b7012820 9153       1       org.apache.kafka.common.protocol.ByteBufferAccessor::readLong (8 bytes)
Event: 1020.419 Thread 0x000002f1b7012820 nmethod 9153 0x000002f1ac006690 code [0x000002f1ac006840, 0x000002f1ac006940]
Event: 1020.419 Thread 0x000002f1b7012820 9154       1       java.nio.HeapByteBuffer::getLong (30 bytes)
Event: 1020.419 Thread 0x000002f1b7012820 nmethod 9154 0x000002f1ac005d90 code [0x000002f1ac005fa0, 0x000002f1ac006388]
Event: 1061.289 Thread 0x000002f1b7012820 9155       1       org.apache.kafka.common.requests.AbstractRequest$Builder::<init> (15 bytes)
Event: 1061.290 Thread 0x000002f1b7012820 nmethod 9155 0x000002f1ac005990 code [0x000002f1ac005b20, 0x000002f1ac005ca0]

GC Heap History (20 events):
Event: 5.082 GC heap before
{Heap before GC invocations=21 (full 0):
 garbage-first heap   total 110592K, used 90501K [0x0000000709800000, 0x0000000800000000)
  region size 2048K, 32 young (65536K), 3 survivors (6144K)
 Metaspace       used 76899K, committed 77632K, reserved 1179648K
  class space    used 10913K, committed 11200K, reserved 1048576K
}
Event: 5.085 GC heap after
{Heap after GC invocations=22 (full 0):
 garbage-first heap   total 110592K, used 33560K [0x0000000709800000, 0x0000000800000000)
  region size 2048K, 4 young (8192K), 4 survivors (8192K)
 Metaspace       used 76899K, committed 77632K, reserved 1179648K
  class space    used 10913K, committed 11200K, reserved 1048576K
}
Event: 5.477 GC heap before
{Heap before GC invocations=22 (full 0):
 garbage-first heap   total 110592K, used 90904K [0x0000000709800000, 0x0000000800000000)
  region size 2048K, 32 young (65536K), 4 survivors (8192K)
 Metaspace       used 81707K, committed 82496K, reserved 1179648K
  class space    used 11551K, committed 11904K, reserved 1048576K
}
Event: 5.480 GC heap after
{Heap after GC invocations=23 (full 0):
 garbage-first heap   total 110592K, used 35455K [0x0000000709800000, 0x0000000800000000)
  region size 2048K, 3 young (6144K), 3 survivors (6144K)
 Metaspace       used 81707K, committed 82496K, reserved 1179648K
  class space    used 11551K, committed 11904K, reserved 1048576K
}
Event: 5.898 GC heap before
{Heap before GC invocations=23 (full 0):
 garbage-first heap   total 110592K, used 94847K [0x0000000709800000, 0x0000000800000000)
  region size 2048K, 32 young (65536K), 3 survivors (6144K)
 Metaspace       used 85911K, committed 86784K, reserved 1179648K
  class space    used 12219K, committed 12608K, reserved 1048576K
}
Event: 5.902 GC heap after
{Heap after GC invocations=24 (full 0):
 garbage-first heap   total 110592K, used 39222K [0x0000000709800000, 0x0000000800000000)
  region size 2048K, 3 young (6144K), 3 survivors (6144K)
 Metaspace       used 85911K, committed 86784K, reserved 1179648K
  class space    used 12219K, committed 12608K, reserved 1048576K
}
Event: 6.146 GC heap before
{Heap before GC invocations=24 (full 0):
 garbage-first heap   total 110592K, used 96566K [0x0000000709800000, 0x0000000800000000)
  region size 2048K, 32 young (65536K), 3 survivors (6144K)
 Metaspace       used 91699K, committed 92480K, reserved 1179648K
  class space    used 12648K, committed 12992K, reserved 1048576K
}
Event: 6.149 GC heap after
{Heap after GC invocations=25 (full 0):
 garbage-first heap   total 110592K, used 40435K [0x0000000709800000, 0x0000000800000000)
  region size 2048K, 3 young (6144K), 3 survivors (6144K)
 Metaspace       used 91699K, committed 92480K, reserved 1179648K
  class space    used 12648K, committed 12992K, reserved 1048576K
}
Event: 6.170 GC heap before
{Heap before GC invocations=25 (full 0):
 garbage-first heap   total 110592K, used 44531K [0x0000000709800000, 0x0000000800000000)
  region size 2048K, 6 young (12288K), 3 survivors (6144K)
 Metaspace       used 92262K, committed 93056K, reserved 1179648K
  class space    used 12684K, committed 13056K, reserved 1048576K
}
Event: 6.173 GC heap after
{Heap after GC invocations=26 (full 0):
 garbage-first heap   total 110592K, used 41185K [0x0000000709800000, 0x0000000800000000)
  region size 2048K, 1 young (2048K), 1 survivors (2048K)
 Metaspace       used 92262K, committed 93056K, reserved 1179648K
  class space    used 12684K, committed 13056K, reserved 1048576K
}
Event: 6.484 GC heap before
{Heap before GC invocations=27 (full 0):
 garbage-first heap   total 110592K, used 100577K [0x0000000709800000, 0x0000000800000000)
  region size 2048K, 30 young (61440K), 1 survivors (2048K)
 Metaspace       used 96141K, committed 96960K, reserved 1179648K
  class space    used 13266K, committed 13632K, reserved 1048576K
}
Event: 6.487 GC heap after
{Heap after GC invocations=28 (full 0):
 garbage-first heap   total 110592K, used 41941K [0x0000000709800000, 0x0000000800000000)
  region size 2048K, 2 young (4096K), 2 survivors (4096K)
 Metaspace       used 96141K, committed 96960K, reserved 1179648K
  class space    used 13266K, committed 13632K, reserved 1048576K
}
Event: 267.974 GC heap before
{Heap before GC invocations=28 (full 0):
 garbage-first heap   total 110592K, used 99285K [0x0000000709800000, 0x0000000800000000)
  region size 2048K, 30 young (61440K), 2 survivors (4096K)
 Metaspace       used 97058K, committed 97920K, reserved 1179648K
  class space    used 13480K, committed 13888K, reserved 1048576K
}
Event: 267.979 GC heap after
{Heap after GC invocations=29 (full 0):
 garbage-first heap   total 110592K, used 42745K [0x0000000709800000, 0x0000000800000000)
  region size 2048K, 2 young (4096K), 2 survivors (4096K)
 Metaspace       used 97058K, committed 97920K, reserved 1179648K
  class space    used 13480K, committed 13888K, reserved 1048576K
}
Event: 441.520 GC heap before
{Heap before GC invocations=29 (full 0):
 garbage-first heap   total 110592K, used 98041K [0x0000000709800000, 0x0000000800000000)
  region size 2048K, 30 young (61440K), 2 survivors (4096K)
 Metaspace       used 99773K, committed 100672K, reserved 1179648K
  class space    used 13881K, committed 14272K, reserved 1048576K
}
Event: 441.523 GC heap after
{Heap after GC invocations=30 (full 0):
 garbage-first heap   total 110592K, used 43282K [0x0000000709800000, 0x0000000800000000)
  region size 2048K, 2 young (4096K), 2 survivors (4096K)
 Metaspace       used 99773K, committed 100672K, reserved 1179648K
  class space    used 13881K, committed 14272K, reserved 1048576K
}
Event: 703.411 GC heap before
{Heap before GC invocations=31 (full 0):
 garbage-first heap   total 110592K, used 100626K [0x0000000709800000, 0x0000000800000000)
  region size 2048K, 30 young (61440K), 2 survivors (4096K)
 Metaspace       used 100528K, committed 101248K, reserved 1179648K
  class space    used 13944K, committed 14272K, reserved 1048576K
}
Event: 703.414 GC heap after
{Heap after GC invocations=32 (full 0):
 garbage-first heap   total 110592K, used 44415K [0x0000000709800000, 0x0000000800000000)
  region size 2048K, 3 young (6144K), 3 survivors (6144K)
 Metaspace       used 100528K, committed 101248K, reserved 1179648K
  class space    used 13944K, committed 14272K, reserved 1048576K
}
Event: 1027.734 GC heap before
{Heap before GC invocations=32 (full 0):
 garbage-first heap   total 110592K, used 97663K [0x0000000709800000, 0x0000000800000000)
  region size 2048K, 30 young (61440K), 3 survivors (6144K)
 Metaspace       used 100788K, committed 101568K, reserved 1179648K
  class space    used 14011K, committed 14336K, reserved 1048576K
}
Event: 1027.739 GC heap after
{Heap after GC invocations=33 (full 0):
 garbage-first heap   total 112640K, used 39860K [0x0000000709800000, 0x0000000800000000)
  region size 2048K, 2 young (4096K), 2 survivors (4096K)
 Metaspace       used 100788K, committed 101568K, reserved 1179648K
  class space    used 14011K, committed 14336K, reserved 1048576K
}

Dll operation events (13 events):
Event: 0.007 Loaded shared library C:\Program Files\Amazon Corretto\jdk21.0.9_10\bin\java.dll
Event: 0.199 Loaded shared library C:\Program Files\Amazon Corretto\jdk21.0.9_10\bin\zip.dll
Event: 0.201 Loaded shared library C:\Program Files\Amazon Corretto\jdk21.0.9_10\bin\instrument.dll
Event: 0.206 Loaded shared library C:\Program Files\Amazon Corretto\jdk21.0.9_10\bin\net.dll
Event: 0.206 Loaded shared library C:\Program Files\Amazon Corretto\jdk21.0.9_10\bin\nio.dll
Event: 0.208 Loaded shared library C:\Program Files\Amazon Corretto\jdk21.0.9_10\bin\zip.dll
Event: 0.314 Loaded shared library C:\Program Files\Amazon Corretto\jdk21.0.9_10\bin\jimage.dll
Event: 0.347 Loaded shared library C:\Program Files\Amazon Corretto\jdk21.0.9_10\bin\management.dll
Event: 0.355 Loaded shared library C:\Program Files\Amazon Corretto\jdk21.0.9_10\bin\management_ext.dll
Event: 0.501 Loaded shared library C:\Program Files\Amazon Corretto\jdk21.0.9_10\bin\extnet.dll
Event: 0.516 Loaded shared library C:\Program Files\Amazon Corretto\jdk21.0.9_10\bin\verify.dll
Event: 1.504 Loaded shared library C:\Program Files\Amazon Corretto\jdk21.0.9_10\bin\sunmscapi.dll
Event: 461.380 Loaded shared library C:\Users\rzara\AppData\Local\Temp\snappy-1.1.10-321c152b-a72d-4b0b-93e6-bab1385aa990-snappyjava.dll

Deoptimization events (20 events):
Event: 786.704 Thread 0x000002f180256530 DEOPT PACKING pc=0x000002f1ac93ab74 sp=0x000000f8e36fe9d0
Event: 786.704 Thread 0x000002f180256530 DEOPT UNPACKING pc=0x000002f1abe74bc2 sp=0x000000f8e36fdec0 mode 1
Event: 906.486 Thread 0x000002f185570e00 DEOPT PACKING pc=0x000002f1abfb30cc sp=0x000000f8e3bfef10
Event: 906.486 Thread 0x000002f185573bf0 DEOPT PACKING pc=0x000002f1abfb30cc sp=0x000000f8e3afea30
Event: 906.486 Thread 0x000002f185573bf0 DEOPT UNPACKING pc=0x000002f1abe74bc2 sp=0x000000f8e3afdf68 mode 1
Event: 906.486 Thread 0x000002f185570e00 DEOPT UNPACKING pc=0x000002f1abe74bc2 sp=0x000000f8e3bfe448 mode 1
Event: 906.486 Thread 0x000002f185573bf0 DEOPT PACKING pc=0x000002f1abfb9764 sp=0x000000f8e3afeb30
Event: 906.486 Thread 0x000002f185570e00 DEOPT PACKING pc=0x000002f1abfb9764 sp=0x000000f8e3bff010
Event: 906.486 Thread 0x000002f185573bf0 DEOPT UNPACKING pc=0x000002f1abe74bc2 sp=0x000000f8e3afe108 mode 1
Event: 906.486 Thread 0x000002f185570e00 DEOPT UNPACKING pc=0x000002f1abe74bc2 sp=0x000000f8e3bfe5e8 mode 1
Event: 906.760 Thread 0x000002f185573560 DEOPT PACKING pc=0x000002f1abfb30cc sp=0x000000f8e39fe8d0
Event: 906.760 Thread 0x000002f185573560 DEOPT UNPACKING pc=0x000002f1abe74bc2 sp=0x000000f8e39fde08 mode 1
Event: 906.760 Thread 0x000002f185573560 DEOPT PACKING pc=0x000002f1abfb9764 sp=0x000000f8e39fe9d0
Event: 906.760 Thread 0x000002f185573560 DEOPT UNPACKING pc=0x000002f1abe74bc2 sp=0x000000f8e39fdfa8 mode 1
Event: 1061.289 Thread 0x000002f1fd8314a0 DEOPT PACKING pc=0x000002f1abfb30cc sp=0x000000f8decfeae0
Event: 1061.289 Thread 0x000002f1fd8314a0 DEOPT UNPACKING pc=0x000002f1abe74bc2 sp=0x000000f8decfe018 mode 1
Event: 1061.289 Thread 0x000002f1fd8314a0 DEOPT PACKING pc=0x000002f1abfb9764 sp=0x000000f8decfebe0
Event: 1061.289 Thread 0x000002f1fd8314a0 DEOPT UNPACKING pc=0x000002f1abe74bc2 sp=0x000000f8decfe1b8 mode 1
Event: 1086.574 Thread 0x000002f180256530 DEOPT PACKING pc=0x000002f1ac34a8bc sp=0x000000f8e36fdcc0
Event: 1086.574 Thread 0x000002f180256530 DEOPT UNPACKING pc=0x000002f1abe74bc2 sp=0x000000f8e36fd180 mode 0

Classes loaded (20 events):
Event: 268.023 Loading class org/w3c/dom/Document
Event: 268.023 Loading class org/w3c/dom/Document done
Event: 268.094 Loading class java/util/stream/LongStream
Event: 268.094 Loading class java/util/stream/LongStream done
Event: 268.094 Loading class java/util/stream/DoubleStream
Event: 268.094 Loading class java/util/stream/DoubleStream done
Event: 461.263 Loading class java/util/PriorityQueue
Event: 461.263 Loading class java/util/PriorityQueue done
Event: 461.302 Loading class java/io/FileOutputStream$1
Event: 461.303 Loading class java/io/FileOutputStream$1 done
Event: 546.529 Loading class java/util/ArrayDeque$DescendingIterator
Event: 546.529 Loading class java/util/ArrayDeque$DescendingIterator done
Event: 786.659 Loading class java/io/PrintWriter$1
Event: 786.659 Loading class jdk/internal/access/JavaIOPrintWriterAccess
Event: 786.659 Loading class jdk/internal/access/JavaIOPrintWriterAccess done
Event: 786.659 Loading class java/io/PrintWriter$1 done
Event: 786.659 Loading class java/lang/Throwable$WrappedPrintWriter
Event: 786.659 Loading class java/lang/Throwable$WrappedPrintWriter done
Event: 786.705 Loading class java/time/Instant$1
Event: 786.705 Loading class java/time/Instant$1 done

Classes unloaded (20 events):
Event: 441.538 Thread 0x000002f1b6fde670 Unloading class 0x000002f1b90c0800 'java/lang/invoke/LambdaForm$MH+0x000002f1b90c0800'
Event: 441.538 Thread 0x000002f1b6fde670 Unloading class 0x000002f1b90c0400 'java/lang/invoke/LambdaForm$DMH+0x000002f1b90c0400'
Event: 441.538 Thread 0x000002f1b6fde670 Unloading class 0x000002f1b90c0000 'java/lang/invoke/LambdaForm$DMH+0x000002f1b90c0000'
Event: 441.538 Thread 0x000002f1b6fde670 Unloading class 0x000002f1b900b800 'java/lang/invoke/LambdaForm$MH+0x000002f1b900b800'
Event: 441.538 Thread 0x000002f1b6fde670 Unloading class 0x000002f1b900ac00 'java/lang/invoke/LambdaForm$MH+0x000002f1b900ac00'
Event: 441.538 Thread 0x000002f1b6fde670 Unloading class 0x000002f1b900a800 'java/lang/invoke/LambdaForm$MH+0x000002f1b900a800'
Event: 441.538 Thread 0x000002f1b6fde670 Unloading class 0x000002f1b900a400 'java/lang/invoke/LambdaForm$MH+0x000002f1b900a400'
Event: 441.538 Thread 0x000002f1b6fde670 Unloading class 0x000002f1b9009c00 'java/lang/invoke/LambdaForm$MH+0x000002f1b9009c00'
Event: 441.538 Thread 0x000002f1b6fde670 Unloading class 0x000002f1b9009000 'java/lang/invoke/LambdaForm$MH+0x000002f1b9009000'
Event: 441.538 Thread 0x000002f1b6fde670 Unloading class 0x000002f1b9008000 'java/lang/invoke/LambdaForm$MH+0x000002f1b9008000'
Event: 441.538 Thread 0x000002f1b6fde670 Unloading class 0x000002f1b9007c00 'java/lang/invoke/LambdaForm$MH+0x000002f1b9007c00'
Event: 441.538 Thread 0x000002f1b6fde670 Unloading class 0x000002f1b9007400 'java/lang/invoke/LambdaForm$MH+0x000002f1b9007400'
Event: 441.538 Thread 0x000002f1b6fde670 Unloading class 0x000002f1b9006c00 'java/lang/invoke/LambdaForm$MH+0x000002f1b9006c00'
Event: 441.538 Thread 0x000002f1b6fde670 Unloading class 0x000002f1b9006400 'java/lang/invoke/LambdaForm$MH+0x000002f1b9006400'
Event: 441.538 Thread 0x000002f1b6fde670 Unloading class 0x000002f1b9005c00 'java/lang/invoke/LambdaForm$MH+0x000002f1b9005c00'
Event: 441.538 Thread 0x000002f1b6fde670 Unloading class 0x000002f1b9005400 'java/lang/invoke/LambdaForm$MH+0x000002f1b9005400'
Event: 441.538 Thread 0x000002f1b6fde670 Unloading class 0x000002f1b9004000 'java/lang/invoke/LambdaForm$MH+0x000002f1b9004000'
Event: 441.538 Thread 0x000002f1b6fde670 Unloading class 0x000002f1b9003c00 'java/lang/invoke/LambdaForm$MH+0x000002f1b9003c00'
Event: 441.538 Thread 0x000002f1b6fde670 Unloading class 0x000002f1b9003800 'java/lang/invoke/LambdaForm$MH+0x000002f1b9003800'
Event: 441.538 Thread 0x000002f1b6fde670 Unloading class 0x000002f1b9003400 'java/lang/invoke/LambdaForm$MH+0x000002f1b9003400'

Classes redefined (1 events):
Event: 1086.598 Thread 0x000002f1b6fde670 redefined class name=bs.experian.orquestador.infrastructure.persistence.documentos.ProcesadorDocumentoRepository, count=1

Internal exceptions (20 events):
Event: 9.937 Thread 0x000002f180252a20 Exception <a 'java/lang/NoSuchMethodError'{0x000000070fb88178}: 'java.lang.Object java.lang.invoke.DirectMethodHandle$Holder.newInvokeSpecial(java.lang.Object, int, java.lang.Object, java.lang.Object)'> (0x000000070fb88178) 
thrown [s\src\hotspot\share\interpreter\linkResolver.cpp, line 773]
Event: 9.937 Thread 0x000002f180256530 Exception <a 'java/lang/NoSuchMethodError'{0x000000070f867808}: 'java.lang.Object java.lang.invoke.DirectMethodHandle$Holder.newInvokeSpecial(java.lang.Object, int, java.lang.Object, java.lang.Object)'> (0x000000070f867808) 
thrown [s\src\hotspot\share\interpreter\linkResolver.cpp, line 773]
Event: 9.938 Thread 0x000002f180252a20 Exception <a 'java/lang/NoSuchMethodError'{0x000000070fb8b760}: 'java.lang.Object java.lang.invoke.Invokers$Holder.linkToTargetMethod(int, java.lang.Object, java.lang.Object, java.lang.Object)'> (0x000000070fb8b760) 
thrown [s\src\hotspot\share\interpreter\linkResolver.cpp, line 773]
Event: 267.980 Thread 0x000002f180256530 Exception <a 'java/lang/IncompatibleClassChangeError'{0x0000000718e06110}: Found class java.lang.Object, but interface was expected> (0x0000000718e06110) 
thrown [s\src\hotspot\share\interpreter\linkResolver.cpp, line 840]
Event: 268.106 Thread 0x000002f180256530 Exception <a 'java/lang/NoSuchMethodError'{0x000000070f959ff0}: 'void java.lang.invoke.DirectMethodHandle$Holder.invokeVirtual(java.lang.Object, java.lang.Object, java.lang.Object, java.lang.Object, java.lang.Object, java.lang.Object)'> (0x000000070f959ff0) 
thrown [s\src\hotspot\share\interpreter\linkResolver.cpp, line 773]
Event: 268.107 Thread 0x000002f180256530 Exception <a 'java/lang/NoSuchMethodError'{0x000000070f95dc48}: 'void java.lang.invoke.DelegatingMethodHandle$Holder.reinvoke_L(java.lang.Object, java.lang.Object, java.lang.Object, java.lang.Object, java.lang.Object, java.lang.Object)'> (0x000000070f95dc48) 
thrown [s\src\hotspot\share\interpreter\linkResolver.cpp, line 773]
Event: 268.145 Thread 0x000002f180256530 Exception <a 'java/lang/NoSuchMethodError'{0x000000070f4be2a0}: 'int java.lang.invoke.DirectMethodHandle$Holder.invokeStatic(java.lang.Object, java.lang.Object, int, int)'> (0x000000070f4be2a0) 
thrown [s\src\hotspot\share\interpreter\linkResolver.cpp, line 773]
Event: 268.215 Thread 0x000002f180256530 Exception <a 'java/lang/NoSuchMethodError'{0x000000070eecf600}: 'void java.lang.invoke.DirectMethodHandle$Holder.invokeSpecialIFC(java.lang.Object, java.lang.Object, int, java.lang.Object, java.lang.Object, java.lang.Object, java.lang.Object)'> (0x000000070eecf600) 
thrown [s\src\hotspot\share\interpreter\linkResolver.cpp, line 773]
Event: 268.256 Thread 0x000002f180256530 Exception <a 'java/lang/NoSuchMethodError'{0x000000070eafd838}: 'int java.lang.invoke.DirectMethodHandle$Holder.invokeStatic(java.lang.Object, java.lang.Object, int, java.lang.Object)'> (0x000000070eafd838) 
thrown [s\src\hotspot\share\interpreter\linkResolver.cpp, line 773]
Event: 461.280 Thread 0x000002f180256530 Exception <a 'java/lang/NoSuchMethodError'{0x000000070f7254f8}: 'double java.lang.invoke.DirectMethodHandle$Holder.invokeStatic(java.lang.Object, java.lang.Object, java.lang.Object, long)'> (0x000000070f7254f8) 
thrown [s\src\hotspot\share\interpreter\linkResolver.cpp, line 773]
Event: 461.284 Thread 0x000002f180256530 Exception <a 'java/lang/NoSuchMethodError'{0x000000070f764b78}: 'void java.lang.invoke.DirectMethodHandle$Holder.invokeSpecial(java.lang.Object, java.lang.Object, java.lang.Object, java.lang.Object, java.lang.Object, java.lang.Object, java.lang.Object, java.lang.Object, java.lang.Object)'> (0x000000070f764b78) 
thrown [s\src\hotspot\share\interpreter\linkResolver.cpp, line 773]
Event: 461.400 Thread 0x000002f1fd8314a0 Exception <a 'java/lang/NoSuchMethodError'{0x000000070f2624e0}: 'java.lang.Object java.lang.invoke.DirectMethodHandle$Holder.newInvokeSpecial(java.lang.Object, java.lang.Object, java.lang.Object, java.lang.Object, int, long, java.lang.Object)'> (0x000000070f2624e0) 
thrown [s\src\hotspot\share\interpreter\linkResolver.cpp, line 773]
Event: 549.256 Thread 0x000002f1fd8314a0 Exception <a 'java/lang/NoSuchMethodError'{0x000000070e217a30}: 'java.lang.Object java.lang.invoke.DirectMethodHandle$Holder.newInvokeSpecial(java.lang.Object, java.lang.Object, java.lang.Object, long)'> (0x000000070e217a30) 
thrown [s\src\hotspot\share\interpreter\linkResolver.cpp, line 773]
Event: 549.256 Thread 0x000002f1fd8314a0 Exception <a 'java/lang/NoSuchMethodError'{0x000000070e21b880}: 'java.lang.Object java.lang.invoke.DirectMethodHandle$Holder.invokeSpecial(java.lang.Object, java.lang.Object, java.lang.Object, java.lang.Object, long)'> (0x000000070e21b880) 
thrown [s\src\hotspot\share\interpreter\linkResolver.cpp, line 773]
Event: 549.256 Thread 0x000002f1fd8314a0 Exception <a 'java/lang/NoSuchMethodError'{0x000000070e21ef40}: 'java.lang.Object java.lang.invoke.Invokers$Holder.linkToTargetMethod(java.lang.Object, java.lang.Object, long, java.lang.Object)'> (0x000000070e21ef40) 
thrown [s\src\hotspot\share\interpreter\linkResolver.cpp, line 773]
Event: 606.619 Thread 0x000002f1fdc8c090 Exception <a 'java/lang/NoSuchMethodError'{0x000000070da7fb20}: static [B.<clinit>()V> (0x000000070da7fb20) 
thrown [s\src\hotspot\share\prims\jni.cpp, line 1111]
Event: 787.136 Thread 0x000002f180256530 Exception <a 'java/lang/NoSuchMethodError'{0x000000070f2b0800}: 'java.lang.Object java.lang.invoke.DirectMethodHandle$Holder.newInvokeSpecial(java.lang.Object, long, long, long)'> (0x000000070f2b0800) 
thrown [s\src\hotspot\share\interpreter\linkResolver.cpp, line 773]
Event: 787.168 Thread 0x000002f180252a20 Exception <a 'java/lang/NoSuchMethodError'{0x000000070f337a60}: 'java.lang.Object java.lang.invoke.DirectMethodHandle$Holder.invokeStatic(java.lang.Object, long, java.lang.Object)'> (0x000000070f337a60) 
thrown [s\src\hotspot\share\interpreter\linkResolver.cpp, line 773]
Event: 787.168 Thread 0x000002f180252a20 Exception <a 'java/lang/NoSuchMethodError'{0x000000070f33dfa0}: 'java.lang.Object java.lang.invoke.DirectMethodHandle$Holder.newInvokeSpecial(java.lang.Object, long, java.lang.Object)'> (0x000000070f33dfa0) 
thrown [s\src\hotspot\share\interpreter\linkResolver.cpp, line 773]
Event: 787.168 Thread 0x000002f180252a20 Exception <a 'java/lang/NoSuchMethodError'{0x000000070f341c28}: 'java.lang.Object java.lang.invoke.DirectMethodHandle$Holder.invokeSpecial(java.lang.Object, java.lang.Object, long, java.lang.Object)'> (0x000000070f341c28) 
thrown [s\src\hotspot\share\interpreter\linkResolver.cpp, line 773]

ZGC Phase Switch (0 events):
No events

VM Operations (20 events):
Event: 1021.980 Executing VM operation: RendezvousGCThreads
Event: 1021.980 Executing VM operation: RendezvousGCThreads done
Event: 1027.734 Executing VM operation: G1CollectForAllocation (G1 Evacuation Pause)
Event: 1027.739 Executing VM operation: G1CollectForAllocation (G1 Evacuation Pause) done
Event: 1061.824 Executing VM operation: Cleanup
Event: 1061.824 Executing VM operation: Cleanup done
Event: 1082.205 Executing VM operation: HandshakeAllThreads (HandshakeForDeflation)
Event: 1082.205 Executing VM operation: HandshakeAllThreads (HandshakeForDeflation) done
Event: 1082.205 Executing VM operation: RendezvousGCThreads
Event: 1082.205 Executing VM operation: RendezvousGCThreads done
Event: 1086.574 Executing VM operation: ChangeSingleStep
Event: 1086.574 Executing VM operation: ChangeSingleStep done
Event: 1086.574 Executing VM operation: ChangeSingleStep
Event: 1086.574 Executing VM operation: ChangeSingleStep done
Event: 1086.591 Executing VM operation: RedefineClasses
Event: 1086.619 Executing VM operation: RedefineClasses done
Event: 1086.637 Executing VM operation: ChangeBreakpoints
Event: 1086.640 Executing VM operation: ChangeBreakpoints done
Event: 1086.644 Executing VM operation: ChangeSingleStep
Event: 1086.644 Executing VM operation: ChangeSingleStep done

Memory protections (0 events):
No events

Nmethod flushes (20 events):
Event: 441.544 Thread 0x000002f1b6fde670 flushing  nmethod 0x000002f1ac791b90
Event: 441.544 Thread 0x000002f1b6fde670 flushing  nmethod 0x000002f1ac792190
Event: 441.544 Thread 0x000002f1b6fde670 flushing  nmethod 0x000002f1ac792690
Event: 441.544 Thread 0x000002f1b6fde670 flushing  nmethod 0x000002f1ac792e10
Event: 441.544 Thread 0x000002f1b6fde670 flushing  nmethod 0x000002f1ac793290
Event: 441.544 Thread 0x000002f1b6fde670 flushing  nmethod 0x000002f1ac793610
Event: 441.544 Thread 0x000002f1b6fde670 flushing  nmethod 0x000002f1ac7b6590
Event: 441.544 Thread 0x000002f1b6fde670 flushing  nmethod 0x000002f1ac7b8710
Event: 441.544 Thread 0x000002f1b6fde670 flushing  nmethod 0x000002f1ac7bdd10
Event: 441.544 Thread 0x000002f1b6fde670 flushing  nmethod 0x000002f1ac7bf990
Event: 441.544 Thread 0x000002f1b6fde670 flushing  nmethod 0x000002f1ac7c5490
Event: 441.544 Thread 0x000002f1b6fde670 flushing  nmethod 0x000002f1ac8f7310
Event: 441.544 Thread 0x000002f1b6fde670 flushing  nmethod 0x000002f1ac8f7610
Event: 441.544 Thread 0x000002f1b6fde670 flushing  nmethod 0x000002f1ac8f7910
Event: 441.544 Thread 0x000002f1b6fde670 flushing  nmethod 0x000002f1ac8f8210
Event: 441.544 Thread 0x000002f1b6fde670 flushing  nmethod 0x000002f1ac8f8c10
Event: 441.544 Thread 0x000002f1b6fde670 flushing  nmethod 0x000002f1ac915b90
Event: 441.544 Thread 0x000002f1b6fde670 flushing  nmethod 0x000002f1ac917090
Event: 441.544 Thread 0x000002f1b6fde670 flushing  nmethod 0x000002f1ac917410
Event: 441.544 Thread 0x000002f1b6fde670 flushing  nmethod 0x000002f1acd73990

Events (20 events):
Event: 461.423 Thread 0x000002f185718930 Thread added: 0x000002f1fdc7b640
Event: 471.915 Thread 0x000002f1fdc7b640 Thread exited: 0x000002f1fdc7b640
Event: 471.915 Thread 0x000002f1857297f0 Thread exited: 0x000002f1857297f0
Event: 471.915 Thread 0x000002f185718930 Thread exited: 0x000002f185718930
Event: 549.237 Thread 0x000002f1b7012820 Thread added: 0x000002f1fd8ef760
Event: 549.238 Thread 0x000002f1b7012820 Thread added: 0x000002f1855ad710
Event: 549.238 Thread 0x000002f1b7012820 Thread added: 0x000002f1855c1790
Event: 556.949 Thread 0x000002f1855ad710 Thread exited: 0x000002f1855ad710
Event: 556.949 Thread 0x000002f1855c1790 Thread exited: 0x000002f1855c1790
Event: 561.950 Thread 0x000002f1fd8ef760 Thread exited: 0x000002f1fd8ef760
Event: 673.515 Thread 0x000002f1b7012820 Thread added: 0x000002f1855ad710
Event: 678.517 Thread 0x000002f1855ad710 Thread exited: 0x000002f1855ad710
Event: 851.174 Thread 0x000002f1b7012820 Thread added: 0x000002f1fd34de60
Event: 851.178 Thread 0x000002f1b7012820 Thread added: 0x000002f1fe45ad10
Event: 851.179 Thread 0x000002f1fd34de60 Thread added: 0x000002f1fe732f90
Event: 856.272 Thread 0x000002f1fe732f90 Thread exited: 0x000002f1fe732f90
Event: 861.273 Thread 0x000002f1fe45ad10 Thread exited: 0x000002f1fe45ad10
Event: 861.273 Thread 0x000002f1fd34de60 Thread exited: 0x000002f1fd34de60
Event: 870.398 Thread 0x000002f1b7012820 Thread added: 0x000002f1fd34de60
Event: 879.372 Thread 0x000002f1fd34de60 Thread exited: 0x000002f1fd34de60


Dynamic libraries:
0x00007ff6fb1f0000 - 0x00007ff6fb1fe000 	C:\Program Files\Amazon Corretto\jdk21.0.9_10\bin\javaw.exe
0x00007ffd4c4a0000 - 0x00007ffd4c707000 	C:\Windows\SYSTEM32\ntdll.dll
0x00007ffd4b9e0000 - 0x00007ffd4baa9000 	C:\Windows\System32\KERNEL32.DLL
0x00007ffd48ef0000 - 0x00007ffd492e1000 	C:\Windows\System32\KERNELBASE.dll
0x00007ffd49450000 - 0x00007ffd4959b000 	C:\Windows\System32\ucrtbase.dll
0x00007ffd20760000 - 0x00007ffd2077e000 	C:\Program Files\Amazon Corretto\jdk21.0.9_10\bin\VCRUNTIME140.dll
0x00007ffd20a80000 - 0x00007ffd20a98000 	C:\Program Files\Amazon Corretto\jdk21.0.9_10\bin\jli.dll
0x00007ffd4a780000 - 0x00007ffd4a945000 	C:\Windows\System32\USER32.dll
0x00007ffd492f0000 - 0x00007ffd49317000 	C:\Windows\System32\win32u.dll
0x00007ffd35250000 - 0x00007ffd354e3000 	C:\Windows\WinSxS\amd64_microsoft.windows.common-controls_6595b64144ccf1df_6.0.26100.8037_none_3e092faae333b53b\COMCTL32.dll
0x00007ffd4c430000 - 0x00007ffd4c45b000 	C:\Windows\System32\GDI32.dll
0x00007ffd4a5d0000 - 0x00007ffd4a679000 	C:\Windows\System32\msvcrt.dll
0x00007ffd49320000 - 0x00007ffd4944b000 	C:\Windows\System32\gdi32full.dll
0x00007ffd4a0e0000 - 0x00007ffd4a183000 	C:\Windows\System32\msvcp_win.dll
0x00007ffd4b9a0000 - 0x00007ffd4b9d1000 	C:\Windows\System32\IMM32.DLL
0x00007ffd42490000 - 0x00007ffd4249c000 	C:\Program Files\Amazon Corretto\jdk21.0.9_10\bin\vcruntime140_1.dll
0x00007ffd148c0000 - 0x00007ffd14949000 	C:\Program Files\Amazon Corretto\jdk21.0.9_10\bin\msvcp140.dll
0x00007ffcd8e60000 - 0x00007ffcd9c07000 	C:\Program Files\Amazon Corretto\jdk21.0.9_10\bin\server\jvm.dll
0x00007ffd4bfb0000 - 0x00007ffd4c06b000 	C:\Windows\System32\ADVAPI32.dll
0x00007ffd4b7f0000 - 0x00007ffd4b897000 	C:\Windows\System32\sechost.dll
0x00007ffd4c290000 - 0x00007ffd4c3a8000 	C:\Windows\System32\RPCRT4.dll
0x00007ffd4c210000 - 0x00007ffd4c284000 	C:\Windows\System32\WS2_32.dll
0x00007ffd48be0000 - 0x00007ffd48c3e000 	C:\Windows\SYSTEM32\POWRPROF.dll
0x00007ffd3ed60000 - 0x00007ffd3ed95000 	C:\Windows\SYSTEM32\WINMM.dll
0x00007ffd41880000 - 0x00007ffd4188b000 	C:\Windows\SYSTEM32\VERSION.dll
0x00007ffd48bc0000 - 0x00007ffd48bd4000 	C:\Windows\SYSTEM32\UMPDC.dll
0x00007ffd47b10000 - 0x00007ffd47b2b000 	C:\Windows\SYSTEM32\kernel.appcore.dll
0x00007ffd39f80000 - 0x00007ffd39f8a000 	C:\Program Files\Amazon Corretto\jdk21.0.9_10\bin\jimage.dll
0x00007ffd3dbe0000 - 0x00007ffd3de22000 	C:\Windows\SYSTEM32\DBGHELP.DLL
0x00007ffd4bab0000 - 0x00007ffd4be32000 	C:\Windows\System32\combase.dll
0x00007ffd4bed0000 - 0x00007ffd4bfa7000 	C:\Windows\System32\OLEAUT32.dll
0x00007ffd30080000 - 0x00007ffd300bb000 	C:\Windows\SYSTEM32\dbgcore.DLL
0x00007ffd4a190000 - 0x00007ffd4a235000 	C:\Windows\System32\bcryptPrimitives.dll
0x00007ffd08560000 - 0x00007ffd0859c000 	C:\Program Files\Amazon Corretto\jdk21.0.9_10\bin\jdwp.dll
0x00007ffd40ff0000 - 0x00007ffd41000000 	C:\Program Files\Amazon Corretto\jdk21.0.9_10\bin\instrument.dll
0x00007ffd14890000 - 0x00007ffd148b1000 	C:\Program Files\Amazon Corretto\jdk21.0.9_10\bin\java.dll
0x00007ffd4ab70000 - 0x00007ffd4b2cf000 	C:\Windows\System32\SHELL32.dll
0x00007ffd48d80000 - 0x00007ffd48eea000 	C:\Windows\System32\wintypes.dll
0x00007ffd49660000 - 0x00007ffd49ec4000 	C:\Windows\System32\windows.storage.dll
0x00007ffd4a680000 - 0x00007ffd4a777000 	C:\Windows\System32\SHCORE.dll
0x00007ffd4a420000 - 0x00007ffd4a487000 	C:\Windows\System32\shlwapi.dll
0x00007ffd48ca0000 - 0x00007ffd48cc9000 	C:\Windows\SYSTEM32\profapi.dll
0x00007ffd40fe0000 - 0x00007ffd40fec000 	C:\Program Files\Amazon Corretto\jdk21.0.9_10\bin\dt_socket.dll
0x00007ffd475b0000 - 0x00007ffd475e3000 	C:\Windows\SYSTEM32\IPHLPAPI.DLL
0x00007ffd48080000 - 0x00007ffd480eb000 	C:\Windows\system32\mswsock.dll
0x00007ffd475f0000 - 0x00007ffd4771a000 	C:\Windows\SYSTEM32\DNSAPI.dll
0x00007ffd4a530000 - 0x00007ffd4a53a000 	C:\Windows\System32\NSI.dll
0x00007ffd41490000 - 0x00007ffd4149b000 	C:\Windows\System32\rasadhlp.dll
0x00007ffd43160000 - 0x00007ffd431e6000 	C:\Windows\System32\fwpuclnt.dll
0x00007ffd1a390000 - 0x00007ffd1a3a8000 	C:\Program Files\Amazon Corretto\jdk21.0.9_10\bin\zip.dll
0x00007ffd1f6d0000 - 0x00007ffd1f6e1000 	C:\Program Files\Amazon Corretto\jdk21.0.9_10\bin\net.dll
0x00007ffd414a0000 - 0x00007ffd415c7000 	C:\Windows\SYSTEM32\WINHTTP.dll
0x00007ffd1aa10000 - 0x00007ffd1aa26000 	C:\Program Files\Amazon Corretto\jdk21.0.9_10\bin\nio.dll
0x00007ffd2f200000 - 0x00007ffd2f20a000 	C:\Program Files\Amazon Corretto\jdk21.0.9_10\bin\management.dll
0x00007ffd2f0c0000 - 0x00007ffd2f0cc000 	C:\Program Files\Amazon Corretto\jdk21.0.9_10\bin\management_ext.dll
0x00007ffd4c410000 - 0x00007ffd4c418000 	C:\Windows\System32\PSAPI.DLL
0x00007ffd2c530000 - 0x00007ffd2c548000 	C:\Windows\system32\napinsp.dll
0x00007ffd2c510000 - 0x00007ffd2c522000 	C:\Windows\System32\winrnr.dll
0x00007ffd2c4e0000 - 0x00007ffd2c502000 	C:\Windows\system32\nlansp_c.dll
0x00007ffd40a10000 - 0x00007ffd40a26000 	C:\Windows\system32\wshbth.dll
0x00007ffd48370000 - 0x00007ffd4838b000 	C:\Windows\SYSTEM32\CRYPTSP.dll
0x00007ffd47a70000 - 0x00007ffd47aa9000 	C:\Windows\system32\rsaenh.dll
0x00007ffd48130000 - 0x00007ffd48162000 	C:\Windows\SYSTEM32\USERENV.dll
0x00007ffd48c70000 - 0x00007ffd48c9a000 	C:\Windows\SYSTEM32\bcrypt.dll
0x00007ffd48360000 - 0x00007ffd4836c000 	C:\Windows\SYSTEM32\CRYPTBASE.dll
0x00007ffd2a3d0000 - 0x00007ffd2a3d9000 	C:\Program Files\Amazon Corretto\jdk21.0.9_10\bin\extnet.dll
0x00007ffd3a510000 - 0x00007ffd3a520000 	C:\Program Files\Amazon Corretto\jdk21.0.9_10\bin\verify.dll
0x00007ffd25e50000 - 0x00007ffd25e5e000 	C:\Program Files\Amazon Corretto\jdk21.0.9_10\bin\sunmscapi.dll
0x00007ffd49ed0000 - 0x00007ffd4a047000 	C:\Windows\System32\CRYPT32.dll
0x00007ffd48580000 - 0x00007ffd485b0000 	C:\Windows\SYSTEM32\ncrypt.dll
0x00007ffd48530000 - 0x00007ffd4856f000 	C:\Windows\SYSTEM32\NTASN1.dll
0x00007ffd3e8c0000 - 0x00007ffd3e8c8000 	C:\Windows\system32\wshunix.dll
0x0000000070fc0000 - 0x000000007108f000 	C:\Users\rzara\AppData\Local\Temp\snappy-1.1.10-321c152b-a72d-4b0b-93e6-bab1385aa990-snappyjava.dll

JVMTI agents:
jdwp path:C:\Program Files\Amazon Corretto\jdk21.0.9_10\bin\jdwp.dll, loaded, initialized, options:transport=dt_socket,suspend=y,address=localhost:63025
C:\eclipse\configuration\org.eclipse.osgi\1082\0\.cp\lib\javaagent-shaded.jar path:C:\Program Files\Amazon Corretto\jdk21.0.9_10\bin\instrument.dll, loaded, initialized, instrumentlib options:none

dbghelp: loaded successfully - version: 4.0.5 - missing functions: none
symbol engine: initialized successfully - sym options: 0x614 - pdb path: .;C:\Program Files\Amazon Corretto\jdk21.0.9_10\bin;C:\Windows\SYSTEM32;C:\Windows\WinSxS\amd64_microsoft.windows.common-controls_6595b64144ccf1df_6.0.26100.8037_none_3e092faae333b53b;C:\Program Files\Amazon Corretto\jdk21.0.9_10\bin\server;C:\Users\rzara\AppData\Local\Temp

VM Arguments:
jvm_args: -XX:+ShowCodeDetailsInExceptionMessages -agentlib:jdwp=transport=dt_socket,suspend=y,address=localhost:63025 -Dcom.sun.management.jmxremote -Dcom.sun.management.jmxremote.port=63024 -Dcom.sun.management.jmxremote.authenticate=false -Dcom.sun.management.jmxremote.ssl=false -Djava.rmi.server.hostname=localhost -Dspring.jmx.enabled=true -Dmanagement.endpoints.jmx.exposure.include=* -Dspring.application.admin.enabled=true -Dspring.profiles.active=local -Dspring.output.ansi.enabled=always -XX:TieredStopAtLevel=1 -Dspring.boot.project.name=experian-orquestador -javaagent:C:\eclipse\configuration\org.eclipse.osgi\1082\0\.cp\lib\javaagent-shaded.jar -Dfile.encoding=UTF-8 -Dstdout.encoding=UTF-8 -Dstderr.encoding=UTF-8 
java_command: bs.experian.orquestador.ExperianOrquestadorApplication
java_class_path (initial): C:\Users\rzara\eclipse-workspace\experian-orquestador\target\classes;C:\Users\rzara\.m2\repository\org\springframework\boot\spring-boot-starter-data-jpa\3.5.11\spring-boot-starter-data-jpa-3.5.11.jar;C:\Users\rzara\.m2\repository\org\springframework\boot\spring-boot-starter-jdbc\3.5.11\spring-boot-starter-jdbc-3.5.11.jar;C:\Users\rzara\.m2\repository\com\zaxxer\HikariCP\6.3.3\HikariCP-6.3.3.jar;C:\Users\rzara\.m2\repository\org\springframework\spring-jdbc\6.2.16\spring-jdbc-6.2.16.jar;C:\Users\rzara\.m2\repository\org\hibernate\orm\hibernate-core\6.6.42.Final\hibernate-core-6.6.42.Final.jar;C:\Users\rzara\.m2\repository\jakarta\persistence\jakarta.persistence-api\3.1.0\jakarta.persistence-api-3.1.0.jar;C:\Users\rzara\.m2\repository\jakarta\transaction\jakarta.transaction-api\2.0.1\jakarta.transaction-api-2.0.1.jar;C:\Users\rzara\.m2\repository\org\jboss\logging\jboss-logging\3.6.2.Final\jboss-logging-3.6.2.Final.jar;C:\Users\rzara\.m2\repository\org\hibernate\common\hibernate-commons-annotations\7.0.3.Final\hibernate-commons-annotations-7.0.3.Final.jar;C:\Users\rzara\.m2\repository\io\smallrye\jandex\3.2.0\jandex-3.2.0.jar;C:\Users\rzara\.m2\repository\com\fasterxml\classmate\1.7.3\classmate-1.7.3.jar;C:\Users\rzara\.m2\repository\net\bytebuddy\byte-buddy\1.17.8\byte-buddy-1.17.8.jar;C:\Users\rzara\.m2\repository\org\glassfish\jaxb\jaxb-runtime\4.0.6\jaxb-runtime-4.0.6.jar;C:\Users\rzara\.m2\repository\org\glassfish\jaxb\jaxb-core\4.0.6\jaxb-core-4.0.6.jar;C:\Users\rzara\.m2\repository\org\eclipse\angus\angus-activation\2.0.3\angus-activation-2.0.3.jar;C:\Users\rzara\.m2\repository\org\glassfish\jaxb\txw2\4.0.6\txw2-4.0.6.jar;C:\Users\rzara\.m2\repository\com\sun\istack\istack-commons-runtime\4.1.2\istack-commons-runtime-4.1.2.jar;C:\Users\rzara\.m2\repository\jakarta\inject\jakarta.inject-api\2.0.1\jakarta.inject-api-2.0.1.jar;C:\Users\rzara\.m2\repository\org\antlr\antlr4-runtime\4.13.0\antlr4-runtime-4.13.0.jar;C:\Users\rzara\.m2\repository\org\springframework\data\spring-data-jpa\3.5.9\spring-data-jpa-3.5.9.jar;C:\Users\rzara\.m2\repository\org\springframework\data\spring-data-commons\3.5.9\spring-data-commons-3.5.9.jar;C:\Users\rzara\.m2\repository\org\springframework\spring-orm\6.2.16\spring-orm-6.2.16.jar;C:\Users\rzara\.m2\repository\org\springframework\spring-aop\6.2.16\spring-aop-6.2.16.jar;C:\Users\rzara\.m2\repository\org\springframework\spring-beans\6.2.16\spring-beans-6.2.16.jar;C:\Users\rzara\.m2\repository\org\slf4j\slf4j-api\2.0.17\slf4j-api-2.0.17.jar;C:\Users\rzara\.m2\repository\org\springframework\spring-aspects\6.2.16\spring-aspects-6.2.16.jar;C:\Users\rzara\.m2\repository\org\aspectj\aspectjweaver\1.9.25.1\aspectjweaver-1.9.25.1.jar;C:\Users\rzara\.m2\repository\org\springframework\boot\spring-boot-starter-web\3.5.11\spring-boot-starter-web-3.5.11.jar;C:\Users\rzara\.m2\repository\org\springframework\boot\spring-boot-starter-json\3.5.11\spring-boot-starter-json-3.5.11.jar;C:\Users\rzara\.m2\repository\com\fasterxml\jackson\core\jackson-databind\2.19.4\jackson-databind-2.19.4.jar;C:\Users\rzara\.m2\repository\com\fasterxml\jackson\core\jackson-annotations\2.19.4\jackson-annotations-2.19.4.jar;C:\Users\rzara\.m2\repository\com\fasterxml\jackson\core\jackson-core\2.19.4\jackson-core-2.19.4.jar;C:\Users\rzara\.m2\repository\com\fasterxml\jackson\datatype\jackson-datatype-jdk8\2.19.4\jackson-datatype-jdk8-2.19.4.jar;C:\Users\rzara\.m2\repository\com\fasterxml\jackson\datatype\jackson-datatype-jsr310\2.19.4\jackson-datatype-jsr310-2.19.4.jar;C:\Users\rzara\.m2\repository\com\fasterxml\jackson\module\jackson-module-parameter-names\2.19.4\jackson-module-parameter-names-2.19.4.jar;C:\Users\rzara\.m2\repository\org\springframework\boot\spring-boot-starter-tomcat\3.5.11\spring-boot-starter-tomcat-3.5.11.jar;C:\Users\rzara\.m2\repository\org\apache\tomcat\embed\tomcat-embed-core\10.1.52\tomcat-embed-core-10.1.52.jar;C:\Users\rzara\.m2\repository\org\apache\tomcat\embed\tomcat-embed-websocket\10.1.52\tomcat-embed-websocket-10.1.52.jar;C:\Users\rzara\.m2\repository\org\springframework\spring-web\6.2.16\spring-web-6.2.16.jar;C:\Users\rzara\.m2\repository\org\springframework\spring-webmvc\6.2.16\spring-webmvc-6.2.16.jar;C:\Users\rzara\.m2\repository\org\springframework\spring-expression\6.2.16\spring-expression-6.2.16.jar;C:\Users\rzara\.m2\repository\org\springframework\boot\spring-boot-starter-webflux\3.5.11\spring-boot-starter-webflux-3.5.11.jar;C:\Users\rzara\.m2\repository\org\springframework\boot\spring-boot-starter-reactor-netty\3.5.11\spring-boot-starter-reactor-netty-3.5.11.jar;C:\Users\rzara\.m2\repository\io\projectreactor\netty\reactor-netty-http\1.2.15\reactor-netty-http-1.2.15.jar;C:\Users\rzara\.m2\repository\io\netty\netty-codec-http\4.1.131.Final\netty-codec-http-4.1.131.Final.jar;C:\Users\rzara\.m2\repository\io\netty\netty-codec-http2\4.1.131.Final\netty-codec-http2-4.1.131.Final.jar;C:\Users\rzara\.m2\repository\io\netty\netty-resolver-dns\4.1.131.Final\netty-resolver-dns-4.1.131.Final.jar;C:\Users\rzara\.m2\repository\io\netty\netty-codec-dns\4.1.131.Final\netty-codec-dns-4.1.131.Final.jar;C:\Users\rzara\.m2\repository\io\netty\netty-resolver-dns-native-macos\4.1.131.Final\netty-resolver-dns-native-macos-4.1.131.Final-osx-x86_64.jar;C:\Users\rzara\.m2\repository\io\netty\netty-resolver-dns-classes-macos\4.1.131.Final\netty-resolver-dns-classes-macos-4.1.131.Final.jar;C:\Users\rzara\.m2\repository\io\netty\netty-transport-native-epoll\4.1.131.Final\netty-transport-native-epoll-4.1.131.Final-linux-x86_64.jar;C:\Users\rzara\.m2\repository\io\projectreactor\netty\reactor-netty-core\1.2.15\reactor-netty-core-1.2.15.jar;C:\Users\rzara\.m2\repository\io\netty\netty-handler-proxy\4.1.131.Final\netty-handler-proxy-4.1.131.Final.jar;C:\Users\rzara\.m2\repository\io\netty\netty-codec-socks\4.1.131.Final\netty-codec-socks-4.1.131.Final.jar;C:\Users\rzara\.m2\repository\org\springframework\spring-webflux\6.2.16\spring-webflux-6.2.16.jar;C:\Users\rzara\.m2\repository\com\oracle\database\jdbc\ojdbc11\23.7.0.25.01\ojdbc11-23.7.0.25.01.jar;C:\Users\rzara\.m2\repository\org\projectlombok\lombok\1.18.42\lombok-1.18.42.jar;C:\Users\rzara\.m2\repository\jakarta\xml\bind\jakarta.xml.bind-api\4.0.4\jakarta.xml.bind-api-4.0.4.jar;C:\Users\rzara\.m2\repository\jakarta\activation\jakarta.activation-api\2.1.4\jakarta.activation-api-2.1.4.jar;C:\Users\rzara\.m2\repository\org\springframework\spring-core\6.2.16\spring-core-6.2.16.jar;C:\Users\rzara\.m2\repository\org\springframework\spring-jcl\6.2.16\spring-jcl-6.2.16.jar;C:\Users\rzara\.m2\repository\io\projectreactor\reactor-core\3.7.16\reactor-core-3.7.16.jar;C:\Users\rzara\.m2\repository\org\reactivestreams\reactive-streams\1.0.4\reactive-streams-1.0.4.jar;C:\Users\rzara\.m2\repository\org\springframework\boot\spring-boot-configuration-processor\3.5.11\spring-boot-configuration-processor-3.5.11.jar;C:\Users\rzara\.m2\repository\org\mapstruct\mapstruct\1.6.3\mapstruct-1.6.3.jar;C:\Users\rzara\.m2\repository\org\projectlombok\lombok-mapstruct-binding\0.2.0\lombok-mapstruct-binding-0.2.0.jar;C:\Users\rzara\.m2\repository\org\springframework\boot\spring-boot-starter-validation\3.5.11\spring-boot-starter-validation-3.5.11.jar;C:\Users\rzara\.m2\repository\org\apache\tomcat\embed\tomcat-embed-el\10.1.52\tomcat-embed-el-10.1.52.jar;C:\Users\rzara\.m2\repository\org\hibernate\validator\hibernate-validator\8.0.3.Final\hibernate-validator-8.0.3.Final.jar;C:\Users\rzara\.m2\repository\jakarta\validation\jakarta.validation-api\3.0.2\jakarta.validation-api-3.0.2.jar;C:\Users\rzara\.m2\repository\org\springframework\boot\spring-boot-starter\3.5.11\spring-boot-starter-3.5.11.jar;C:\Users\rzara\.m2\repository\org\springframework\boot\spring-boot\3.5.11\spring-boot-3.5.11.jar;C:\Users\rzara\.m2\repository\org\springframework\boot\spring-boot-autoconfigure\3.5.11\spring-boot-autoconfigure-3.5.11.jar;C:\Users\rzara\.m2\repository\org\springframework\boot\spring-boot-starter-logging\3.5.11\spring-boot-starter-logging-3.5.11.jar;C:\Users\rzara\.m2\repository\ch\qos\logback\logback-classic\1.5.32\logback-classic-1.5.32.jar;C:\Users\rzara\.m2\repository\org\apache\logging\log4j\log4j-to-slf4j\2.24.3\log4j-to-slf4j-2.24.3.jar;C:\Users\rzara\.m2\repository\org\apache\logging\log4j\log4j-api\2.24.3\log4j-api-2.24.3.jar;C:\Users\rzara\.m2\repository\org\slf4j\jul-to-slf4j\2.0.17\jul-to-slf4j-2.0.17.jar;C:\Users\rzara\.m2\repository\jakarta\annotation\jakarta.annotation-api\2.1.1\jakarta.annotation-api-2.1.1.jar;C:\Users\rzara\.m2\repository\org\yaml\snakeyaml\2.4\snakeyaml-2.4.jar;C:\Users\rzara\.m2\repository\org\springframework\kafka\spring-kafka\3.3.13\spring-kafka-3.3.13.jar;C:\Users\rzara\.m2\repository\org\springframework\spring-context\6.2.16\spring-context-6.2.16.jar;C:\Users\rzara\.m2\repository\org\springframework\spring-messaging\6.2.16\spring-messaging-6.2.16.jar;C:\Users\rzara\.m2\repository\org\springframework\spring-tx\6.2.16\spring-tx-6.2.16.jar;C:\Users\rzara\.m2\repository\org\springframework\retry\spring-retry\2.0.12\spring-retry-2.0.12.jar;C:\Users\rzara\.m2\repository\org\apache\kafka\kafka-clients\3.9.1\kafka-clients-3.9.1.jar;C:\Users\rzara\.m2\repository\com\github\luben\zstd-jni\1.5.6-4\zstd-jni-1.5.6-4.jar;C:\Users\rzara\.m2\repository\org\lz4\lz4-java\1.8.0\lz4-java-1.8.0.jar;C:\Users\rzara\.m2\repository\org\xerial\snappy\snappy-java\1.1.10.5\snappy-java-1.1.10.5.jar;C:\Users\rzara\.m2\repository\io\micrometer\micrometer-observation\1.15.9\micrometer-observation-1.15.9.jar;C:\Users\rzara\.m2\repository\io\micrometer\micrometer-commons\1.15.9\micrometer-commons-1.15.9.jar;C:\Users\rzara\.m2\repository\io\netty\netty-handler\4.1.131.Final\netty-handler-4.1.131.Final.jar;C:\Users\rzara\.m2\repository\io\netty\netty-common\4.1.131.Final\netty-common-4.1.131.Final.jar;C:\Users\rzara\.m2\repository\io\netty\netty-resolver\4.1.131.Final\netty-resolver-4.1.131.Final.jar;C:\Users\rzara\.m2\repository\io\netty\netty-buffer\4.1.131.Final\netty-buffer-4.1.131.Final.jar;C:\Users\rzara\.m2\repository\io\netty\netty-transport\4.1.131.Final\netty-transport-4.1.131.Final.jar;C:\Users\rzara\.m2\repository\io\netty\netty-transport-native-unix-common\4.1.131.Final\netty-transport-native-unix-common-4.1.131.Final.jar;C:\Users\rzara\.m2\repository\io\netty\netty-codec\4.1.131.Final\netty-codec-4.1.131.Final.jar;C:\Users\rzara\.m2\repository\io\netty\netty-transport-classes-epoll\4.1.131.Final\netty-transport-classes-epoll-4.1.131.Final.jar;C:\Users\rzara\.m2\repository\ch\qos\logback\logback-core\1.5.32\logback-core-1.5.32.jar
Launcher Type: SUN_STANDARD

[Global flags]
     intx CICompilerCount                          = 12                                        {product} {ergonomic}
     uint ConcGCThreads                            = 3                                         {product} {ergonomic}
     uint G1ConcRefinementThreads                  = 13                                        {product} {ergonomic}
   size_t G1HeapRegionSize                         = 2097152                                   {product} {ergonomic}
    uintx GCDrainStackTargetSize                   = 64                                        {product} {ergonomic}
   size_t InitialHeapSize                          = 260046848                                 {product} {ergonomic}
     bool ManagementServer                         = true                                      {product} {command line}
   size_t MarkStackSize                            = 4194304                                   {product} {ergonomic}
   size_t MaxHeapSize                              = 4135583744                                {product} {ergonomic}
   size_t MaxNewSize                               = 2480930816                                {product} {ergonomic}
   size_t MinHeapDeltaBytes                        = 2097152                                   {product} {ergonomic}
   size_t MinHeapSize                              = 8388608                                   {product} {ergonomic}
    uintx NonNMethodCodeHeapSize                   = 4096                                   {pd product} {ergonomic}
    uintx NonProfiledCodeHeapSize                  = 0                                      {pd product} {ergonomic}
     bool ProfileInterpreter                       = false                                  {pd product} {command line}
    uintx ProfiledCodeHeapSize                     = 0                                      {pd product} {ergonomic}
     bool ShowCodeDetailsInExceptionMessages       = true                                   {manageable} {command line}
   size_t SoftMaxHeapSize                          = 4135583744                             {manageable} {ergonomic}
     intx TieredStopAtLevel                        = 1                                         {product} {command line}
     bool UseCompressedOops                        = true                           {product lp64_product} {ergonomic}
     bool UseG1GC                                  = true                                      {product} {ergonomic}
     bool UseLargePagesIndividualAllocation        = false                                  {pd product} {ergonomic}

Logging:
Log output configuration:
 #0: stdout all=warning uptime,level,tags foldmultilines=false
 #1: stderr all=off uptime,level,tags foldmultilines=false

Release file:
IMPLEMENTOR="Amazon.com Inc." 
IMPLEMENTOR_VERSION="Corretto-21.0.9.10.1" 
JAVA_RUNTIME_VERSION="21.0.9+10-LTS" 
JAVA_VERSION="21.0.9" 
JAVA_VERSION_DATE="2025-10-21" 
LIBC="default" 
MODULES="java.base java.compiler java.datatransfer java.xml java.prefs java.desktop java.instrument java.logging java.management java.security.sasl java.naming java.rmi java.management.rmi java.net.http java.scripting java.security.jgss java.transaction.xa java.sql java.sql.rowset java.xml.crypto java.se java.smartcardio jdk.accessibility jdk.internal.jvmstat jdk.attach jdk.charsets jdk.internal.opt jdk.zipfs jdk.compiler jdk.crypto.ec jdk.crypto.cryptoki jdk.crypto.mscapi jdk.dynalink jdk.internal.ed jdk.editpad jdk.hotspot.agent jdk.httpserver jdk.incubator.vector jdk.internal.le jdk.internal.vm.ci jdk.internal.vm.compiler jdk.internal.vm.compiler.management jdk.jartool jdk.javadoc jdk.jcmd jdk.management jdk.management.agent jdk.jconsole jdk.jdeps jdk.jdwp.agent jdk.jdi jdk.jfr jdk.jlink jdk.jpackage jdk.jshell jdk.jsobject jdk.jstatd jdk.localedata jdk.management.jfr jdk.naming.dns jdk.naming.rmi jdk.net jdk.nio.mapmode jdk.random jdk.sctp jdk.security.auth jdk.security.jgss jdk.unsupported jdk.unsupported.desktop jdk.xml.dom" 
OS_ARCH="x86_64" 
OS_NAME="Windows" 
SOURCE="" 

Environment Variables:
JAVA_HOME=C:\Program Files\Amazon Corretto\jdk21.0.9_10
PATH=C:/eclipse//plugins/org.eclipse.justj.openjdk.hotspot.jre.full.win32.x86_64_21.0.10.v20260205-0638/jre/bin/server;C:/eclipse//plugins/org.eclipse.justj.openjdk.hotspot.jre.full.win32.x86_64_21.0.10.v20260205-0638/jre/bin;C:\Program Files\Amazon Corretto\jdk21.0.9_10\bin;C:\Windows\system32;C:\Windows;C:\Windows\System32\Wbem;C:\Windows\System32\WindowsPowerShell\v1.0\;C:\Windows\System32\OpenSSH\;C:\Program Files\Amazon Corretto\jdk21.0.9_10\bin;%MAVEN_HOME%\bin;C:\Program Files\Git\cmd;C:\consul;;C:\Program Files\Docker\Docker\resources\bin;C:\Users\rzara\AppData\Local\Microsoft\WindowsApps;C:\Program Files\JetBrains\IntelliJ IDEA 2025.3.1.1\bin;C:\eclipse;
USERNAME=rzara
OS=Windows_NT
PROCESSOR_IDENTIFIER=AMD64 Family 25 Model 80 Stepping 0, AuthenticAMD
TMP=C:\Users\rzara\AppData\Local\Temp
TEMP=C:\Users\rzara\AppData\Local\Temp




Periodic native trim disabled

---------------  S Y S T E M  ---------------

OS:
 Windows 11 , 64 bit Build 26100 (10.0.26100.7920)
OS uptime: 17 days 15:17 hours
Hyper-V role detected

CPU: total 16 (initial active 16) (16 cores per cpu, 2 threads per core) family 25 model 80 stepping 0 microcode 0xa500011, cx8, cmov, fxsr, ht, mmx, 3dnowpref, sse, sse2, sse3, ssse3, sse4a, sse4.1, sse4.2, popcnt, lzcnt, tsc, tscinvbit, avx, avx2, aes, erms, clmul, bmi1, bmi2, adx, sha, fma, vzeroupper, clflush, clflushopt, hv, rdtscp, rdpid, fsrm, f16c, cet_ss
Processor Information for the first 16 processors :
  Max Mhz: 2000, Current Mhz: 2000, Mhz Limit: 2000

Memory: 4k page, system-wide physical 15772M (1668M free)
TotalPageFile size 26642M (AvailPageFile size 1713M)
current process WorkingSet (physical memory assigned to process): 332M, peak: 332M
current process commit charge ("private bytes"): 380M, peak: 382M

vm_info: OpenJDK 64-Bit Server VM (21.0.9+10-LTS) for windows-amd64 JRE (21.0.9+10-LTS), built on 2025-10-16T09:41:28Z by "Administrator" with unknown MS VC++:1944

END.
