#
# A fatal error has been detected by the Java Runtime Environment:
#
#  EXCEPTION_ACCESS_VIOLATION (0xc0000005) at pc=0x0000015467202b24, pid=13092, tid=2332
#
# JRE version: OpenJDK Runtime Environment Corretto-21.0.9.10.1 (21.0.9+10) (build 21.0.9+10-LTS)
# Java VM: OpenJDK 64-Bit Server VM Corretto-21.0.9.10.1 (21.0.9+10-LTS, mixed mode, emulated-client, sharing, tiered, compressed oops, compressed class ptrs, g1 gc, windows-amd64)
# Problematic frame:
# v  ~BufferBlob::MethodHandles adapters 0x0000015467202b24
#
# No core dump will be written. Minidumps are not enabled by default on client versions of Windows
#
# If you would like to submit a bug report, please visit:
#   https://github.com/corretto/corretto-21/issues/
#

---------------  S U M M A R Y ------------

Command Line: -XX:+ShowCodeDetailsInExceptionMessages -agentlib:jdwp=transport=dt_socket,suspend=y,address=localhost:52895 -Dcom.sun.management.jmxremote -Dcom.sun.management.jmxremote.port=52894 -Dcom.sun.management.jmxremote.authenticate=false -Dcom.sun.management.jmxremote.ssl=false -Djava.rmi.server.hostname=localhost -Dspring.jmx.enabled=true -Dmanagement.endpoints.jmx.exposure.include=* -Dspring.application.admin.enabled=true -Dspring.profiles.active=local -Dspring.output.ansi.enabled=always -XX:TieredStopAtLevel=1 -Dspring.boot.project.name=experian-orquestador -javaagent:C:\eclipse\configuration\org.eclipse.osgi\1082\0\.cp\lib\javaagent-shaded.jar -Dfile.encoding=UTF-8 -Dstdout.encoding=UTF-8 -Dstderr.encoding=UTF-8 bs.experian.orquestador.ExperianOrquestadorApplication

Host: AMD Ryzen 7 5825U with Radeon Graphics         , 16 cores, 15G,  Windows 11 , 64 bit Build 26100 (10.0.26100.7920)
Time: Sun Mar 29 10:37:56 2026 Hora de verano romance elapsed time: 163.108086 seconds (0d 0h 2m 43s)

---------------  T H R E A D  ---------------

Current thread (0x000001547f43adb0):  JavaThread "org.springframework.kafka.KafkaListenerEndpointContainer#0-0-C-1"        [_thread_in_Java, id=2332, stack(0x0000002c8b300000,0x0000002c8b400000) (1024K)]

Stack: [0x0000002c8b300000,0x0000002c8b400000],  sp=0x0000002c8b3fcbf8,  free space=1010k
Native frames: (J=compiled Java code, j=interpreted, Vv=VM code, C=native code)
C  0x0000015467202b24

The last pc belongs to _linkToVirtual (printed below).

siginfo: EXCEPTION_ACCESS_VIOLATION (0xc0000005), reading address 0xffffffffffffffff


Registers:
RAX=0x00000154671d9086, RBX=0x00000007105fa9d0, RCX=0x0000002c8b3fcc08, RDX=0x0000000000000003
RSP=0x0000002c8b3fcbf8, RBP=0x0000002c8b3fcc50, RSI=0x00000154785402c8, RDI=0x00000154777f0e60
R8 =0x0000000000000003, R9 =0x000001547f579140, R10=0x00000154007290cb, R11=0xe20bf6f8e20bf626
R12=0x0000000000000000, R13=0x0000002c8b3fcbf8, R14=0x0000002c8b3fcc78, R15=0x000001547f43adb0
RIP=0x0000015467202b24, EFLAGS=0x0000000000010202

XMM[0]=0x0000000000000000 0x0000000000000000
XMM[1]=0x0000000000000000 0x0000000000000000
XMM[2]=0x0000000000000000 0x0000000000000000
XMM[3]=0x0000000000000000 0x0000000000000000
XMM[4]=0x0000000000000000 0x0000000000000000
XMM[5]=0x0000000000000000 0x0000000000000000
XMM[6]=0x0000000000000000 0x0000000000000000
XMM[7]=0x0000000000000000 0x3d2ef35793c76730
XMM[8]=0x0000000000000000 0x0000000000000000
XMM[9]=0x0000000000000000 0x0000000000000000
XMM[10]=0x0000000000000000 0x0000000000000000
XMM[11]=0x0000000000000000 0x0000000000000000
XMM[12]=0x0000000000000000 0x0000000000000000
XMM[13]=0x0000000000000000 0x0000000000000000
XMM[14]=0x0000000000000000 0x0000000000000000
XMM[15]=0x0000000000000000 0x0000000000000000
  MXCSR=0x00001fa0


Register to memory mapping:

RAX=0x00000154671d9086 is at code_begin+3078 in an Interpreter codelet
return entry points  [0x00000154671d8480, 0x00000154671da298]  7704 bytes
RBX=0x00000007105fa9d0 is an oop: bs.experian.orquestador.application.model.evento.EventoDto 
{0x00000007105fa9d0} - klass: 'bs/experian/orquestador/application/model/evento/EventoDto'
 - ---- fields (total size 4 words):
 - private 'queryId' 'Ljava/lang/String;' @12  "9368f21b-39c2-4098-a463-9b6f8e8e1485"{0x00000007105fa9f0} (0xe20bf53e)
 - private 'notificationId' 'Ljava/lang/String;' @16  "11111111-aaaa-bbbb-cccc-222222222263"{0x00000007105fb130} (0xe20bf626)
 - private 'eventType' 'Ljava/lang/String;' @20  "DocumentoDescargado"{0x00000007105fb7c0} (0xe20bf6f8)
 - private 'eventData' 'Lbs/experian/orquestador/application/model/evento/PayLoadDto;' @24  a 'bs/experian/orquestador/application/model/evento/PayLoadDto'{0x00000007105fc108} (0xe20bf821)
RCX=0x0000002c8b3fcc08 is pointing into the stack for thread: 0x000001547f43adb0
RDX=0x0000000000000003 is an unknown value
RSP=0x0000002c8b3fcbf8 is pointing into the stack for thread: 0x000001547f43adb0
RBP=0x0000002c8b3fcc50 is pointing into the stack for thread: 0x000001547f43adb0
RSI=0x00000154785402c8 points into unknown readable memory: 0x8000181f57ba42ab | ab 42 ba 57 1f 18 00 80
RDI=0x00000154777f0e60 points into unknown readable memory: 0x0000002000000070 | 70 00 00 00 20 00 00 00
R8 =0x0000000000000003 is an unknown value
R9 =0x000001547f579140 points into unknown readable memory: 0x0000001e00000003 | 03 00 00 00 1e 00 00 00
R10=0x00000154007290cb is pointing into metadata
R11=0xe20bf6f8e20bf626 is an unknown value
R12=0x0 is null
R13=0x0000002c8b3fcbf8 is pointing into the stack for thread: 0x000001547f43adb0
R14=0x0000002c8b3fcc78 is pointing into the stack for thread: 0x000001547f43adb0
R15=0x000001547f43adb0 is a thread

Top of Stack: (sp=0x0000002c8b3fcbf8)
0x0000002c8b3fcbf8:   00000154671d9086 000000070b5da210
0x0000002c8b3fcc08:   0000002c8b3fcc08 00000154007290cb
0x0000002c8b3fcc18:   0000000000000005 00000154000b0d70
0x0000002c8b3fcc28:   000000070e642878 0000000709c96d80
0x0000002c8b3fcc38:   00000154000b3868 0000002c8b3fcbf8
0x0000002c8b3fcc48:   0000002c8b3fcc80 0000002c8b3fcfa8
0x0000002c8b3fcc58:   0000015467856dbf 000000070e642290
0x0000002c8b3fcc68:   00000007105fa9d0 000000070b5da210
0x0000002c8b3fcc78:   000000070e642458 000000070a881ec8
0x0000002c8b3fcc88:   0000015467536f1e 0000000000000027
0x0000002c8b3fcc98:   000000070a881ec8 000000070e642848
0x0000002c8b3fcca8:   000000070b5da210 000000070e642750
0x0000002c8b3fccb8:   00000007105fa9d0 00000007105fa9d0
0x0000002c8b3fccc8:   000000070e642620 000000070e642458
0x0000002c8b3fccd8:   000000070b5da210 0000015467856cd4
0x0000002c8b3fcce8:   00007ffcd95a8e90 0000002c8b3fcfa8
0x0000002c8b3fccf8:   0000015467d7e132 000000070a881ec8
0x0000002c8b3fcd08:   000000070e642878 000000070e642848
0x0000002c8b3fcd18:   0000015400000001 000000070a881ec8
0x0000002c8b3fcd28:   000000070af137d0 000000070b6145a0
0x0000002c8b3fcd38:   000001547f43adb0 0000002c8b3fcfa8
0x0000002c8b3fcd48:   00000154675fc4dc 00000154736f2c90
0x0000002c8b3fcd58:   00007ffcd929323c 0000002c8b3fcfa8
0x0000002c8b3fcd68:   00000154681eda74 0000000000000000
0x0000002c8b3fcd78:   0000000000000000 0000000000000000
0x0000002c8b3fcd88:   0000000000000000 0000000000000000
0x0000002c8b3fcd98:   0000000000000000 0000000000000000
0x0000002c8b3fcda8:   0000000000000000 000000070e642878
0x0000002c8b3fcdb8:   000000070e642178 000000070b5da210
0x0000002c8b3fcdc8:   0000000709c86488 000000070b5e2808
0x0000002c8b3fcdd8:   000000070b6145a0 0000000000000000
0x0000002c8b3fcde8:   000000070e642878 0000002c8b3fcfa8 

Instructions: (pc=0x0000015467202b24)
0x0000015467202a24:   54 01 00 00 80 2a 20 67 54 01 00 00 00 3b 20 67
0x0000015467202a34:   54 01 00 00 70 2a 20 67 54 01 00 00 70 2a 20 67
0x0000015467202a44:   54 01 00 00 00 00 00 00 00 00 00 00 78 db 87 d9
0x0000015467202a54:   fc 7f 00 00 f0 10 00 00 60 00 00 00 ff ff ff ff
0x0000015467202a64:   f0 10 00 00 00 00 00 00 00 00 00 00 00 00 00 00
0x0000015467202a74:   00 00 00 00 00 00 00 00 00 00 00 00 f4 66 66 66
0x0000015467202a84:   0f 1f 84 00 00 00 00 00 66 66 0f 1f 84 00 00 00
0x0000015467202a94:   00 00 66 66 0f 1f 84 00 00 00 00 00 48 8b 53 08
0x0000015467202aa4:   0f b7 52 2e 48 8b 0c d4 8b 59 14 48 c1 e3 03 8b
0x0000015467202ab4:   5b 28 48 c1 e3 03 8b 5b 24 48 c1 e3 03 48 8b 5b
0x0000015467202ac4:   10 48 85 db 0f 84 10 00 00 00 41 80 bf d8 05 00
0x0000015467202ad4:   00 00 74 03 ff 63 38 ff 63 50 e9 9d 16 00 00 66
0x0000015467202ae4:   66 66 0f 1f 84 00 00 00 00 00 66 0f 1f 84 00 00
0x0000015467202af4:   00 00 00 66 0f 1f 84 00 00 00 00 00 48 8b 53 08
0x0000015467202b04:   0f b7 52 2e 48 8b 0c d4 58 5b 50 44 8b 51 08 49
0x0000015467202b14:   bb 00 00 00 00 54 01 00 00 4d 03 d3 4c 8b 5b 10
0x0000015467202b24:   4b 8b 9c da d0 01 00 00 48 85 db 0f 84 10 00 00
0x0000015467202b34:   00 41 80 bf d8 05 00 00 00 74 03 ff 63 38 ff 63
0x0000015467202b44:   50 e9 36 16 00 00 66 66 66 0f 1f 84 00 00 00 00
0x0000015467202b54:   00 66 66 66 0f 1f 84 00 00 00 00 00 58 5b 50 8b
0x0000015467202b64:   5b 24 48 c1 e3 03 48 8b 5b 10 48 85 db 0f 84 10
0x0000015467202b74:   00 00 00 41 80 bf d8 05 00 00 00 74 03 ff 63 38
0x0000015467202b84:   ff 63 50 e9 f4 15 00 00 66 66 0f 1f 84 00 00 00
0x0000015467202b94:   00 00 66 66 0f 1f 84 00 00 00 00 00 48 8b 53 08
0x0000015467202ba4:   0f b7 52 2e 48 8b 0c d4 58 5b 50 48 3b 01 8b 5b
0x0000015467202bb4:   24 48 c1 e3 03 48 8b 5b 10 48 85 db 0f 84 10 00
0x0000015467202bc4:   00 00 41 80 bf d8 05 00 00 00 74 03 ff 63 38 ff
0x0000015467202bd4:   63 50 e9 a5 15 00 00 0f 1f 44 00 00 48 8b 53 08
0x0000015467202be4:   0f b7 52 2e 48 8b 0c d4 58 5b 50 44 8b 51 08 49
0x0000015467202bf4:   bb 00 00 00 00 54 01 00 00 4d 03 d3 8b 43 18 48
0x0000015467202c04:   c1 e0 03 48 8b 40 10 48 8b 5b 10 45 8b 9a ac 00
0x0000015467202c14:   00 00 4f 8d 9c da d0 01 00 00 4d 8d 14 da 49 8b 


Stack slot to memory mapping:

stack at sp + 0 slots: 0x00000154671d9086 is at code_begin+3078 in an Interpreter codelet
return entry points  [0x00000154671d8480, 0x00000154671da298]  7704 bytes
stack at sp + 1 slots: 0x000000070b5da210 is an oop: bs.experian.orquestador.infrastructure.persistence.solicitud.ProcesadorSolicitudesRepository 
{0x000000070b5da210} - klass: 'bs/experian/orquestador/infrastructure/persistence/solicitud/ProcesadorSolicitudesRepository'
 - ---- fields (total size 2 words):
 - private final 'solicitudRepository' 'Lbs/experian/orquestador/infrastructure/persistence/solicitud/SolicitudRepository;' @12  a 'jdk/proxy2/$Proxy125'{0x000000070b5da220} (0xe16bb444)
stack at sp + 2 slots: 0x0000002c8b3fcc08 is pointing into the stack for thread: 0x000001547f43adb0
stack at sp + 3 slots: 0x00000154007290cb is pointing into metadata
stack at sp + 4 slots: 0x0000000000000005 is an unknown value
stack at sp + 5 slots: 0x00000154000b0d70 is pointing into metadata
stack at sp + 6 slots: 0x000000070e642878 is an oop: jdk.internal.reflect.DirectMethodHandleAccessor 
{0x000000070e642878} - klass: 'jdk/internal/reflect/DirectMethodHandleAccessor'
 - ---- fields (total size 4 words):
 - private final 'paramCount' 'I' @12  1 (0x00000001)
 - private final 'flags' 'I' @16  0 (0x00000000)
 - private final 'declaringClass' 'Ljava/lang/Class;' @20  a 'java/lang/Class'{0x000000070a881ec8} = 'bs/experian/orquestador/infrastructure/persistence/solicitud/ProcesadorSolicitudesRepository' (0xe15103d9)
 - private final 'target' 'Ljava/lang/invoke/MethodHandle;' @24  a 'java/lang/invoke/BoundMethodHandle$Species_LLL'{0x000000070e642848} (0xe1cc8509)
stack at sp + 7 slots: 0x0000000709c96d80 is an oop: java.lang.Class 
{0x0000000709c96d80} - klass: 'java/lang/Class'
 - ---- fields (total size 14 words):
 - private volatile transient 'classRedefinedCount' 'I' @12  0 (0x00000000)
 - injected 'klass' 'J' @16  1460289603896 (0x00000154000b0938)
 - injected 'array_klass' 'J' @24  0 (0x0000000000000000)
 - injected 'oop_size' 'I' @32  14 (0x0000000e)
 - injected 'static_oop_field_count' 'I' @36  0 (0x00000000)
 - private volatile transient 'cachedConstructor' 'Ljava/lang/reflect/Constructor;' @40  null (0x00000000)
 - private transient 'name' 'Ljava/lang/String;' @44  null (0x00000000)
 - private transient 'module' 'Ljava/lang/Module;' @48  a 'java/lang/Module'{0x0000000709c77960} (0xe138ef2c)
 - private final 'classLoader' 'Ljava/lang/ClassLoader;' @52  null (0x00000000)
 - private transient 'classData' 'Ljava/lang/Object;' @56  null (0x00000000)
 - private transient 'packageName' 'Ljava/lang/String;' @60  null (0x00000000)
 - private final 'componentType' 'Ljava/lang/Class;' @64  null (0x00000000)
 - private volatile transient 'reflectionData' 'Ljava/lang/ref/SoftReference;' @68  null (0x00000000)
 - private volatile transient 'genericInfo' 'Lsun/reflect/generics/repository/ClassRepository;' @72  null (0x00000000)
 - private volatile transient 'enumConstants' '[Ljava/lang/Object;' @76  null (0x00000000)
 - private volatile transient 'enumConstantDirectory' 'Ljava/util/Map;' @80  null (0x00000000)
 - private volatile transient 'annotationData' 'Ljava/lang/Class$AnnotationData;' @84  null (0x00000000)
 - private volatile transient 'annotationType' 'Lsun/reflect/annotation/AnnotationType;' @88  null (0x00000000)
 - transient 'classValueMap' 'Ljava/lang/ClassValue$ClassValueMap;' @92  null (0x00000000)
 - injected 'protection_domain' 'Ljava/lang/Object;' @96  null (0x00000000)
 - injected 'signers_name' 'Ljava/lang/Object;' @100  null (0x00000000)
 - injected 'source_file' 'Ljava/lang/Object;' @104  null (0x00000000)
 - injected '<init_lock>' 'Ljava/lang/Object;' @108  null (0x00000000)
 - signature: Ljava/lang/invoke/DirectMethodHandle$Holder;
 - ---- static fields (0):

MethodHandle::interpreter_entry::_linkToVirtual [0x0000015467202ae3, 0x0000015467202b4a] (103 bytes)
[MachCode]
  0x0000015467202ae3: 6666 660f | 1f84 0000 | 0000 0066 | 0f1f 8400 | 0000 0000 | 660f 1f84 | 0000 0000 | 0048 8b53 
  0x0000015467202b03: 080f b752 | 2e48 8b0c | d458 5b50 | 448b 5108 | 49bb 0000 | 0000 5401 | 0000 4d03 | d34c 8b5b 
  0x0000015467202b23: 104b 8b9c | dad0 0100 | 0048 85db | 0f84 1000 | 0000 4180 | bfd8 0500 | 0000 7403 | ff63 38ff 
  0x0000015467202b43: 6350 e936 | 
[/MachCode]

---------------  P R O C E S S  ---------------

Threads class SMR info:
_java_thread_list=0x000001547f514440, length=48, elements={
0x00000154723a4740, 0x00000154723a4da0, 0x00000154723a7040, 0x00000154723a7b30,
0x00000154723b5370, 0x00000154723b5cb0, 0x00000154723bbc30, 0x00000154727a61d0,
0x00000154727a6c70, 0x00000154727a9300, 0x00000154727b38f0, 0x00000154772b9db0,
0x0000015477546c60, 0x000001547755a1f0, 0x00000154775c8b00, 0x0000015477cad350,
0x0000015477cd4430, 0x0000015478ca9460, 0x0000015478ca8dd0, 0x0000015478caa810,
0x0000015478caa180, 0x0000015478caaea0, 0x0000015478ca9af0, 0x0000015479785960,
0x0000015479786d10, 0x0000015479784c40, 0x00000154797852d0, 0x00000154797873a0,
0x0000015479783f20, 0x00000154797845b0, 0x000001547f43a090, 0x000001547f43d510,
0x000001547f43ce80, 0x000001547f43a720, 0x000001547f43dba0, 0x000001547f43bad0,
0x000001547f43c160, 0x000001547f43c7f0, 0x000001547f43e230, 0x000001547f43adb0,
0x000001547f43e8c0, 0x000001547f43b440, 0x000001547f43ef50, 0x000001547f43f5e0,
0x000001547f4416b0, 0x000001547f440990, 0x000001547f5cf4f0, 0x000001547f5cc070
}

Java Threads: ( => current thread )
  0x00000154723a4740 JavaThread "Reference Handler"          daemon [_thread_blocked, id=9788, stack(0x0000002c87200000,0x0000002c87300000) (1024K)]
  0x00000154723a4da0 JavaThread "Finalizer"                  daemon [_thread_blocked, id=10456, stack(0x0000002c87300000,0x0000002c87400000) (1024K)]
  0x00000154723a7040 JavaThread "Signal Dispatcher"          daemon [_thread_blocked, id=10264, stack(0x0000002c87400000,0x0000002c87500000) (1024K)]
  0x00000154723a7b30 JavaThread "Attach Listener"            daemon [_thread_blocked, id=20704, stack(0x0000002c87500000,0x0000002c87600000) (1024K)]
  0x00000154723b5370 JavaThread "Service Thread"             daemon [_thread_blocked, id=16644, stack(0x0000002c87600000,0x0000002c87700000) (1024K)]
  0x00000154723b5cb0 JavaThread "Monitor Deflation Thread"   daemon [_thread_blocked, id=26084, stack(0x0000002c87700000,0x0000002c87800000) (1024K)]
  0x00000154723bbc30 JavaThread "C1 CompilerThread0"         daemon [_thread_blocked, id=19156, stack(0x0000002c87800000,0x0000002c87900000) (1024K)]
  0x00000154727a61d0 JavaThread "JDWP Transport Listener: dt_socket" daemon [_thread_blocked, id=16812, stack(0x0000002c87c00000,0x0000002c87d00000) (1024K)]
  0x00000154727a6c70 JavaThread "JDWP Event Helper Thread"   daemon [_thread_blocked, id=16872, stack(0x0000002c87d00000,0x0000002c87e00000) (1024K)]
  0x00000154727a9300 JavaThread "JDWP Command Reader"        daemon [_thread_in_native, id=26060, stack(0x0000002c87e00000,0x0000002c87f00000) (1024K)]
  0x00000154727b38f0 JavaThread "Common-Cleaner"             daemon [_thread_blocked, id=16516, stack(0x0000002c87f00000,0x0000002c88000000) (1024K)]
  0x00000154772b9db0 JavaThread "Notification Thread"        daemon [_thread_blocked, id=2316, stack(0x0000002c88000000,0x0000002c88100000) (1024K)]
  0x0000015477546c60 JavaThread "RMI TCP Accept-0"           daemon [_thread_in_native, id=20512, stack(0x0000002c88800000,0x0000002c88900000) (1024K)]
  0x000001547755a1f0 JavaThread "RMI TCP Accept-52894"       daemon [_thread_in_native, id=17964, stack(0x0000002c88900000,0x0000002c88a00000) (1024K)]
  0x00000154775c8b00 JavaThread "RMI TCP Accept-0"           daemon [_thread_in_native, id=24840, stack(0x0000002c88a00000,0x0000002c88b00000) (1024K)]
  0x0000015477cad350 JavaThread "RMI Scheduler(0)"           daemon [_thread_blocked, id=20156, stack(0x0000002c89100000,0x0000002c89200000) (1024K)]
  0x0000015477cd4430 JavaThread "JMX server connection timeout 51" daemon [_thread_blocked, id=2812, stack(0x0000002c89300000,0x0000002c89400000) (1024K)]
  0x0000015478ca9460 JavaThread "Catalina-utility-1"                [_thread_blocked, id=19128, stack(0x0000002c89400000,0x0000002c89500000) (1024K)]
  0x0000015478ca8dd0 JavaThread "Catalina-utility-2"                [_thread_blocked, id=26892, stack(0x0000002c89b00000,0x0000002c89c00000) (1024K)]
  0x0000015478caa810 JavaThread "container-0"                       [_thread_blocked, id=27156, stack(0x0000002c89c00000,0x0000002c89d00000) (1024K)]
  0x0000015478caa180 JavaThread "oracle.jdbc.diagnostics.Diagnostic.CLOCK" daemon [_thread_blocked, id=25108, stack(0x0000002c89d00000,0x0000002c89e00000) (1024K)]
  0x0000015478caaea0 JavaThread "oracle.jdbc.driver.BlockSource.ThreadedCachingBlockSource.BlockReleaser" daemon [_thread_blocked, id=7860, stack(0x0000002c89e00000,0x0000002c89f00000) (1024K)]
  0x0000015478ca9af0 JavaThread "InterruptTimer"             daemon [_thread_blocked, id=30024, stack(0x0000002c8a000000,0x0000002c8a100000) (1024K)]
  0x0000015479785960 JavaThread "HikariPool-1:housekeeper"   daemon [_thread_blocked, id=23844, stack(0x0000002c8a200000,0x0000002c8a300000) (1024K)]
  0x0000015479786d10 JavaThread "http-nio-6000-exec-1"       daemon [_thread_blocked, id=29128, stack(0x0000002c8a400000,0x0000002c8a500000) (1024K)]
  0x0000015479784c40 JavaThread "http-nio-6000-exec-2"       daemon [_thread_blocked, id=9596, stack(0x0000002c8a500000,0x0000002c8a600000) (1024K)]
  0x00000154797852d0 JavaThread "http-nio-6000-exec-3"       daemon [_thread_blocked, id=23536, stack(0x0000002c8a600000,0x0000002c8a700000) (1024K)]
  0x00000154797873a0 JavaThread "http-nio-6000-exec-4"       daemon [_thread_blocked, id=15596, stack(0x0000002c8a700000,0x0000002c8a800000) (1024K)]
  0x0000015479783f20 JavaThread "http-nio-6000-exec-5"       daemon [_thread_blocked, id=17712, stack(0x0000002c8a800000,0x0000002c8a900000) (1024K)]
  0x00000154797845b0 JavaThread "http-nio-6000-exec-6"       daemon [_thread_blocked, id=13384, stack(0x0000002c8a900000,0x0000002c8aa00000) (1024K)]
  0x000001547f43a090 JavaThread "http-nio-6000-exec-7"       daemon [_thread_blocked, id=25488, stack(0x0000002c8aa00000,0x0000002c8ab00000) (1024K)]
  0x000001547f43d510 JavaThread "http-nio-6000-exec-8"       daemon [_thread_blocked, id=14684, stack(0x0000002c8ab00000,0x0000002c8ac00000) (1024K)]
  0x000001547f43ce80 JavaThread "http-nio-6000-exec-9"       daemon [_thread_blocked, id=944, stack(0x0000002c8ac00000,0x0000002c8ad00000) (1024K)]
  0x000001547f43a720 JavaThread "http-nio-6000-exec-10"      daemon [_thread_blocked, id=28088, stack(0x0000002c8ad00000,0x0000002c8ae00000) (1024K)]
  0x000001547f43dba0 JavaThread "http-nio-6000-Poller"       daemon [_thread_in_native, id=16904, stack(0x0000002c8ae00000,0x0000002c8af00000) (1024K)]
  0x000001547f43bad0 JavaThread "http-nio-6000-Acceptor"     daemon [_thread_in_native, id=4920, stack(0x0000002c8af00000,0x0000002c8b000000) (1024K)]
  0x000001547f43c160 JavaThread "ThreadPoolTaskScheduler-1"         [_thread_blocked, id=6096, stack(0x0000002c8b000000,0x0000002c8b100000) (1024K)]
  0x000001547f43c7f0 JavaThread "org.springframework.kafka.KafkaListenerEndpointContainer#0-dlt-0-C-1"        [_thread_in_native, id=19468, stack(0x0000002c8b100000,0x0000002c8b200000) (1024K)]
  0x000001547f43e230 JavaThread "ThreadPoolTaskScheduler-1"         [_thread_blocked, id=29360, stack(0x0000002c8b200000,0x0000002c8b300000) (1024K)]
=>0x000001547f43adb0 JavaThread "org.springframework.kafka.KafkaListenerEndpointContainer#0-0-C-1"        [_thread_in_Java, id=2332, stack(0x0000002c8b300000,0x0000002c8b400000) (1024K)]
  0x000001547f43e8c0 JavaThread "ThreadPoolTaskScheduler-1"         [_thread_blocked, id=24772, stack(0x0000002c8b400000,0x0000002c8b500000) (1024K)]
  0x000001547f43b440 JavaThread "org.springframework.kafka.KafkaListenerEndpointContainer#0-retry-0-C-1"        [_thread_in_native, id=22076, stack(0x0000002c8b500000,0x0000002c8b600000) (1024K)]
  0x000001547f43ef50 JavaThread "kafka-coordinator-heartbeat-thread | orquestador-experian-dlt" daemon [_thread_blocked, id=1956, stack(0x0000002c8b600000,0x0000002c8b700000) (1024K)]
  0x000001547f43f5e0 JavaThread "kafka-coordinator-heartbeat-thread | orquestador-experian" daemon [_thread_blocked, id=5812, stack(0x0000002c8b700000,0x0000002c8b800000) (1024K)]
  0x000001547f4416b0 JavaThread "kafka-coordinator-heartbeat-thread | orquestador-experian-retry" daemon [_thread_blocked, id=23272, stack(0x0000002c8b800000,0x0000002c8b900000) (1024K)]
  0x000001547f440990 JavaThread "DestroyJavaVM"                     [_thread_blocked, id=3212, stack(0x0000002c86a00000,0x0000002c86b00000) (1024K)]
  0x000001547f5cf4f0 JavaThread "RMI TCP Connection(idle)"   daemon [_thread_blocked, id=30496, stack(0x0000002c8bd00000,0x0000002c8be00000) (1024K)]
  0x000001547f5cc070 JavaThread "kafka-producer-network-thread | experian-orquestador-producer-1" daemon [_thread_in_native, id=16488, stack(0x0000002c87900000,0x0000002c87a00000) (1024K)]
Total: 48

Other Threads:
  0x0000015472386c50 VMThread "VM Thread"                           [id=14152, stack(0x0000002c87100000,0x0000002c87200000) (1024K)]
  0x000001547236c870 WatcherThread "VM Periodic Task Thread"        [id=10964, stack(0x0000002c87000000,0x0000002c87100000) (1024K)]
  0x000001545eb31e60 WorkerThread "GC Thread#0"                     [id=23548, stack(0x0000002c86b00000,0x0000002c86c00000) (1024K)]
  0x0000015477502980 WorkerThread "GC Thread#1"                     [id=472, stack(0x0000002c88100000,0x0000002c88200000) (1024K)]
  0x0000015477502d20 WorkerThread "GC Thread#2"                     [id=6556, stack(0x0000002c88200000,0x0000002c88300000) (1024K)]
  0x00000154775030c0 WorkerThread "GC Thread#3"                     [id=23052, stack(0x0000002c88300000,0x0000002c88400000) (1024K)]
  0x0000015477503460 WorkerThread "GC Thread#4"                     [id=16992, stack(0x0000002c88400000,0x0000002c88500000) (1024K)]
  0x000001547751b1a0 WorkerThread "GC Thread#5"                     [id=14732, stack(0x0000002c88500000,0x0000002c88600000) (1024K)]
  0x00000154775243e0 WorkerThread "GC Thread#6"                     [id=12656, stack(0x0000002c88600000,0x0000002c88700000) (1024K)]
  0x00000154775257b0 WorkerThread "GC Thread#7"                     [id=13044, stack(0x0000002c88700000,0x0000002c88800000) (1024K)]
  0x0000015477a070a0 WorkerThread "GC Thread#8"                     [id=18048, stack(0x0000002c88b00000,0x0000002c88c00000) (1024K)]
  0x0000015477a065c0 WorkerThread "GC Thread#9"                     [id=6344, stack(0x0000002c88c00000,0x0000002c88d00000) (1024K)]
  0x0000015477a05740 WorkerThread "GC Thread#10"                    [id=15912, stack(0x0000002c88d00000,0x0000002c88e00000) (1024K)]
  0x0000015477a06d00 WorkerThread "GC Thread#11"                    [id=19356, stack(0x0000002c88e00000,0x0000002c88f00000) (1024K)]
  0x0000015477a05ae0 WorkerThread "GC Thread#12"                    [id=19496, stack(0x0000002c88f00000,0x0000002c89000000) (1024K)]
  0x000001545eb423d0 ConcurrentGCThread "G1 Main Marker"            [id=30100, stack(0x0000002c86c00000,0x0000002c86d00000) (1024K)]
  0x000001545eb452b0 WorkerThread "G1 Conc#0"                       [id=28364, stack(0x0000002c86d00000,0x0000002c86e00000) (1024K)]
  0x0000015477fc5300 WorkerThread "G1 Conc#1"                       [id=23952, stack(0x0000002c89500000,0x0000002c89600000) (1024K)]
  0x0000015477fc56a0 WorkerThread "G1 Conc#2"                       [id=20660, stack(0x0000002c89600000,0x0000002c89700000) (1024K)]
  0x000001547223f440 ConcurrentGCThread "G1 Refine#0"               [id=28176, stack(0x0000002c86e00000,0x0000002c86f00000) (1024K)]
  0x000001547223f870 ConcurrentGCThread "G1 Service"                [id=22384, stack(0x0000002c86f00000,0x0000002c87000000) (1024K)]
Total: 21

Threads with active compile tasks:
Total: 0

VM state: not at safepoint (normal execution)

VM Mutex/Monitor currently owned by a thread: None

Heap address: 0x0000000709800000, size: 3944 MB, Compressed Oops mode: Zero based, Oop shift amount: 3

CDS archive(s) mapped at: [0x0000015400000000-0x0000015400c80000-0x0000015400c80000), size 13107200, SharedBaseAddress: 0x0000015400000000, ArchiveRelocationMode: 1.
Compressed class space mapped at: 0x0000015401000000-0x0000015441000000, reserved size: 1073741824
Narrow klass base: 0x0000015400000000, Narrow klass shift: 0, Narrow klass range: 0x100000000

GC Precious Log:
 CardTable entry size: 512
 Card Set container configuration: InlinePtr #cards 4 size 8 Array Of Cards #cards 16 size 48 Howl #buckets 8 coarsen threshold 3686 Howl Bitmap #cards 512 size 80 coarsen threshold 460 Card regions per heap region 1 cards per card region 4096
 CPUs: 16 total, 16 available
 Memory: 15772M
 Large Page Support: Disabled
 NUMA Support: Disabled
 Compressed Oops: Enabled (Zero based)
 Heap Region Size: 2M
 Heap Min Capacity: 8M
 Heap Initial Capacity: 248M
 Heap Max Capacity: 3944M
 Pre-touch: Disabled
 Parallel Workers: 13
 Concurrent Workers: 3
 Concurrent Refinement Workers: 13
 Periodic GC: Disabled

Heap:
 garbage-first heap   total 133120K, used 111553K [0x0000000709800000, 0x0000000800000000)
  region size 2048K, 38 young (77824K), 2 survivors (4096K)
 Metaspace       used 100615K, committed 101568K, reserved 1179648K
  class space    used 13931K, committed 14336K, reserved 1048576K

Heap Regions: E=young(eden), S=young(survivor), O=old, HS=humongous(starts), HC=humongous(continues), CS=collection set, F=free, TAMS=top-at-mark-start, PB=parsable bottom
|   0|0x0000000709800000, 0x0000000709a00000, 0x0000000709a00000|100%| O|  |TAMS 0x0000000709800000| PB 0x0000000709800000| Untracked 
|   1|0x0000000709a00000, 0x0000000709c00000, 0x0000000709c00000|100%| O|  |TAMS 0x0000000709a00000| PB 0x0000000709a00000| Untracked 
|   2|0x0000000709c00000, 0x0000000709e00000, 0x0000000709e00000|100%| O|  |TAMS 0x0000000709c00000| PB 0x0000000709c00000| Untracked 
|   3|0x0000000709e00000, 0x000000070a000000, 0x000000070a000000|100%| O|  |TAMS 0x0000000709e00000| PB 0x0000000709e00000| Untracked 
|   4|0x000000070a000000, 0x000000070a200000, 0x000000070a200000|100%| O|  |TAMS 0x000000070a000000| PB 0x000000070a000000| Untracked 
|   5|0x000000070a200000, 0x000000070a400000, 0x000000070a400000|100%| O|  |TAMS 0x000000070a200000| PB 0x000000070a200000| Untracked 
|   6|0x000000070a400000, 0x000000070a600000, 0x000000070a600000|100%| O|Cm|TAMS 0x000000070a400000| PB 0x000000070a400000| Complete 
|   7|0x000000070a600000, 0x000000070a800000, 0x000000070a800000|100%| O|  |TAMS 0x000000070a600000| PB 0x000000070a600000| Untracked 
|   8|0x000000070a800000, 0x000000070a9e8520, 0x000000070aa00000| 95%| O|  |TAMS 0x000000070a800000| PB 0x000000070a800000| Untracked 
|   9|0x000000070aa00000, 0x000000070ac00000, 0x000000070ac00000|100%| O|  |TAMS 0x000000070aa00000| PB 0x000000070aa00000| Untracked 
|  10|0x000000070ac00000, 0x000000070ae00000, 0x000000070ae00000|100%| O|  |TAMS 0x000000070ac00000| PB 0x000000070ac00000| Untracked 
|  11|0x000000070ae00000, 0x000000070b000000, 0x000000070b000000|100%| O|  |TAMS 0x000000070ae00000| PB 0x000000070ae00000| Untracked 
|  12|0x000000070b000000, 0x000000070b200000, 0x000000070b200000|100%| O|  |TAMS 0x000000070b000000| PB 0x000000070b000000| Untracked 
|  13|0x000000070b200000, 0x000000070b400000, 0x000000070b400000|100%| O|  |TAMS 0x000000070b200000| PB 0x000000070b200000| Untracked 
|  14|0x000000070b400000, 0x000000070b600000, 0x000000070b600000|100%| O|  |TAMS 0x000000070b400000| PB 0x000000070b400000| Untracked 
|  15|0x000000070b600000, 0x000000070b800000, 0x000000070b800000|100%| O|  |TAMS 0x000000070b600000| PB 0x000000070b600000| Untracked 
|  16|0x000000070b800000, 0x000000070ba00000, 0x000000070ba00000|100%| O|  |TAMS 0x000000070b800000| PB 0x000000070b800000| Untracked 
|  17|0x000000070ba00000, 0x000000070bc00000, 0x000000070bc00000|100%| O|  |TAMS 0x000000070ba00000| PB 0x000000070ba00000| Untracked 
|  18|0x000000070bc00000, 0x000000070be00000, 0x000000070be00000|100%| O|  |TAMS 0x000000070bc00000| PB 0x000000070bc00000| Untracked 
|  19|0x000000070be00000, 0x000000070be70e80, 0x000000070c000000| 22%| O|  |TAMS 0x000000070be00000| PB 0x000000070be00000| Untracked 
|  20|0x000000070c000000, 0x000000070c000000, 0x000000070c200000|  0%| F|  |TAMS 0x000000070c000000| PB 0x000000070c000000| Untracked 
|  21|0x000000070c200000, 0x000000070c200000, 0x000000070c400000|  0%| F|  |TAMS 0x000000070c200000| PB 0x000000070c200000| Untracked 
|  22|0x000000070c400000, 0x000000070c497180, 0x000000070c600000| 29%| S|CS|TAMS 0x000000070c400000| PB 0x000000070c400000| Complete 
|  23|0x000000070c600000, 0x000000070c800000, 0x000000070c800000|100%| S|CS|TAMS 0x000000070c600000| PB 0x000000070c600000| Complete 
|  24|0x000000070c800000, 0x000000070c800000, 0x000000070ca00000|  0%| F|  |TAMS 0x000000070c800000| PB 0x000000070c800000| Untracked 
|  25|0x000000070ca00000, 0x000000070ca00000, 0x000000070cc00000|  0%| F|  |TAMS 0x000000070ca00000| PB 0x000000070ca00000| Untracked 
|  26|0x000000070cc00000, 0x000000070cc00000, 0x000000070ce00000|  0%| F|  |TAMS 0x000000070cc00000| PB 0x000000070cc00000| Untracked 
|  27|0x000000070ce00000, 0x000000070ce00000, 0x000000070d000000|  0%| F|  |TAMS 0x000000070ce00000| PB 0x000000070ce00000| Untracked 
|  28|0x000000070d000000, 0x000000070d000000, 0x000000070d200000|  0%| F|  |TAMS 0x000000070d000000| PB 0x000000070d000000| Untracked 
|  29|0x000000070d200000, 0x000000070d3a9f80, 0x000000070d400000| 83%| E|  |TAMS 0x000000070d200000| PB 0x000000070d200000| Complete 
|  30|0x000000070d400000, 0x000000070d600000, 0x000000070d600000|100%| E|CS|TAMS 0x000000070d400000| PB 0x000000070d400000| Complete 
|  31|0x000000070d600000, 0x000000070d800000, 0x000000070d800000|100%| E|CS|TAMS 0x000000070d600000| PB 0x000000070d600000| Complete 
|  32|0x000000070d800000, 0x000000070da00000, 0x000000070da00000|100%| E|CS|TAMS 0x000000070d800000| PB 0x000000070d800000| Complete 
|  33|0x000000070da00000, 0x000000070dc00000, 0x000000070dc00000|100%| E|CS|TAMS 0x000000070da00000| PB 0x000000070da00000| Complete 
|  34|0x000000070dc00000, 0x000000070de00000, 0x000000070de00000|100%| E|CS|TAMS 0x000000070dc00000| PB 0x000000070dc00000| Complete 
|  35|0x000000070de00000, 0x000000070e000000, 0x000000070e000000|100%| E|CS|TAMS 0x000000070de00000| PB 0x000000070de00000| Complete 
|  36|0x000000070e000000, 0x000000070e200000, 0x000000070e200000|100%| E|CS|TAMS 0x000000070e000000| PB 0x000000070e000000| Complete 
|  37|0x000000070e200000, 0x000000070e400000, 0x000000070e400000|100%| E|CS|TAMS 0x000000070e200000| PB 0x000000070e200000| Complete 
|  38|0x000000070e400000, 0x000000070e600000, 0x000000070e600000|100%| E|CS|TAMS 0x000000070e400000| PB 0x000000070e400000| Complete 
|  39|0x000000070e600000, 0x000000070e800000, 0x000000070e800000|100%| E|CS|TAMS 0x000000070e600000| PB 0x000000070e600000| Complete 
|  40|0x000000070e800000, 0x000000070ea00000, 0x000000070ea00000|100%| E|CS|TAMS 0x000000070e800000| PB 0x000000070e800000| Complete 
|  41|0x000000070ea00000, 0x000000070ec00000, 0x000000070ec00000|100%| E|CS|TAMS 0x000000070ea00000| PB 0x000000070ea00000| Complete 
|  42|0x000000070ec00000, 0x000000070ee00000, 0x000000070ee00000|100%| E|CS|TAMS 0x000000070ec00000| PB 0x000000070ec00000| Complete 
|  43|0x000000070ee00000, 0x000000070f000000, 0x000000070f000000|100%| E|CS|TAMS 0x000000070ee00000| PB 0x000000070ee00000| Complete 
|  44|0x000000070f000000, 0x000000070f200000, 0x000000070f200000|100%| E|CS|TAMS 0x000000070f000000| PB 0x000000070f000000| Complete 
|  45|0x000000070f200000, 0x000000070f400000, 0x000000070f400000|100%| E|CS|TAMS 0x000000070f200000| PB 0x000000070f200000| Complete 
|  46|0x000000070f400000, 0x000000070f600000, 0x000000070f600000|100%| E|CS|TAMS 0x000000070f400000| PB 0x000000070f400000| Complete 
|  47|0x000000070f600000, 0x000000070f800000, 0x000000070f800000|100%| E|CS|TAMS 0x000000070f600000| PB 0x000000070f600000| Complete 
|  48|0x000000070f800000, 0x000000070fa00000, 0x000000070fa00000|100%| E|CS|TAMS 0x000000070f800000| PB 0x000000070f800000| Complete 
|  49|0x000000070fa00000, 0x000000070fc00000, 0x000000070fc00000|100%| E|CS|TAMS 0x000000070fa00000| PB 0x000000070fa00000| Complete 
|  50|0x000000070fc00000, 0x000000070fe00000, 0x000000070fe00000|100%| E|CS|TAMS 0x000000070fc00000| PB 0x000000070fc00000| Complete 
|  51|0x000000070fe00000, 0x0000000710000000, 0x0000000710000000|100%| E|CS|TAMS 0x000000070fe00000| PB 0x000000070fe00000| Complete 
|  52|0x0000000710000000, 0x0000000710200000, 0x0000000710200000|100%| E|CS|TAMS 0x0000000710000000| PB 0x0000000710000000| Complete 
|  53|0x0000000710200000, 0x0000000710400000, 0x0000000710400000|100%| E|CS|TAMS 0x0000000710200000| PB 0x0000000710200000| Complete 
|  54|0x0000000710400000, 0x0000000710600000, 0x0000000710600000|100%| E|CS|TAMS 0x0000000710400000| PB 0x0000000710400000| Complete 
|  55|0x0000000710600000, 0x0000000710800000, 0x0000000710800000|100%| E|CS|TAMS 0x0000000710600000| PB 0x0000000710600000| Complete 
|  56|0x0000000710800000, 0x0000000710a00000, 0x0000000710a00000|100%| E|CS|TAMS 0x0000000710800000| PB 0x0000000710800000| Complete 
|  57|0x0000000710a00000, 0x0000000710c00000, 0x0000000710c00000|100%| E|  |TAMS 0x0000000710a00000| PB 0x0000000710a00000| Complete 
|  58|0x0000000710c00000, 0x0000000710e00000, 0x0000000710e00000|100%| E|CS|TAMS 0x0000000710c00000| PB 0x0000000710c00000| Complete 
|  59|0x0000000710e00000, 0x0000000711000000, 0x0000000711000000|100%| E|CS|TAMS 0x0000000710e00000| PB 0x0000000710e00000| Complete 
|  60|0x0000000711000000, 0x0000000711200000, 0x0000000711200000|100%| E|CS|TAMS 0x0000000711000000| PB 0x0000000711000000| Complete 
|  61|0x0000000711200000, 0x0000000711400000, 0x0000000711400000|100%| E|CS|TAMS 0x0000000711200000| PB 0x0000000711200000| Complete 
|  66|0x0000000711c00000, 0x0000000711e00000, 0x0000000711e00000|100%| E|CS|TAMS 0x0000000711c00000| PB 0x0000000711c00000| Complete 
|  67|0x0000000711e00000, 0x0000000712000000, 0x0000000712000000|100%| E|CS|TAMS 0x0000000711e00000| PB 0x0000000711e00000| Complete 
| 123|0x0000000718e00000, 0x0000000719000000, 0x0000000719000000|100%| E|CS|TAMS 0x0000000718e00000| PB 0x0000000718e00000| Complete 

Card table byte_map: [0x000001546aff0000,0x000001546b7b0000] _byte_map_base: 0x00000154677a4000

Marking Bits: (CMBitMap*) 0x000001545eb32470
 Bits: [0x000001546b7b0000, 0x000001546f550000)

Polling page: 0x000001545c930000

Metaspace:

Usage:
  Non-class:     84.65 MB used.
      Class:     13.60 MB used.
       Both:     98.26 MB used.

Virtual space:
  Non-class space:      128.00 MB reserved,      85.19 MB ( 67%) committed,  2 nodes.
      Class space:        1.00 GB reserved,      14.00 MB (  1%) committed,  1 nodes.
             Both:        1.12 GB reserved,      99.19 MB (  9%) committed. 

Chunk freelists:
   Non-Class:  10.86 MB
       Class:  1.95 MB
        Both:  12.81 MB

MaxMetaspaceSize: unlimited
CompressedClassSpaceSize: 1.00 GB
Initial GC threshold: 21.00 MB
Current GC threshold: 152.12 MB
CDS: on
 - commit_granule_bytes: 65536.
 - commit_granule_words: 8192.
 - virtual_space_node_default_size: 8388608.
 - enlarge_chunks_in_place: 1.
 - use_allocation_guard: 0.


Internal statistics:

num_allocs_failed_limit: 12.
num_arena_births: 1330.
num_arena_deaths: 0.
num_vsnodes_births: 3.
num_vsnodes_deaths: 0.
num_space_committed: 1587.
num_space_uncommitted: 0.
num_chunks_returned_to_freelist: 12.
num_chunks_taken_from_freelist: 4925.
num_chunk_merges: 12.
num_chunk_splits: 3688.
num_chunks_enlarged: 2994.
num_inconsistent_stats: 0.

CodeCache: size=49152Kb used=14798Kb max_used=17385Kb free=34353Kb
 bounds [0x00000154671d0000, 0x00000154682d0000, 0x000001546a1d0000]
 total_blobs=8663, nmethods=7758, adapters=828, full_count=0
Compilation: enabled, stopped_count=0, restarted_count=0

Compilation events (20 events):
Event: 158.366 Thread 0x00000154723bbc30 8481       1       java.util.concurrent.ThreadPoolExecutor$Worker::lock (6 bytes)
Event: 158.367 Thread 0x00000154723bbc30 nmethod 8481 0x0000015467407310 code [0x00000154674074c0, 0x0000015467407698]
Event: 158.367 Thread 0x00000154723bbc30 8482       1       java.util.concurrent.ThreadPoolExecutor$Worker::tryAcquire (20 bytes)
Event: 158.367 Thread 0x00000154723bbc30 nmethod 8482 0x0000015467406f10 code [0x00000154674070c0, 0x0000015467407240]
Event: 158.514 Thread 0x00000154723bbc30 8483       1       org.apache.kafka.common.message.HeartbeatRequestData::groupInstanceId (5 bytes)
Event: 158.514 Thread 0x00000154723bbc30 nmethod 8483 0x0000015467406c10 code [0x0000015467406da0, 0x0000015467406e70]
Event: 158.715 Thread 0x00000154723bbc30 8484       1       org.apache.kafka.common.requests.HeartbeatResponse::throttleTimeMs (8 bytes)
Event: 158.715 Thread 0x00000154723bbc30 nmethod 8484 0x0000015467406910 code [0x0000015467406aa0, 0x0000015467406b78]
Event: 159.468 Thread 0x00000154723bbc30 8485       1       org.apache.kafka.common.message.HeartbeatResponseData::errorCode (5 bytes)
Event: 159.468 Thread 0x00000154723bbc30 nmethod 8485 0x0000015467406610 code [0x00000154674067a0, 0x0000015467406870]
Event: 161.520 Thread 0x00000154723bbc30 8486       1       org.apache.kafka.clients.consumer.ConsumerRecords::count (50 bytes)
Event: 161.520 Thread 0x00000154723bbc30 nmethod 8486 0x0000015467406090 code [0x0000015467406280, 0x00000154674064d0]
Event: 162.374 Thread 0x00000154723bbc30 8487       1       java.util.concurrent.locks.ReentrantLock::lockInterruptibly (8 bytes)
Event: 162.374 Thread 0x00000154723bbc30 nmethod 8487 0x0000015467405a90 code [0x0000015467405c80, 0x0000015467405ee0]
Event: 162.374 Thread 0x00000154723bbc30 8488       1       java.util.concurrent.locks.ReentrantLock$Sync::lockInterruptibly (27 bytes)
Event: 162.375 Thread 0x00000154723bbc30 nmethod 8488 0x0000015467405510 code [0x00000154674056e0, 0x0000015467405920]
Event: 162.488 Thread 0x00000154723bbc30 8489       1       org.apache.catalina.LifecycleState::isAvailable (5 bytes)
Event: 162.488 Thread 0x00000154723bbc30 nmethod 8489 0x0000015467405210 code [0x00000154674053a0, 0x0000015467405470]
Event: 162.488 Thread 0x00000154723bbc30 8490       1       org.apache.catalina.webresources.CachedResource::getNextCheck (5 bytes)
Event: 162.488 Thread 0x00000154723bbc30 nmethod 8490 0x0000015467404f10 code [0x00000154674050a0, 0x0000015467405170]

GC Heap History (20 events):
Event: 3.425 GC heap before
{Heap before GC invocations=15 (full 0):
 garbage-first heap   total 92160K, used 51641K [0x0000000709800000, 0x0000000800000000)
  region size 2048K, 15 young (30720K), 2 survivors (4096K)
 Metaspace       used 55009K, committed 55616K, reserved 1114112K
  class space    used 7542K, committed 7808K, reserved 1048576K
}
Event: 3.427 GC heap after
{Heap after GC invocations=16 (full 0):
 garbage-first heap   total 92160K, used 27256K [0x0000000709800000, 0x0000000800000000)
  region size 2048K, 3 young (6144K), 3 survivors (6144K)
 Metaspace       used 55009K, committed 55616K, reserved 1114112K
  class space    used 7542K, committed 7808K, reserved 1048576K
}
Event: 3.728 GC heap before
{Heap before GC invocations=17 (full 0):
 garbage-first heap   total 92160K, used 74360K [0x0000000709800000, 0x0000000800000000)
  region size 2048K, 27 young (55296K), 3 survivors (6144K)
 Metaspace       used 59276K, committed 59968K, reserved 1114112K
  class space    used 8265K, committed 8576K, reserved 1048576K
}
Event: 3.731 GC heap after
{Heap after GC invocations=18 (full 0):
 garbage-first heap   total 110592K, used 29113K [0x0000000709800000, 0x0000000800000000)
  region size 2048K, 3 young (6144K), 3 survivors (6144K)
 Metaspace       used 59276K, committed 59968K, reserved 1114112K
  class space    used 8265K, committed 8576K, reserved 1048576K
}
Event: 4.084 GC heap before
{Heap before GC invocations=18 (full 0):
 garbage-first heap   total 110592K, used 86457K [0x0000000709800000, 0x0000000800000000)
  region size 2048K, 32 young (65536K), 3 survivors (6144K)
 Metaspace       used 65684K, committed 66304K, reserved 1114112K
  class space    used 9174K, committed 9472K, reserved 1048576K
}
Event: 4.088 GC heap after
{Heap after GC invocations=19 (full 0):
 garbage-first heap   total 110592K, used 29868K [0x0000000709800000, 0x0000000800000000)
  region size 2048K, 3 young (6144K), 3 survivors (6144K)
 Metaspace       used 65684K, committed 66304K, reserved 1114112K
  class space    used 9174K, committed 9472K, reserved 1048576K
}
Event: 4.457 GC heap before
{Heap before GC invocations=19 (full 0):
 garbage-first heap   total 110592K, used 89260K [0x0000000709800000, 0x0000000800000000)
  region size 2048K, 32 young (65536K), 3 survivors (6144K)
 Metaspace       used 70727K, committed 71424K, reserved 1114112K
  class space    used 10029K, committed 10304K, reserved 1048576K
}
Event: 4.459 GC heap after
{Heap after GC invocations=20 (full 0):
 garbage-first heap   total 110592K, used 31135K [0x0000000709800000, 0x0000000800000000)
  region size 2048K, 3 young (6144K), 3 survivors (6144K)
 Metaspace       used 70727K, committed 71424K, reserved 1114112K
  class space    used 10029K, committed 10304K, reserved 1048576K
}
Event: 5.025 GC heap before
{Heap before GC invocations=20 (full 0):
 garbage-first heap   total 110592K, used 90527K [0x0000000709800000, 0x0000000800000000)
  region size 2048K, 32 young (65536K), 3 survivors (6144K)
 Metaspace       used 76809K, committed 77504K, reserved 1179648K
  class space    used 10904K, committed 11200K, reserved 1048576K
}
Event: 5.028 GC heap after
{Heap after GC invocations=21 (full 0):
 garbage-first heap   total 110592K, used 33494K [0x0000000709800000, 0x0000000800000000)
  region size 2048K, 4 young (8192K), 4 survivors (8192K)
 Metaspace       used 76809K, committed 77504K, reserved 1179648K
  class space    used 10904K, committed 11200K, reserved 1048576K
}
Event: 5.438 GC heap before
{Heap before GC invocations=21 (full 0):
 garbage-first heap   total 110592K, used 90838K [0x0000000709800000, 0x0000000800000000)
  region size 2048K, 32 young (65536K), 4 survivors (8192K)
 Metaspace       used 81641K, committed 82368K, reserved 1179648K
  class space    used 11540K, committed 11904K, reserved 1048576K
}
Event: 5.442 GC heap after
{Heap after GC invocations=22 (full 0):
 garbage-first heap   total 110592K, used 35661K [0x0000000709800000, 0x0000000800000000)
  region size 2048K, 3 young (6144K), 3 survivors (6144K)
 Metaspace       used 81641K, committed 82368K, reserved 1179648K
  class space    used 11540K, committed 11904K, reserved 1048576K
}
Event: 5.904 GC heap before
{Heap before GC invocations=22 (full 0):
 garbage-first heap   total 110592K, used 95053K [0x0000000709800000, 0x0000000800000000)
  region size 2048K, 32 young (65536K), 3 survivors (6144K)
 Metaspace       used 85866K, committed 86720K, reserved 1179648K
  class space    used 12218K, committed 12608K, reserved 1048576K
}
Event: 5.909 GC heap after
{Heap after GC invocations=23 (full 0):
 garbage-first heap   total 110592K, used 39201K [0x0000000709800000, 0x0000000800000000)
  region size 2048K, 3 young (6144K), 3 survivors (6144K)
 Metaspace       used 85866K, committed 86720K, reserved 1179648K
  class space    used 12218K, committed 12608K, reserved 1048576K
}
Event: 6.165 GC heap before
{Heap before GC invocations=23 (full 0):
 garbage-first heap   total 110592K, used 96545K [0x0000000709800000, 0x0000000800000000)
  region size 2048K, 32 young (65536K), 3 survivors (6144K)
 Metaspace       used 91588K, committed 92416K, reserved 1179648K
  class space    used 12646K, committed 12992K, reserved 1048576K
}
Event: 6.168 GC heap after
{Heap after GC invocations=24 (full 0):
 garbage-first heap   total 110592K, used 40677K [0x0000000709800000, 0x0000000800000000)
  region size 2048K, 3 young (6144K), 3 survivors (6144K)
 Metaspace       used 91588K, committed 92416K, reserved 1179648K
  class space    used 12646K, committed 12992K, reserved 1048576K
}
Event: 6.192 GC heap before
{Heap before GC invocations=24 (full 0):
 garbage-first heap   total 110592K, used 46821K [0x0000000709800000, 0x0000000800000000)
  region size 2048K, 7 young (14336K), 3 survivors (6144K)
 Metaspace       used 92232K, committed 93056K, reserved 1179648K
  class space    used 12690K, committed 13056K, reserved 1048576K
}
Event: 6.194 GC heap after
{Heap after GC invocations=25 (full 0):
 garbage-first heap   total 110592K, used 40902K [0x0000000709800000, 0x0000000800000000)
  region size 2048K, 1 young (2048K), 1 survivors (2048K)
 Metaspace       used 92232K, committed 93056K, reserved 1179648K
  class space    used 12690K, committed 13056K, reserved 1048576K
}
Event: 6.505 GC heap before
{Heap before GC invocations=26 (full 0):
 garbage-first heap   total 110592K, used 100294K [0x0000000709800000, 0x0000000800000000)
  region size 2048K, 30 young (61440K), 1 survivors (2048K)
 Metaspace       used 96184K, committed 97088K, reserved 1179648K
  class space    used 13280K, committed 13696K, reserved 1048576K
}
Event: 6.507 GC heap after
{Heap after GC invocations=27 (full 0):
 garbage-first heap   total 133120K, used 41921K [0x0000000709800000, 0x0000000800000000)
  region size 2048K, 2 young (4096K), 2 survivors (4096K)
 Metaspace       used 96184K, committed 97088K, reserved 1179648K
  class space    used 13280K, committed 13696K, reserved 1048576K
}

Dll operation events (13 events):
Event: 0.008 Loaded shared library C:\Program Files\Amazon Corretto\jdk21.0.9_10\bin\java.dll
Event: 0.207 Loaded shared library C:\Program Files\Amazon Corretto\jdk21.0.9_10\bin\zip.dll
Event: 0.210 Loaded shared library C:\Program Files\Amazon Corretto\jdk21.0.9_10\bin\instrument.dll
Event: 0.214 Loaded shared library C:\Program Files\Amazon Corretto\jdk21.0.9_10\bin\net.dll
Event: 0.215 Loaded shared library C:\Program Files\Amazon Corretto\jdk21.0.9_10\bin\nio.dll
Event: 0.217 Loaded shared library C:\Program Files\Amazon Corretto\jdk21.0.9_10\bin\zip.dll
Event: 0.322 Loaded shared library C:\Program Files\Amazon Corretto\jdk21.0.9_10\bin\jimage.dll
Event: 0.354 Loaded shared library C:\Program Files\Amazon Corretto\jdk21.0.9_10\bin\management.dll
Event: 0.361 Loaded shared library C:\Program Files\Amazon Corretto\jdk21.0.9_10\bin\management_ext.dll
Event: 0.504 Loaded shared library C:\Program Files\Amazon Corretto\jdk21.0.9_10\bin\extnet.dll
Event: 0.520 Loaded shared library C:\Program Files\Amazon Corretto\jdk21.0.9_10\bin\verify.dll
Event: 1.470 Loaded shared library C:\Program Files\Amazon Corretto\jdk21.0.9_10\bin\sunmscapi.dll
Event: 24.693 Loaded shared library C:\Users\rzara\AppData\Local\Temp\snappy-1.1.10-61e3fc64-a783-46fd-b4ad-2d6aedf5da98-snappyjava.dll

Deoptimization events (20 events):
Event: 24.567 Thread 0x000001547f43adb0 DEOPT PACKING pc=0x0000015467f33ff4 sp=0x0000002c8b3fcc20
Event: 24.567 Thread 0x000001547f43adb0 DEOPT UNPACKING pc=0x0000015467224bc2 sp=0x0000002c8b3fc0b0 mode 1
Event: 24.737 Thread 0x000001547f43adb0 DEOPT PACKING pc=0x00000154677153d9 sp=0x0000002c8b3f9d80
Event: 24.737 Thread 0x000001547f43adb0 DEOPT UNPACKING pc=0x0000015467224bc2 sp=0x0000002c8b3f91d8 mode 1
Event: 24.737 Thread 0x000001547f43adb0 DEOPT PACKING pc=0x00000154676fc52c sp=0x0000002c8b3f9e10
Event: 24.737 Thread 0x000001547f43adb0 DEOPT UNPACKING pc=0x0000015467224bc2 sp=0x0000002c8b3f92b8 mode 1
Event: 24.737 Thread 0x000001547f43adb0 DEOPT PACKING pc=0x0000015467775414 sp=0x0000002c8b3fa850
Event: 24.737 Thread 0x000001547f43adb0 DEOPT UNPACKING pc=0x0000015467224bc2 sp=0x0000002c8b3f9d18 mode 1
Event: 24.737 Thread 0x000001547f43adb0 DEOPT PACKING pc=0x0000015467f33ff4 sp=0x0000002c8b3fa8e0
Event: 24.737 Thread 0x000001547f43adb0 DEOPT UNPACKING pc=0x0000015467224bc2 sp=0x0000002c8b3f9d70 mode 1
Event: 24.737 Thread 0x000001547f43adb0 DEOPT PACKING pc=0x00000154677153d9 sp=0x0000002c8b3f9d80
Event: 24.737 Thread 0x000001547f43adb0 DEOPT UNPACKING pc=0x0000015467224bc2 sp=0x0000002c8b3f91d8 mode 1
Event: 24.737 Thread 0x000001547f43adb0 DEOPT PACKING pc=0x00000154676fc52c sp=0x0000002c8b3f9e10
Event: 24.737 Thread 0x000001547f43adb0 DEOPT UNPACKING pc=0x0000015467224bc2 sp=0x0000002c8b3f92b8 mode 1
Event: 24.737 Thread 0x000001547f43adb0 DEOPT PACKING pc=0x0000015467775414 sp=0x0000002c8b3fa850
Event: 24.737 Thread 0x000001547f43adb0 DEOPT UNPACKING pc=0x0000015467224bc2 sp=0x0000002c8b3f9d18 mode 1
Event: 24.737 Thread 0x000001547f43adb0 DEOPT PACKING pc=0x0000015467f33ff4 sp=0x0000002c8b3fa8e0
Event: 24.737 Thread 0x000001547f43adb0 DEOPT UNPACKING pc=0x0000015467224bc2 sp=0x0000002c8b3f9d70 mode 1
Event: 163.032 Thread 0x000001547f43adb0 DEOPT PACKING pc=0x000001546764f23c sp=0x0000002c8b3fcc10
Event: 163.032 Thread 0x000001547f43adb0 DEOPT UNPACKING pc=0x0000015467224bc2 sp=0x0000002c8b3fc0b8 mode 0

Classes loaded (20 events):
Event: 6.751 Loading class java/util/Vector$1
Event: 6.751 Loading class java/util/Vector$1 done
Event: 7.157 Loading class java/util/concurrent/locks/ReentrantReadWriteLock$Sync$HoldCounter
Event: 7.157 Loading class java/util/concurrent/locks/ReentrantReadWriteLock$Sync$HoldCounter done
Event: 24.343 Loading class java/util/TreeMap$KeySpliterator
Event: 24.343 Loading class java/util/TreeMap$KeySpliterator done
Event: 24.381 Loading class java/util/zip/CRC32C
Event: 24.381 Loading class java/util/zip/CRC32C done
Event: 24.412 Loading class org/w3c/dom/Node
Event: 24.412 Loading class org/w3c/dom/Node done
Event: 24.413 Loading class org/w3c/dom/Document
Event: 24.413 Loading class org/w3c/dom/Document done
Event: 24.461 Loading class java/util/stream/LongStream
Event: 24.461 Loading class java/util/stream/LongStream done
Event: 24.461 Loading class java/util/stream/DoubleStream
Event: 24.461 Loading class java/util/stream/DoubleStream done
Event: 24.612 Loading class java/util/PriorityQueue
Event: 24.613 Loading class java/util/PriorityQueue done
Event: 24.644 Loading class java/io/FileOutputStream$1
Event: 24.644 Loading class java/io/FileOutputStream$1 done

Classes unloaded (0 events):
No events

Classes redefined (1 events):
Event: 163.054 Thread 0x0000015472386c50 redefined class name=bs.experian.orquestador.infrastructure.persistence.solicitud.ProcesadorSolicitudesRepository, count=1

Internal exceptions (20 events):
Event: 5.840 Thread 0x000001545eacc120 Exception <a 'java/lang/NoSuchMethodError'{0x000000070d4fa2d0}: 'long java.lang.invoke.DelegatingMethodHandle$Holder.reinvoke_L(java.lang.Object, java.lang.Object)'> (0x000000070d4fa2d0) 
thrown [s\src\hotspot\share\interpreter\linkResolver.cpp, line 773]
Event: 5.841 Thread 0x000001545eacc120 Exception <a 'java/lang/NoSuchMethodError'{0x000000070d504298}: 'long java.lang.invoke.DirectMethodHandle$Holder.invokeStatic(java.lang.Object, java.lang.Object, int)'> (0x000000070d504298) 
thrown [s\src\hotspot\share\interpreter\linkResolver.cpp, line 773]
Event: 5.841 Thread 0x000001545eacc120 Exception <a 'java/lang/NoSuchMethodError'{0x000000070d50e2d0}: 'void java.lang.invoke.DelegatingMethodHandle$Holder.reinvoke_L(java.lang.Object, java.lang.Object, long)'> (0x000000070d50e2d0) 
thrown [s\src\hotspot\share\interpreter\linkResolver.cpp, line 773]
Event: 5.842 Thread 0x000001545eacc120 Exception <a 'java/lang/NoSuchMethodError'{0x000000070d5287c8}: 'float java.lang.invoke.DirectMethodHandle$Holder.invokeVirtual(java.lang.Object, java.lang.Object)'> (0x000000070d5287c8) 
thrown [s\src\hotspot\share\interpreter\linkResolver.cpp, line 773]
Event: 5.842 Thread 0x000001545eacc120 Exception <a 'java/lang/NoSuchMethodError'{0x000000070d52f800}: 'float java.lang.invoke.DelegatingMethodHandle$Holder.reinvoke_L(java.lang.Object, java.lang.Object)'> (0x000000070d52f800) 
thrown [s\src\hotspot\share\interpreter\linkResolver.cpp, line 773]
Event: 5.843 Thread 0x000001545eacc120 Exception <a 'java/lang/NoSuchMethodError'{0x000000070d541040}: 'float java.lang.invoke.DelegatingMethodHandle$Holder.reinvoke_L(java.lang.Object, java.lang.Object, int)'> (0x000000070d541040) 
thrown [s\src\hotspot\share\interpreter\linkResolver.cpp, line 773]
Event: 5.843 Thread 0x000001545eacc120 Exception <a 'java/lang/NoSuchMethodError'{0x000000070d54ab90}: 'void java.lang.invoke.DelegatingMethodHandle$Holder.reinvoke_L(java.lang.Object, java.lang.Object, float)'> (0x000000070d54ab90) 
thrown [s\src\hotspot\share\interpreter\linkResolver.cpp, line 773]
Event: 6.251 Thread 0x00000154797845b0 Exception <a 'java/lang/NoSuchMethodError'{0x000000070f4feec0}: 'java.lang.Object java.lang.invoke.DirectMethodHandle$Holder.newInvokeSpecial(java.lang.Object, java.lang.Object, long)'> (0x000000070f4feec0) 
thrown [s\src\hotspot\share\interpreter\linkResolver.cpp, line 773]
Event: 6.351 Thread 0x000001545eacc120 Exception <a 'java/lang/NoSuchMethodError'{0x000000070e98c818}: 'java.lang.Object java.lang.invoke.DirectMethodHandle$Holder.newInvokeSpecial(java.lang.Object, java.lang.Object, int, java.lang.Object, java.lang.Object)'> (0x000000070e98c818) 
thrown [s\src\hotspot\share\interpreter\linkResolver.cpp, line 773]
Event: 6.745 Thread 0x0000015477ca61b0 Exception <a 'java/lang/NoSuchMethodError'{0x0000000711ed3218}: 'java.lang.Object java.lang.invoke.DirectMethodHandle$Holder.invokeInterface(java.lang.Object, java.lang.Object, java.lang.Object, java.lang.Object, java.lang.Object, java.lang.Object, java.lang.Object)'> (0x0000000711ed3218) 
thrown [s\src\hotspot\share\interpreter\linkResolver.cpp, line 773]
Event: 24.373 Thread 0x000001547f43adb0 Exception <a 'java/lang/NoSuchMethodError'{0x0000000710ec9c58}: 'java.lang.Object java.lang.invoke.DirectMethodHandle$Holder.newInvokeSpecial(java.lang.Object, int, java.lang.Object, java.lang.Object)'> (0x0000000710ec9c58) 
thrown [s\src\hotspot\share\interpreter\linkResolver.cpp, line 773]
Event: 24.384 Thread 0x000001547f43adb0 Exception <a 'java/lang/IncompatibleClassChangeError'{0x0000000710fd9160}: Found class java.lang.Object, but interface was expected> (0x0000000710fd9160) 
thrown [s\src\hotspot\share\interpreter\linkResolver.cpp, line 840]
Event: 24.484 Thread 0x000001547f43adb0 Exception <a 'java/lang/NoSuchMethodError'{0x000000071016bf68}: 'void java.lang.invoke.DirectMethodHandle$Holder.invokeSpecialIFC(java.lang.Object, java.lang.Object, int, java.lang.Object, java.lang.Object, java.lang.Object, java.lang.Object)'> (0x000000071016bf68) 
thrown [s\src\hotspot\share\interpreter\linkResolver.cpp, line 773]
Event: 24.568 Thread 0x000001547f43adb0 Exception <a 'java/lang/NoSuchMethodError'{0x000000070f448178}: 'int java.lang.invoke.DirectMethodHandle$Holder.invokeStatic(java.lang.Object, java.lang.Object, int, java.lang.Object)'> (0x000000070f448178) 
thrown [s\src\hotspot\share\interpreter\linkResolver.cpp, line 773]
Event: 24.624 Thread 0x000001547f43adb0 Exception <a 'java/lang/NoSuchMethodError'{0x000000070ec84b80}: 'double java.lang.invoke.DirectMethodHandle$Holder.invokeStatic(java.lang.Object, java.lang.Object, java.lang.Object, long)'> (0x000000070ec84b80) 
thrown [s\src\hotspot\share\interpreter\linkResolver.cpp, line 773]
Event: 24.626 Thread 0x000001547f43adb0 Exception <a 'java/lang/NoSuchMethodError'{0x000000070ecc7658}: 'void java.lang.invoke.DirectMethodHandle$Holder.invokeSpecial(java.lang.Object, java.lang.Object, java.lang.Object, java.lang.Object, java.lang.Object, java.lang.Object, java.lang.Object, java.lang.Object, java.lang.Object)'> (0x000000070ecc7658) 
thrown [s\src\hotspot\share\interpreter\linkResolver.cpp, line 773]
Event: 24.710 Thread 0x000001547f5cc070 Exception <a 'java/lang/NoSuchMethodError'{0x000000070eba9578}: 'java.lang.Object java.lang.invoke.DirectMethodHandle$Holder.newInvokeSpecial(java.lang.Object, java.lang.Object, java.lang.Object, java.lang.Object, int, long, java.lang.Object)'> (0x000000070eba9578) 
thrown [s\src\hotspot\share\interpreter\linkResolver.cpp, line 773]
Event: 24.713 Thread 0x000001547f43adb0 Exception <a 'java/lang/NoSuchMethodError'{0x000000070eaef480}: 'void java.lang.invoke.DirectMethodHandle$Holder.invokeVirtual(java.lang.Object, java.lang.Object, java.lang.Object, java.lang.Object, java.lang.Object, java.lang.Object)'> (0x000000070eaef480) 
thrown [s\src\hotspot\share\interpreter\linkResolver.cpp, line 773]
Event: 24.713 Thread 0x000001547f43adb0 Exception <a 'java/lang/NoSuchMethodError'{0x000000070ebe7b70}: 'void java.lang.invoke.DelegatingMethodHandle$Holder.reinvoke_L(java.lang.Object, java.lang.Object, java.lang.Object, java.lang.Object, java.lang.Object, java.lang.Object)'> (0x000000070ebe7b70) 
thrown [s\src\hotspot\share\interpreter\linkResolver.cpp, line 773]
Event: 24.719 Thread 0x000001547f43adb0 Exception <a 'java/lang/NoSuchMethodError'{0x000000070e874648}: 'int java.lang.invoke.DirectMethodHandle$Holder.invokeStatic(java.lang.Object, java.lang.Object, int, int)'> (0x000000070e874648) 
thrown [s\src\hotspot\share\interpreter\linkResolver.cpp, line 773]

ZGC Phase Switch (0 events):
No events

VM Operations (20 events):
Event: 140.549 Executing VM operation: get/set locals
Event: 140.549 Executing VM operation: get/set locals done
Event: 140.550 Executing VM operation: get/set locals
Event: 140.550 Executing VM operation: get/set locals done
Event: 140.550 Executing VM operation: get/set locals
Event: 140.550 Executing VM operation: get/set locals done
Event: 140.614 Executing VM operation: get/set locals
Event: 140.614 Executing VM operation: get/set locals done
Event: 155.634 Executing VM operation: Cleanup
Event: 155.634 Executing VM operation: Cleanup done
Event: 163.032 Executing VM operation: ChangeSingleStep
Event: 163.032 Executing VM operation: ChangeSingleStep done
Event: 163.032 Executing VM operation: ChangeSingleStep
Event: 163.032 Executing VM operation: ChangeSingleStep done
Event: 163.047 Executing VM operation: RedefineClasses
Event: 163.079 Executing VM operation: RedefineClasses done
Event: 163.098 Executing VM operation: ChangeBreakpoints
Event: 163.100 Executing VM operation: ChangeBreakpoints done
Event: 163.106 Executing VM operation: ChangeSingleStep
Event: 163.106 Executing VM operation: ChangeSingleStep done

Memory protections (0 events):
No events

Nmethod flushes (20 events):
Event: 6.211 Thread 0x0000015472386c50 flushing  nmethod 0x0000015467853210
Event: 6.211 Thread 0x0000015472386c50 flushing  nmethod 0x0000015467853510
Event: 6.211 Thread 0x0000015472386c50 flushing  nmethod 0x0000015467853b10
Event: 6.211 Thread 0x0000015472386c50 flushing  nmethod 0x0000015467853e10
Event: 6.211 Thread 0x0000015472386c50 flushing  nmethod 0x0000015467854210
Event: 6.211 Thread 0x0000015472386c50 flushing  nmethod 0x0000015467854510
Event: 6.211 Thread 0x0000015472386c50 flushing  nmethod 0x0000015467854890
Event: 6.211 Thread 0x0000015472386c50 flushing  nmethod 0x0000015467889f90
Event: 6.211 Thread 0x0000015472386c50 flushing  nmethod 0x000001546788ca10
Event: 6.211 Thread 0x0000015472386c50 flushing  nmethod 0x00000154678b7c10
Event: 6.211 Thread 0x0000015472386c50 flushing  nmethod 0x00000154678b8090
Event: 6.211 Thread 0x0000015472386c50 flushing  nmethod 0x00000154678e0190
Event: 6.211 Thread 0x0000015472386c50 flushing  nmethod 0x00000154678e0d10
Event: 6.211 Thread 0x0000015472386c50 flushing  nmethod 0x00000154678e2410
Event: 6.211 Thread 0x0000015472386c50 flushing  nmethod 0x00000154678e3b90
Event: 6.211 Thread 0x0000015472386c50 flushing  nmethod 0x00000154678e3e90
Event: 6.211 Thread 0x0000015472386c50 flushing  nmethod 0x0000015467c12b10
Event: 6.211 Thread 0x0000015472386c50 flushing  nmethod 0x0000015467c12f90
Event: 6.211 Thread 0x0000015472386c50 flushing  nmethod 0x0000015467da6f10
Event: 6.211 Thread 0x0000015472386c50 flushing  nmethod 0x0000015467da7d10

Events (20 events):
Event: 11.487 Thread 0x00000154727196d0 Thread exited: 0x00000154727196d0
Event: 16.686 Thread 0x0000015472716010 Thread exited: 0x0000015472716010
Event: 18.305 Thread 0x000001547265cae0 Thread exited: 0x000001547265cae0
Event: 24.624 Thread 0x000001547f43adb0 Thread added: 0x000001547f5cc070
Event: 24.723 Thread 0x00000154723bbc30 Thread added: 0x0000015479a306f0
Event: 24.723 Thread 0x00000154723bbc30 Thread added: 0x0000015479a2f280
Event: 24.723 Thread 0x00000154723bbc30 Thread added: 0x0000015479a2d070
Event: 25.759 Thread 0x0000015479a2d070 Thread exited: 0x0000015479a2d070
Event: 25.759 Thread 0x0000015479a2f280 Thread exited: 0x0000015479a2f280
Event: 27.376 Thread 0x0000015479a306f0 Thread exited: 0x0000015479a306f0
Event: 64.216 Thread 0x0000015478cabbc0 Thread exited: 0x0000015478cabbc0
Event: 65.684 Thread 0x00000154723bbc30 Thread added: 0x0000015479a2de10
Event: 72.367 Thread 0x0000015479a2de10 Thread exited: 0x0000015479a2de10
Event: 91.029 Thread 0x000001547f440300 Thread exited: 0x000001547f440300
Event: 91.029 Thread 0x0000015477c6ba70 Thread exited: 0x0000015477c6ba70
Event: 91.029 Thread 0x000001547f5cd420 Thread exited: 0x000001547f5cd420
Event: 91.029 Thread 0x000001547f441020 Thread exited: 0x000001547f441020
Event: 91.044 Thread 0x000001547f5cdab0 Thread exited: 0x000001547f5cdab0
Event: 91.045 Thread 0x0000015477ca61b0 Thread exited: 0x0000015477ca61b0
Event: 91.045 Thread 0x000001547f5ccd90 Thread exited: 0x000001547f5ccd90


Dynamic libraries:
0x00007ff6fb1f0000 - 0x00007ff6fb1fe000 	C:\Program Files\Amazon Corretto\jdk21.0.9_10\bin\javaw.exe
0x00007ffd4c4a0000 - 0x00007ffd4c707000 	C:\Windows\SYSTEM32\ntdll.dll
0x00007ffd4b9e0000 - 0x00007ffd4baa9000 	C:\Windows\System32\KERNEL32.DLL
0x00007ffd48ef0000 - 0x00007ffd492e1000 	C:\Windows\System32\KERNELBASE.dll
0x00007ffd49450000 - 0x00007ffd4959b000 	C:\Windows\System32\ucrtbase.dll
0x00007ffd20a80000 - 0x00007ffd20a98000 	C:\Program Files\Amazon Corretto\jdk21.0.9_10\bin\jli.dll
0x00007ffd20760000 - 0x00007ffd2077e000 	C:\Program Files\Amazon Corretto\jdk21.0.9_10\bin\VCRUNTIME140.dll
0x00007ffd4a780000 - 0x00007ffd4a945000 	C:\Windows\System32\USER32.dll
0x00007ffd492f0000 - 0x00007ffd49317000 	C:\Windows\System32\win32u.dll
0x00007ffd4c430000 - 0x00007ffd4c45b000 	C:\Windows\System32\GDI32.dll
0x00007ffd35250000 - 0x00007ffd354e3000 	C:\Windows\WinSxS\amd64_microsoft.windows.common-controls_6595b64144ccf1df_6.0.26100.8037_none_3e092faae333b53b\COMCTL32.dll
0x00007ffd4a5d0000 - 0x00007ffd4a679000 	C:\Windows\System32\msvcrt.dll
0x00007ffd49320000 - 0x00007ffd4944b000 	C:\Windows\System32\gdi32full.dll
0x00007ffd4a0e0000 - 0x00007ffd4a183000 	C:\Windows\System32\msvcp_win.dll
0x00007ffd4b9a0000 - 0x00007ffd4b9d1000 	C:\Windows\System32\IMM32.DLL
0x00007ffd42490000 - 0x00007ffd4249c000 	C:\Program Files\Amazon Corretto\jdk21.0.9_10\bin\vcruntime140_1.dll
0x00007ffd148c0000 - 0x00007ffd14949000 	C:\Program Files\Amazon Corretto\jdk21.0.9_10\bin\msvcp140.dll
0x00007ffcd8e60000 - 0x00007ffcd9c07000 	C:\Program Files\Amazon Corretto\jdk21.0.9_10\bin\server\jvm.dll
0x00007ffd4bfb0000 - 0x00007ffd4c06b000 	C:\Windows\System32\ADVAPI32.dll
0x00007ffd4b7f0000 - 0x00007ffd4b897000 	C:\Windows\System32\sechost.dll
0x00007ffd4c290000 - 0x00007ffd4c3a8000 	C:\Windows\System32\RPCRT4.dll
0x00007ffd4c210000 - 0x00007ffd4c284000 	C:\Windows\System32\WS2_32.dll
0x00007ffd48be0000 - 0x00007ffd48c3e000 	C:\Windows\SYSTEM32\POWRPROF.dll
0x00007ffd3ed60000 - 0x00007ffd3ed95000 	C:\Windows\SYSTEM32\WINMM.dll
0x00007ffd41880000 - 0x00007ffd4188b000 	C:\Windows\SYSTEM32\VERSION.dll
0x00007ffd48bc0000 - 0x00007ffd48bd4000 	C:\Windows\SYSTEM32\UMPDC.dll
0x00007ffd47b10000 - 0x00007ffd47b2b000 	C:\Windows\SYSTEM32\kernel.appcore.dll
0x00007ffd39f80000 - 0x00007ffd39f8a000 	C:\Program Files\Amazon Corretto\jdk21.0.9_10\bin\jimage.dll
0x00007ffd3dbe0000 - 0x00007ffd3de22000 	C:\Windows\SYSTEM32\DBGHELP.DLL
0x00007ffd4bab0000 - 0x00007ffd4be32000 	C:\Windows\System32\combase.dll
0x00007ffd4bed0000 - 0x00007ffd4bfa7000 	C:\Windows\System32\OLEAUT32.dll
0x00007ffd30080000 - 0x00007ffd300bb000 	C:\Windows\SYSTEM32\dbgcore.DLL
0x00007ffd4a190000 - 0x00007ffd4a235000 	C:\Windows\System32\bcryptPrimitives.dll
0x00007ffd24640000 - 0x00007ffd2467c000 	C:\Program Files\Amazon Corretto\jdk21.0.9_10\bin\jdwp.dll
0x00007ffd40ff0000 - 0x00007ffd41000000 	C:\Program Files\Amazon Corretto\jdk21.0.9_10\bin\instrument.dll
0x00007ffd14890000 - 0x00007ffd148b1000 	C:\Program Files\Amazon Corretto\jdk21.0.9_10\bin\java.dll
0x00007ffd4ab70000 - 0x00007ffd4b2cf000 	C:\Windows\System32\SHELL32.dll
0x00007ffd48d80000 - 0x00007ffd48eea000 	C:\Windows\System32\wintypes.dll
0x00007ffd49660000 - 0x00007ffd49ec4000 	C:\Windows\System32\windows.storage.dll
0x00007ffd4a680000 - 0x00007ffd4a777000 	C:\Windows\System32\SHCORE.dll
0x00007ffd4a420000 - 0x00007ffd4a487000 	C:\Windows\System32\shlwapi.dll
0x00007ffd48ca0000 - 0x00007ffd48cc9000 	C:\Windows\SYSTEM32\profapi.dll
0x00007ffd40fe0000 - 0x00007ffd40fec000 	C:\Program Files\Amazon Corretto\jdk21.0.9_10\bin\dt_socket.dll
0x00007ffd475b0000 - 0x00007ffd475e3000 	C:\Windows\SYSTEM32\IPHLPAPI.DLL
0x00007ffd48080000 - 0x00007ffd480eb000 	C:\Windows\system32\mswsock.dll
0x00007ffd475f0000 - 0x00007ffd4771a000 	C:\Windows\SYSTEM32\DNSAPI.dll
0x00007ffd4a530000 - 0x00007ffd4a53a000 	C:\Windows\System32\NSI.dll
0x00007ffd41490000 - 0x00007ffd4149b000 	C:\Windows\System32\rasadhlp.dll
0x00007ffd43160000 - 0x00007ffd431e6000 	C:\Windows\System32\fwpuclnt.dll
0x00007ffd1a390000 - 0x00007ffd1a3a8000 	C:\Program Files\Amazon Corretto\jdk21.0.9_10\bin\zip.dll
0x00007ffd1f6d0000 - 0x00007ffd1f6e1000 	C:\Program Files\Amazon Corretto\jdk21.0.9_10\bin\net.dll
0x00007ffd414a0000 - 0x00007ffd415c7000 	C:\Windows\SYSTEM32\WINHTTP.dll
0x00007ffd1aa10000 - 0x00007ffd1aa26000 	C:\Program Files\Amazon Corretto\jdk21.0.9_10\bin\nio.dll
0x00007ffd2f200000 - 0x00007ffd2f20a000 	C:\Program Files\Amazon Corretto\jdk21.0.9_10\bin\management.dll
0x00007ffd2f0c0000 - 0x00007ffd2f0cc000 	C:\Program Files\Amazon Corretto\jdk21.0.9_10\bin\management_ext.dll
0x00007ffd4c410000 - 0x00007ffd4c418000 	C:\Windows\System32\PSAPI.DLL
0x00007ffd2c530000 - 0x00007ffd2c548000 	C:\Windows\system32\napinsp.dll
0x00007ffd2c510000 - 0x00007ffd2c522000 	C:\Windows\System32\winrnr.dll
0x00007ffd2c4e0000 - 0x00007ffd2c502000 	C:\Windows\system32\nlansp_c.dll
0x00007ffd40a10000 - 0x00007ffd40a26000 	C:\Windows\system32\wshbth.dll
0x00007ffd48370000 - 0x00007ffd4838b000 	C:\Windows\SYSTEM32\CRYPTSP.dll
0x00007ffd47a70000 - 0x00007ffd47aa9000 	C:\Windows\system32\rsaenh.dll
0x00007ffd48130000 - 0x00007ffd48162000 	C:\Windows\SYSTEM32\USERENV.dll
0x00007ffd48c70000 - 0x00007ffd48c9a000 	C:\Windows\SYSTEM32\bcrypt.dll
0x00007ffd48360000 - 0x00007ffd4836c000 	C:\Windows\SYSTEM32\CRYPTBASE.dll
0x00007ffd2a3d0000 - 0x00007ffd2a3d9000 	C:\Program Files\Amazon Corretto\jdk21.0.9_10\bin\extnet.dll
0x00007ffd3a510000 - 0x00007ffd3a520000 	C:\Program Files\Amazon Corretto\jdk21.0.9_10\bin\verify.dll
0x00007ffd25e50000 - 0x00007ffd25e5e000 	C:\Program Files\Amazon Corretto\jdk21.0.9_10\bin\sunmscapi.dll
0x00007ffd49ed0000 - 0x00007ffd4a047000 	C:\Windows\System32\CRYPT32.dll
0x00007ffd48580000 - 0x00007ffd485b0000 	C:\Windows\SYSTEM32\ncrypt.dll
0x00007ffd48530000 - 0x00007ffd4856f000 	C:\Windows\SYSTEM32\NTASN1.dll
0x00007ffd3e8c0000 - 0x00007ffd3e8c8000 	C:\Windows\system32\wshunix.dll
0x0000000070fc0000 - 0x000000007108f000 	C:\Users\rzara\AppData\Local\Temp\snappy-1.1.10-61e3fc64-a783-46fd-b4ad-2d6aedf5da98-snappyjava.dll

JVMTI agents:
jdwp path:C:\Program Files\Amazon Corretto\jdk21.0.9_10\bin\jdwp.dll, loaded, initialized, options:transport=dt_socket,suspend=y,address=localhost:52895
C:\eclipse\configuration\org.eclipse.osgi\1082\0\.cp\lib\javaagent-shaded.jar path:C:\Program Files\Amazon Corretto\jdk21.0.9_10\bin\instrument.dll, loaded, initialized, instrumentlib options:none

dbghelp: loaded successfully - version: 4.0.5 - missing functions: none
symbol engine: initialized successfully - sym options: 0x614 - pdb path: .;C:\Program Files\Amazon Corretto\jdk21.0.9_10\bin;C:\Windows\SYSTEM32;C:\Windows\WinSxS\amd64_microsoft.windows.common-controls_6595b64144ccf1df_6.0.26100.8037_none_3e092faae333b53b;C:\Program Files\Amazon Corretto\jdk21.0.9_10\bin\server;C:\Users\rzara\AppData\Local\Temp

VM Arguments:
jvm_args: -XX:+ShowCodeDetailsInExceptionMessages -agentlib:jdwp=transport=dt_socket,suspend=y,address=localhost:52895 -Dcom.sun.management.jmxremote -Dcom.sun.management.jmxremote.port=52894 -Dcom.sun.management.jmxremote.authenticate=false -Dcom.sun.management.jmxremote.ssl=false -Djava.rmi.server.hostname=localhost -Dspring.jmx.enabled=true -Dmanagement.endpoints.jmx.exposure.include=* -Dspring.application.admin.enabled=true -Dspring.profiles.active=local -Dspring.output.ansi.enabled=always -XX:TieredStopAtLevel=1 -Dspring.boot.project.name=experian-orquestador -javaagent:C:\eclipse\configuration\org.eclipse.osgi\1082\0\.cp\lib\javaagent-shaded.jar -Dfile.encoding=UTF-8 -Dstdout.encoding=UTF-8 -Dstderr.encoding=UTF-8 
java_command: bs.experian.orquestador.ExperianOrquestadorApplication
java_class_path (initial): C:\Users\rzara\eclipse-workspace\experian-orquestador\target\classes;C:\Users\rzara\.m2\repository\org\springframework\boot\spring-boot-starter-data-jpa\3.5.11\spring-boot-starter-data-jpa-3.5.11.jar;C:\Users\rzara\.m2\repository\org\springframework\boot\spring-boot-starter-jdbc\3.5.11\spring-boot-starter-jdbc-3.5.11.jar;C:\Users\rzara\.m2\repository\com\zaxxer\HikariCP\6.3.3\HikariCP-6.3.3.jar;C:\Users\rzara\.m2\repository\org\springframework\spring-jdbc\6.2.16\spring-jdbc-6.2.16.jar;C:\Users\rzara\.m2\repository\org\hibernate\orm\hibernate-core\6.6.42.Final\hibernate-core-6.6.42.Final.jar;C:\Users\rzara\.m2\repository\jakarta\persistence\jakarta.persistence-api\3.1.0\jakarta.persistence-api-3.1.0.jar;C:\Users\rzara\.m2\repository\jakarta\transaction\jakarta.transaction-api\2.0.1\jakarta.transaction-api-2.0.1.jar;C:\Users\rzara\.m2\repository\org\jboss\logging\jboss-logging\3.6.2.Final\jboss-logging-3.6.2.Final.jar;C:\Users\rzara\.m2\repository\org\hibernate\common\hibernate-commons-annotations\7.0.3.Final\hibernate-commons-annotations-7.0.3.Final.jar;C:\Users\rzara\.m2\repository\io\smallrye\jandex\3.2.0\jandex-3.2.0.jar;C:\Users\rzara\.m2\repository\com\fasterxml\classmate\1.7.3\classmate-1.7.3.jar;C:\Users\rzara\.m2\repository\net\bytebuddy\byte-buddy\1.17.8\byte-buddy-1.17.8.jar;C:\Users\rzara\.m2\repository\org\glassfish\jaxb\jaxb-runtime\4.0.6\jaxb-runtime-4.0.6.jar;C:\Users\rzara\.m2\repository\org\glassfish\jaxb\jaxb-core\4.0.6\jaxb-core-4.0.6.jar;C:\Users\rzara\.m2\repository\org\eclipse\angus\angus-activation\2.0.3\angus-activation-2.0.3.jar;C:\Users\rzara\.m2\repository\org\glassfish\jaxb\txw2\4.0.6\txw2-4.0.6.jar;C:\Users\rzara\.m2\repository\com\sun\istack\istack-commons-runtime\4.1.2\istack-commons-runtime-4.1.2.jar;C:\Users\rzara\.m2\repository\jakarta\inject\jakarta.inject-api\2.0.1\jakarta.inject-api-2.0.1.jar;C:\Users\rzara\.m2\repository\org\antlr\antlr4-runtime\4.13.0\antlr4-runtime-4.13.0.jar;C:\Users\rzara\.m2\repository\org\springframework\data\spring-data-jpa\3.5.9\spring-data-jpa-3.5.9.jar;C:\Users\rzara\.m2\repository\org\springframework\data\spring-data-commons\3.5.9\spring-data-commons-3.5.9.jar;C:\Users\rzara\.m2\repository\org\springframework\spring-orm\6.2.16\spring-orm-6.2.16.jar;C:\Users\rzara\.m2\repository\org\springframework\spring-aop\6.2.16\spring-aop-6.2.16.jar;C:\Users\rzara\.m2\repository\org\springframework\spring-beans\6.2.16\spring-beans-6.2.16.jar;C:\Users\rzara\.m2\repository\org\slf4j\slf4j-api\2.0.17\slf4j-api-2.0.17.jar;C:\Users\rzara\.m2\repository\org\springframework\spring-aspects\6.2.16\spring-aspects-6.2.16.jar;C:\Users\rzara\.m2\repository\org\aspectj\aspectjweaver\1.9.25.1\aspectjweaver-1.9.25.1.jar;C:\Users\rzara\.m2\repository\org\springframework\boot\spring-boot-starter-web\3.5.11\spring-boot-starter-web-3.5.11.jar;C:\Users\rzara\.m2\repository\org\springframework\boot\spring-boot-starter-json\3.5.11\spring-boot-starter-json-3.5.11.jar;C:\Users\rzara\.m2\repository\com\fasterxml\jackson\core\jackson-databind\2.19.4\jackson-databind-2.19.4.jar;C:\Users\rzara\.m2\repository\com\fasterxml\jackson\core\jackson-annotations\2.19.4\jackson-annotations-2.19.4.jar;C:\Users\rzara\.m2\repository\com\fasterxml\jackson\core\jackson-core\2.19.4\jackson-core-2.19.4.jar;C:\Users\rzara\.m2\repository\com\fasterxml\jackson\datatype\jackson-datatype-jdk8\2.19.4\jackson-datatype-jdk8-2.19.4.jar;C:\Users\rzara\.m2\repository\com\fasterxml\jackson\datatype\jackson-datatype-jsr310\2.19.4\jackson-datatype-jsr310-2.19.4.jar;C:\Users\rzara\.m2\repository\com\fasterxml\jackson\module\jackson-module-parameter-names\2.19.4\jackson-module-parameter-names-2.19.4.jar;C:\Users\rzara\.m2\repository\org\springframework\boot\spring-boot-starter-tomcat\3.5.11\spring-boot-starter-tomcat-3.5.11.jar;C:\Users\rzara\.m2\repository\org\apache\tomcat\embed\tomcat-embed-core\10.1.52\tomcat-embed-core-10.1.52.jar;C:\Users\rzara\.m2\repository\org\apache\tomcat\embed\tomcat-embed-websocket\10.1.52\tomcat-embed-websocket-10.1.52.jar;C:\Users\rzara\.m2\repository\org\springframework\spring-web\6.2.16\spring-web-6.2.16.jar;C:\Users\rzara\.m2\repository\org\springframework\spring-webmvc\6.2.16\spring-webmvc-6.2.16.jar;C:\Users\rzara\.m2\repository\org\springframework\spring-expression\6.2.16\spring-expression-6.2.16.jar;C:\Users\rzara\.m2\repository\org\springframework\boot\spring-boot-starter-webflux\3.5.11\spring-boot-starter-webflux-3.5.11.jar;C:\Users\rzara\.m2\repository\org\springframework\boot\spring-boot-starter-reactor-netty\3.5.11\spring-boot-starter-reactor-netty-3.5.11.jar;C:\Users\rzara\.m2\repository\io\projectreactor\netty\reactor-netty-http\1.2.15\reactor-netty-http-1.2.15.jar;C:\Users\rzara\.m2\repository\io\netty\netty-codec-http\4.1.131.Final\netty-codec-http-4.1.131.Final.jar;C:\Users\rzara\.m2\repository\io\netty\netty-codec-http2\4.1.131.Final\netty-codec-http2-4.1.131.Final.jar;C:\Users\rzara\.m2\repository\io\netty\netty-resolver-dns\4.1.131.Final\netty-resolver-dns-4.1.131.Final.jar;C:\Users\rzara\.m2\repository\io\netty\netty-codec-dns\4.1.131.Final\netty-codec-dns-4.1.131.Final.jar;C:\Users\rzara\.m2\repository\io\netty\netty-resolver-dns-native-macos\4.1.131.Final\netty-resolver-dns-native-macos-4.1.131.Final-osx-x86_64.jar;C:\Users\rzara\.m2\repository\io\netty\netty-resolver-dns-classes-macos\4.1.131.Final\netty-resolver-dns-classes-macos-4.1.131.Final.jar;C:\Users\rzara\.m2\repository\io\netty\netty-transport-native-epoll\4.1.131.Final\netty-transport-native-epoll-4.1.131.Final-linux-x86_64.jar;C:\Users\rzara\.m2\repository\io\projectreactor\netty\reactor-netty-core\1.2.15\reactor-netty-core-1.2.15.jar;C:\Users\rzara\.m2\repository\io\netty\netty-handler-proxy\4.1.131.Final\netty-handler-proxy-4.1.131.Final.jar;C:\Users\rzara\.m2\repository\io\netty\netty-codec-socks\4.1.131.Final\netty-codec-socks-4.1.131.Final.jar;C:\Users\rzara\.m2\repository\org\springframework\spring-webflux\6.2.16\spring-webflux-6.2.16.jar;C:\Users\rzara\.m2\repository\com\oracle\database\jdbc\ojdbc11\23.7.0.25.01\ojdbc11-23.7.0.25.01.jar;C:\Users\rzara\.m2\repository\org\projectlombok\lombok\1.18.42\lombok-1.18.42.jar;C:\Users\rzara\.m2\repository\jakarta\xml\bind\jakarta.xml.bind-api\4.0.4\jakarta.xml.bind-api-4.0.4.jar;C:\Users\rzara\.m2\repository\jakarta\activation\jakarta.activation-api\2.1.4\jakarta.activation-api-2.1.4.jar;C:\Users\rzara\.m2\repository\org\springframework\spring-core\6.2.16\spring-core-6.2.16.jar;C:\Users\rzara\.m2\repository\org\springframework\spring-jcl\6.2.16\spring-jcl-6.2.16.jar;C:\Users\rzara\.m2\repository\io\projectreactor\reactor-core\3.7.16\reactor-core-3.7.16.jar;C:\Users\rzara\.m2\repository\org\reactivestreams\reactive-streams\1.0.4\reactive-streams-1.0.4.jar;C:\Users\rzara\.m2\repository\org\springframework\boot\spring-boot-configuration-processor\3.5.11\spring-boot-configuration-processor-3.5.11.jar;C:\Users\rzara\.m2\repository\org\mapstruct\mapstruct\1.6.3\mapstruct-1.6.3.jar;C:\Users\rzara\.m2\repository\org\projectlombok\lombok-mapstruct-binding\0.2.0\lombok-mapstruct-binding-0.2.0.jar;C:\Users\rzara\.m2\repository\org\springframework\boot\spring-boot-starter-validation\3.5.11\spring-boot-starter-validation-3.5.11.jar;C:\Users\rzara\.m2\repository\org\apache\tomcat\embed\tomcat-embed-el\10.1.52\tomcat-embed-el-10.1.52.jar;C:\Users\rzara\.m2\repository\org\hibernate\validator\hibernate-validator\8.0.3.Final\hibernate-validator-8.0.3.Final.jar;C:\Users\rzara\.m2\repository\jakarta\validation\jakarta.validation-api\3.0.2\jakarta.validation-api-3.0.2.jar;C:\Users\rzara\.m2\repository\org\springframework\boot\spring-boot-starter\3.5.11\spring-boot-starter-3.5.11.jar;C:\Users\rzara\.m2\repository\org\springframework\boot\spring-boot\3.5.11\spring-boot-3.5.11.jar;C:\Users\rzara\.m2\repository\org\springframework\boot\spring-boot-autoconfigure\3.5.11\spring-boot-autoconfigure-3.5.11.jar;C:\Users\rzara\.m2\repository\org\springframework\boot\spring-boot-starter-logging\3.5.11\spring-boot-starter-logging-3.5.11.jar;C:\Users\rzara\.m2\repository\ch\qos\logback\logback-classic\1.5.32\logback-classic-1.5.32.jar;C:\Users\rzara\.m2\repository\org\apache\logging\log4j\log4j-to-slf4j\2.24.3\log4j-to-slf4j-2.24.3.jar;C:\Users\rzara\.m2\repository\org\apache\logging\log4j\log4j-api\2.24.3\log4j-api-2.24.3.jar;C:\Users\rzara\.m2\repository\org\slf4j\jul-to-slf4j\2.0.17\jul-to-slf4j-2.0.17.jar;C:\Users\rzara\.m2\repository\jakarta\annotation\jakarta.annotation-api\2.1.1\jakarta.annotation-api-2.1.1.jar;C:\Users\rzara\.m2\repository\org\yaml\snakeyaml\2.4\snakeyaml-2.4.jar;C:\Users\rzara\.m2\repository\org\springframework\kafka\spring-kafka\3.3.13\spring-kafka-3.3.13.jar;C:\Users\rzara\.m2\repository\org\springframework\spring-context\6.2.16\spring-context-6.2.16.jar;C:\Users\rzara\.m2\repository\org\springframework\spring-messaging\6.2.16\spring-messaging-6.2.16.jar;C:\Users\rzara\.m2\repository\org\springframework\spring-tx\6.2.16\spring-tx-6.2.16.jar;C:\Users\rzara\.m2\repository\org\springframework\retry\spring-retry\2.0.12\spring-retry-2.0.12.jar;C:\Users\rzara\.m2\repository\org\apache\kafka\kafka-clients\3.9.1\kafka-clients-3.9.1.jar;C:\Users\rzara\.m2\repository\com\github\luben\zstd-jni\1.5.6-4\zstd-jni-1.5.6-4.jar;C:\Users\rzara\.m2\repository\org\lz4\lz4-java\1.8.0\lz4-java-1.8.0.jar;C:\Users\rzara\.m2\repository\org\xerial\snappy\snappy-java\1.1.10.5\snappy-java-1.1.10.5.jar;C:\Users\rzara\.m2\repository\io\micrometer\micrometer-observation\1.15.9\micrometer-observation-1.15.9.jar;C:\Users\rzara\.m2\repository\io\micrometer\micrometer-commons\1.15.9\micrometer-commons-1.15.9.jar;C:\Users\rzara\.m2\repository\io\netty\netty-handler\4.1.131.Final\netty-handler-4.1.131.Final.jar;C:\Users\rzara\.m2\repository\io\netty\netty-common\4.1.131.Final\netty-common-4.1.131.Final.jar;C:\Users\rzara\.m2\repository\io\netty\netty-resolver\4.1.131.Final\netty-resolver-4.1.131.Final.jar;C:\Users\rzara\.m2\repository\io\netty\netty-buffer\4.1.131.Final\netty-buffer-4.1.131.Final.jar;C:\Users\rzara\.m2\repository\io\netty\netty-transport\4.1.131.Final\netty-transport-4.1.131.Final.jar;C:\Users\rzara\.m2\repository\io\netty\netty-transport-native-unix-common\4.1.131.Final\netty-transport-native-unix-common-4.1.131.Final.jar;C:\Users\rzara\.m2\repository\io\netty\netty-codec\4.1.131.Final\netty-codec-4.1.131.Final.jar;C:\Users\rzara\.m2\repository\io\netty\netty-transport-classes-epoll\4.1.131.Final\netty-transport-classes-epoll-4.1.131.Final.jar;C:\Users\rzara\.m2\repository\ch\qos\logback\logback-core\1.5.32\logback-core-1.5.32.jar
Launcher Type: SUN_STANDARD

[Global flags]
     intx CICompilerCount                          = 12                                        {product} {ergonomic}
     uint ConcGCThreads                            = 3                                         {product} {ergonomic}
     uint G1ConcRefinementThreads                  = 13                                        {product} {ergonomic}
   size_t G1HeapRegionSize                         = 2097152                                   {product} {ergonomic}
    uintx GCDrainStackTargetSize                   = 64                                        {product} {ergonomic}
   size_t InitialHeapSize                          = 260046848                                 {product} {ergonomic}
     bool ManagementServer                         = true                                      {product} {command line}
   size_t MarkStackSize                            = 4194304                                   {product} {ergonomic}
   size_t MaxHeapSize                              = 4135583744                                {product} {ergonomic}
   size_t MaxNewSize                               = 2480930816                                {product} {ergonomic}
   size_t MinHeapDeltaBytes                        = 2097152                                   {product} {ergonomic}
   size_t MinHeapSize                              = 8388608                                   {product} {ergonomic}
    uintx NonNMethodCodeHeapSize                   = 4096                                   {pd product} {ergonomic}
    uintx NonProfiledCodeHeapSize                  = 0                                      {pd product} {ergonomic}
     bool ProfileInterpreter                       = false                                  {pd product} {command line}
    uintx ProfiledCodeHeapSize                     = 0                                      {pd product} {ergonomic}
     bool ShowCodeDetailsInExceptionMessages       = true                                   {manageable} {command line}
   size_t SoftMaxHeapSize                          = 4135583744                             {manageable} {ergonomic}
     intx TieredStopAtLevel                        = 1                                         {product} {command line}
     bool UseCompressedOops                        = true                           {product lp64_product} {ergonomic}
     bool UseG1GC                                  = true                                      {product} {ergonomic}
     bool UseLargePagesIndividualAllocation        = false                                  {pd product} {ergonomic}

Logging:
Log output configuration:
 #0: stdout all=warning uptime,level,tags foldmultilines=false
 #1: stderr all=off uptime,level,tags foldmultilines=false

Release file:
IMPLEMENTOR="Amazon.com Inc." 
IMPLEMENTOR_VERSION="Corretto-21.0.9.10.1" 
JAVA_RUNTIME_VERSION="21.0.9+10-LTS" 
JAVA_VERSION="21.0.9" 
JAVA_VERSION_DATE="2025-10-21" 
LIBC="default" 
MODULES="java.base java.compiler java.datatransfer java.xml java.prefs java.desktop java.instrument java.logging java.management java.security.sasl java.naming java.rmi java.management.rmi java.net.http java.scripting java.security.jgss java.transaction.xa java.sql java.sql.rowset java.xml.crypto java.se java.smartcardio jdk.accessibility jdk.internal.jvmstat jdk.attach jdk.charsets jdk.internal.opt jdk.zipfs jdk.compiler jdk.crypto.ec jdk.crypto.cryptoki jdk.crypto.mscapi jdk.dynalink jdk.internal.ed jdk.editpad jdk.hotspot.agent jdk.httpserver jdk.incubator.vector jdk.internal.le jdk.internal.vm.ci jdk.internal.vm.compiler jdk.internal.vm.compiler.management jdk.jartool jdk.javadoc jdk.jcmd jdk.management jdk.management.agent jdk.jconsole jdk.jdeps jdk.jdwp.agent jdk.jdi jdk.jfr jdk.jlink jdk.jpackage jdk.jshell jdk.jsobject jdk.jstatd jdk.localedata jdk.management.jfr jdk.naming.dns jdk.naming.rmi jdk.net jdk.nio.mapmode jdk.random jdk.sctp jdk.security.auth jdk.security.jgss jdk.unsupported jdk.unsupported.desktop jdk.xml.dom" 
OS_ARCH="x86_64" 
OS_NAME="Windows" 
SOURCE="" 

Environment Variables:
JAVA_HOME=C:\Program Files\Amazon Corretto\jdk21.0.9_10
PATH=C:/eclipse//plugins/org.eclipse.justj.openjdk.hotspot.jre.full.win32.x86_64_21.0.10.v20260205-0638/jre/bin/server;C:/eclipse//plugins/org.eclipse.justj.openjdk.hotspot.jre.full.win32.x86_64_21.0.10.v20260205-0638/jre/bin;C:\Program Files\Amazon Corretto\jdk21.0.9_10\bin;C:\Windows\system32;C:\Windows;C:\Windows\System32\Wbem;C:\Windows\System32\WindowsPowerShell\v1.0\;C:\Windows\System32\OpenSSH\;C:\Program Files\Amazon Corretto\jdk21.0.9_10\bin;%MAVEN_HOME%\bin;C:\Program Files\Git\cmd;C:\consul;;C:\Program Files\Docker\Docker\resources\bin;C:\Users\rzara\AppData\Local\Microsoft\WindowsApps;C:\Program Files\JetBrains\IntelliJ IDEA 2025.3.1.1\bin;C:\eclipse;
USERNAME=rzara
OS=Windows_NT
PROCESSOR_IDENTIFIER=AMD64 Family 25 Model 80 Stepping 0, AuthenticAMD
TMP=C:\Users\rzara\AppData\Local\Temp
TEMP=C:\Users\rzara\AppData\Local\Temp




Periodic native trim disabled

---------------  S Y S T E M  ---------------

OS:
 Windows 11 , 64 bit Build 26100 (10.0.26100.7920)
OS uptime: 17 days 6:54 hours
Hyper-V role detected

CPU: total 16 (initial active 16) (16 cores per cpu, 2 threads per core) family 25 model 80 stepping 0 microcode 0xa500011, cx8, cmov, fxsr, ht, mmx, 3dnowpref, sse, sse2, sse3, ssse3, sse4a, sse4.1, sse4.2, popcnt, lzcnt, tsc, tscinvbit, avx, avx2, aes, erms, clmul, bmi1, bmi2, adx, sha, fma, vzeroupper, clflush, clflushopt, hv, rdtscp, rdpid, fsrm, f16c, cet_ss
Processor Information for the first 16 processors :
  Max Mhz: 2000, Current Mhz: 2000, Mhz Limit: 2000

Memory: 4k page, system-wide physical 15772M (2284M free)
TotalPageFile size 25611M (AvailPageFile size 3780M)
current process WorkingSet (physical memory assigned to process): 351M, peak: 351M
current process commit charge ("private bytes"): 399M, peak: 399M

vm_info: OpenJDK 64-Bit Server VM (21.0.9+10-LTS) for windows-amd64 JRE (21.0.9+10-LTS), built on 2025-10-16T09:41:28Z by "Administrator" with unknown MS VC++:1944

END.
