#
# A fatal error has been detected by the Java Runtime Environment:
#
#  EXCEPTION_ACCESS_VIOLATION (0xc0000005) at pc=0x0000021dc82f2b24, pid=23528, tid=2364
#
# JRE version: OpenJDK Runtime Environment Corretto-21.0.9.10.1 (21.0.9+10) (build 21.0.9+10-LTS)
# Java VM: OpenJDK 64-Bit Server VM Corretto-21.0.9.10.1 (21.0.9+10-LTS, mixed mode, emulated-client, sharing, tiered, compressed oops, compressed class ptrs, g1 gc, windows-amd64)
# Problematic frame:
# v  ~BufferBlob::MethodHandles adapters 0x0000021dc82f2b24
#
# No core dump will be written. Minidumps are not enabled by default on client versions of Windows
#
# If you would like to submit a bug report, please visit:
#   https://github.com/corretto/corretto-21/issues/
#

---------------  S U M M A R Y ------------

Command Line: -XX:+ShowCodeDetailsInExceptionMessages -agentlib:jdwp=transport=dt_socket,suspend=y,address=localhost:61664 -Dcom.sun.management.jmxremote -Dcom.sun.management.jmxremote.port=61663 -Dcom.sun.management.jmxremote.authenticate=false -Dcom.sun.management.jmxremote.ssl=false -Djava.rmi.server.hostname=localhost -Dspring.jmx.enabled=true -Dmanagement.endpoints.jmx.exposure.include=* -Dspring.application.admin.enabled=true -Dspring.profiles.active=local -Dspring.output.ansi.enabled=always -XX:TieredStopAtLevel=1 -Dspring.boot.project.name=experian-orquestador -javaagent:C:\eclipse\configuration\org.eclipse.osgi\1082\0\.cp\lib\javaagent-shaded.jar -Dfile.encoding=UTF-8 -Dstdout.encoding=UTF-8 -Dstderr.encoding=UTF-8 bs.experian.orquestador.ExperianOrquestadorApplication

Host: AMD Ryzen 7 5825U with Radeon Graphics         , 16 cores, 15G,  Windows 11 , 64 bit Build 26100 (10.0.26100.7920)
Time: Sat Mar 28 21:45:39 2026 Hora estándar romance elapsed time: 229.857493 seconds (0d 0h 3m 49s)

---------------  T H R E A D  ---------------

Current thread (0x0000021e1c185160):  JavaThread "org.springframework.kafka.KafkaListenerEndpointContainer#0-0-C-1"        [_thread_in_Java, id=2364, stack(0x000000e5a1500000,0x000000e5a1600000) (1024K)]

Stack: [0x000000e5a1500000,0x000000e5a1600000],  sp=0x000000e5a15fdc20,  free space=1015k
Native frames: (J=compiled Java code, j=interpreted, Vv=VM code, C=native code)
C  0x0000021dc82f2b24

The last pc belongs to _linkToVirtual (printed below).

siginfo: EXCEPTION_ACCESS_VIOLATION (0xc0000005), reading address 0xffffffffffffffff


Registers:
RAX=0x0000021dc82c9086, RBX=0x000000070c8408e8, RCX=0x000000e5a15fdc30, RDX=0x0000000000000003
RSP=0x000000e5a15fdc20, RBP=0x000000e5a15fdc78, RSI=0x0000021e19a3dd98, RDI=0x0000021e1d5e5fe0
R8 =0x0000000000000003, R9 =0x0000021e1d1ea800, R10=0x0000021ea87290cb, R11=0xe18fddb7e18fddbf
R12=0x0000000000000000, R13=0x000000e5a15fdc20, R14=0x000000e5a15fdca0, R15=0x0000021e1c185160
RIP=0x0000021dc82f2b24, EFLAGS=0x0000000000010202

XMM[0]=0x0000000000000000 0x0000000000000000
XMM[1]=0x0000000000000000 0x0000000000000000
XMM[2]=0x0000000000000000 0x0000000000000000
XMM[3]=0x0000000000000000 0x0000000000000000
XMM[4]=0x0000000000000000 0x0000000000000000
XMM[5]=0x0000000000000000 0x0000000000000000
XMM[6]=0x0000000000000000 0x0000000000000000
XMM[7]=0x0000000000000000 0x0000000000000000
XMM[8]=0x0000000000000000 0x0000000000000000
XMM[9]=0x0000000000000000 0x0000000000000000
XMM[10]=0x0000000000000000 0x0000000000000000
XMM[11]=0x0000000000000000 0x0000000000000000
XMM[12]=0x0000000000000000 0x0000000000000000
XMM[13]=0x0000000000000000 0x0000000000000000
XMM[14]=0x0000000000000000 0x0000000000000000
XMM[15]=0x0000000000000000 0x0000000000000000
  MXCSR=0x00001fa0


Register to memory mapping:

RAX=0x0000021dc82c9086 is at code_begin+3078 in an Interpreter codelet
return entry points  [0x0000021dc82c8480, 0x0000021dc82ca298]  7704 bytes
RBX=0x000000070c8408e8 is an oop: bs.experian.orquestador.application.model.evento.EventoDto 
{0x000000070c8408e8} - klass: 'bs/experian/orquestador/application/model/evento/EventoDto'
 - ---- fields (total size 4 words):
 - private 'queryId' 'Ljava/lang/String;' @12  "9368f21b-39c2-4098-a463-9b6f8e8e1485"{0x000000070c7eee48} (0xe18fddc9)
 - private 'notificationId' 'Ljava/lang/String;' @16  "11111111-aaaa-bbbb-cccc-222222222263"{0x000000070c7eedf8} (0xe18fddbf)
 - private 'eventType' 'Ljava/lang/String;' @20  "NewDocumentAvailable"{0x000000070c7eedb8} (0xe18fddb7)
 - private 'eventData' 'Lbs/experian/orquestador/application/model/evento/PayLoadDto;' @24  a 'bs/experian/orquestador/application/model/evento/PayLoadDto'{0x000000070c7eec30} (0xe18fdd86)
RCX=0x000000e5a15fdc30 is pointing into the stack for thread: 0x0000021e1c185160
RDX=0x0000000000000003 is an unknown value
RSP=0x000000e5a15fdc20 is pointing into the stack for thread: 0x0000021e1c185160
RBP=0x000000e5a15fdc78 is pointing into the stack for thread: 0x0000021e1c185160
RSI=0x0000021e19a3dd98 points into unknown readable memory: 0x800018d9558b6d56 | 56 6d 8b 55 d9 18 00 80
RDI=0x0000021e1d5e5fe0 points into unknown readable memory: 0x0000000800000070 | 70 00 00 00 08 00 00 00
R8 =0x0000000000000003 is an unknown value
R9 =0x0000021e1d1ea800 points into unknown readable memory: 0x0000001e00000003 | 03 00 00 00 1e 00 00 00
R10=0x0000021ea87290cb is an unknown value
R11=0xe18fddb7e18fddbf is an unknown value
R12=0x0 is null
R13=0x000000e5a15fdc20 is pointing into the stack for thread: 0x0000021e1c185160
R14=0x000000e5a15fdca0 is pointing into the stack for thread: 0x0000021e1c185160
R15=0x0000021e1c185160 is a thread

Top of Stack: (sp=0x000000e5a15fdc20)
0x000000e5a15fdc20:   0000021dc82c9086 000000070b9a6520
0x000000e5a15fdc30:   000000e5a15fdc30 0000021dd47290cb
0x000000e5a15fdc40:   0000000000000005 0000021dd40b0d70
0x000000e5a15fdc50:   000000070c8408e8 0000000709cddda8
0x000000e5a15fdc60:   0000021dd40b3868 000000e5a15fdc20
0x000000e5a15fdc70:   000000e5a15fdc90 000000e5a15fdcf8
0x000000e5a15fdc80:   0000021dc82c9086 000000070c840978
0x000000e5a15fdc90:   000000070c8408e8 000000070b9a6520
0x000000e5a15fdca0:   000000070c840950 000000070ef54678
0x000000e5a15fdcb0:   000000e5a15fdcb0 0000021e16d952d4
0x000000e5a15fdcc0:   0000000000000009 0000021e16d95428
0x000000e5a15fdcd0:   0000000000000000 000000070a862ce0
0x000000e5a15fdce0:   0000021e16d952e8 000000e5a15fdc98
0x000000e5a15fdcf0:   000000e5a15fdd50 000000e5a15fdff8
0x000000e5a15fdd00:   0000021dc8dded32 000000070c840950
0x000000e5a15fdd10:   000000070c8408e8 000000070c840a00
0x000000e5a15fdd20:   000000070b9a6520 000000070c8409d8
0x000000e5a15fdd30:   000000070c8408e8 000000070b9a6520
0x000000e5a15fdd40:   000000070c8409a8 0000021dc8dde484
0x000000e5a15fdd50:   000000070adf3ab0 000000070ef55370
0x000000e5a15fdd60:   000000070ef55340 00007ffc00000001
0x000000e5a15fdd70:   000000070adf3ab0 000000070a388ac0
0x000000e5a15fdd80:   000000070bb6f680 00007ffce4f25bf0
0x000000e5a15fdd90:   000000e5a15fdff8 0000021dc86ee35c
0x000000e5a15fdda0:   000000070ef541c8 000000e5a15fca19
0x000000e5a15fddb0:   000000e5a15fdff8 0000021dc924ec74
0x000000e5a15fddc0:   0000000000000000 0000000000000000
0x000000e5a15fddd0:   0000000000000000 0000000000000000
0x000000e5a15fdde0:   0000000000000000 0000000000000000
0x000000e5a15fddf0:   0000000000000000 0000000000000000
0x000000e5a15fde00:   000000070c840a28 000000070c840a48
0x000000e5a15fde10:   000000070b9a6520 0000000709cfaca0 

Instructions: (pc=0x0000021dc82f2b24)
0x0000021dc82f2a24:   1d 02 00 00 80 2a 2f c8 1d 02 00 00 00 3b 2f c8
0x0000021dc82f2a34:   1d 02 00 00 70 2a 2f c8 1d 02 00 00 70 2a 2f c8
0x0000021dc82f2a44:   1d 02 00 00 00 00 00 00 00 00 00 00 78 db c7 e4
0x0000021dc82f2a54:   fc 7f 00 00 f0 10 00 00 60 00 00 00 ff ff ff ff
0x0000021dc82f2a64:   f0 10 00 00 00 00 00 00 00 00 00 00 00 00 00 00
0x0000021dc82f2a74:   00 00 00 00 00 00 00 00 00 00 00 00 f4 66 66 66
0x0000021dc82f2a84:   0f 1f 84 00 00 00 00 00 66 66 0f 1f 84 00 00 00
0x0000021dc82f2a94:   00 00 66 66 0f 1f 84 00 00 00 00 00 48 8b 53 08
0x0000021dc82f2aa4:   0f b7 52 2e 48 8b 0c d4 8b 59 14 48 c1 e3 03 8b
0x0000021dc82f2ab4:   5b 28 48 c1 e3 03 8b 5b 24 48 c1 e3 03 48 8b 5b
0x0000021dc82f2ac4:   10 48 85 db 0f 84 10 00 00 00 41 80 bf d8 05 00
0x0000021dc82f2ad4:   00 00 74 03 ff 63 38 ff 63 50 e9 9d 16 00 00 66
0x0000021dc82f2ae4:   66 66 0f 1f 84 00 00 00 00 00 66 0f 1f 84 00 00
0x0000021dc82f2af4:   00 00 00 66 0f 1f 84 00 00 00 00 00 48 8b 53 08
0x0000021dc82f2b04:   0f b7 52 2e 48 8b 0c d4 58 5b 50 44 8b 51 08 49
0x0000021dc82f2b14:   bb 00 00 00 d4 1d 02 00 00 4d 03 d3 4c 8b 5b 10
0x0000021dc82f2b24:   4b 8b 9c da d0 01 00 00 48 85 db 0f 84 10 00 00
0x0000021dc82f2b34:   00 41 80 bf d8 05 00 00 00 74 03 ff 63 38 ff 63
0x0000021dc82f2b44:   50 e9 36 16 00 00 66 66 66 0f 1f 84 00 00 00 00
0x0000021dc82f2b54:   00 66 66 66 0f 1f 84 00 00 00 00 00 58 5b 50 8b
0x0000021dc82f2b64:   5b 24 48 c1 e3 03 48 8b 5b 10 48 85 db 0f 84 10
0x0000021dc82f2b74:   00 00 00 41 80 bf d8 05 00 00 00 74 03 ff 63 38
0x0000021dc82f2b84:   ff 63 50 e9 f4 15 00 00 66 66 0f 1f 84 00 00 00
0x0000021dc82f2b94:   00 00 66 66 0f 1f 84 00 00 00 00 00 48 8b 53 08
0x0000021dc82f2ba4:   0f b7 52 2e 48 8b 0c d4 58 5b 50 48 3b 01 8b 5b
0x0000021dc82f2bb4:   24 48 c1 e3 03 48 8b 5b 10 48 85 db 0f 84 10 00
0x0000021dc82f2bc4:   00 00 41 80 bf d8 05 00 00 00 74 03 ff 63 38 ff
0x0000021dc82f2bd4:   63 50 e9 a5 15 00 00 0f 1f 44 00 00 48 8b 53 08
0x0000021dc82f2be4:   0f b7 52 2e 48 8b 0c d4 58 5b 50 44 8b 51 08 49
0x0000021dc82f2bf4:   bb 00 00 00 d4 1d 02 00 00 4d 03 d3 8b 43 18 48
0x0000021dc82f2c04:   c1 e0 03 48 8b 40 10 48 8b 5b 10 45 8b 9a ac 00
0x0000021dc82f2c14:   00 00 4f 8d 9c da d0 01 00 00 4d 8d 14 da 49 8b 


Stack slot to memory mapping:

stack at sp + 0 slots: 0x0000021dc82c9086 is at code_begin+3078 in an Interpreter codelet
return entry points  [0x0000021dc82c8480, 0x0000021dc82ca298]  7704 bytes
stack at sp + 1 slots: 0x000000070b9a6520 is an oop: bs.experian.orquestador.infrastructure.persistence.documentos.ProcesadorDocumentoRepository 
{0x000000070b9a6520} - klass: 'bs/experian/orquestador/infrastructure/persistence/documentos/ProcesadorDocumentoRepository'
 - ---- fields (total size 3 words):
 - private final 'documentosHistSolicitudesRepository' 'Lbs/experian/orquestador/infrastructure/persistence/documentos/DocumentosSolicitudHistRepository;' @12  a 'jdk/proxy2/$Proxy128'{0x000000070b9a6538} (0xe1734ca7)
 - private final 'documentosSolicitudesRespository' 'Lbs/experian/orquestador/infrastructure/persistence/documentos/DocumentosSolicitudRespository;' @16  a 'jdk/proxy2/$Proxy129'{0x000000070b9a6548} (0xe1734ca9)
 - private final 'documentoPendienteCustodiaRepository' 'Lbs/experian/orquestador/infrastructure/persistence/documentos/DocumentoPendienteCustodiaRepository;' @20  a 'jdk/proxy2/$Proxy130'{0x000000070baa7d78} (0xe1754faf)
stack at sp + 2 slots: 0x000000e5a15fdc30 is pointing into the stack for thread: 0x0000021e1c185160
stack at sp + 3 slots: 0x0000021dd47290cb is pointing into metadata
stack at sp + 4 slots: 0x0000000000000005 is an unknown value
stack at sp + 5 slots: 0x0000021dd40b0d70 is pointing into metadata
stack at sp + 6 slots: 0x000000070c8408e8 is an oop: bs.experian.orquestador.application.model.evento.EventoDto 
{0x000000070c8408e8} - klass: 'bs/experian/orquestador/application/model/evento/EventoDto'
 - ---- fields (total size 4 words):
 - private 'queryId' 'Ljava/lang/String;' @12  "9368f21b-39c2-4098-a463-9b6f8e8e1485"{0x000000070c7eee48} (0xe18fddc9)
 - private 'notificationId' 'Ljava/lang/String;' @16  "11111111-aaaa-bbbb-cccc-222222222263"{0x000000070c7eedf8} (0xe18fddbf)
 - private 'eventType' 'Ljava/lang/String;' @20  "NewDocumentAvailable"{0x000000070c7eedb8} (0xe18fddb7)
 - private 'eventData' 'Lbs/experian/orquestador/application/model/evento/PayLoadDto;' @24  a 'bs/experian/orquestador/application/model/evento/PayLoadDto'{0x000000070c7eec30} (0xe18fdd86)
stack at sp + 7 slots: 0x0000000709cddda8 is an oop: java.lang.Class 
{0x0000000709cddda8} - klass: 'java/lang/Class'
 - ---- fields (total size 14 words):
 - private volatile transient 'classRedefinedCount' 'I' @12  0 (0x00000000)
 - injected 'klass' 'J' @16  2327134800184 (0x0000021dd40b0938)
 - injected 'array_klass' 'J' @24  0 (0x0000000000000000)
 - injected 'oop_size' 'I' @32  14 (0x0000000e)
 - injected 'static_oop_field_count' 'I' @36  0 (0x00000000)
 - private volatile transient 'cachedConstructor' 'Ljava/lang/reflect/Constructor;' @40  null (0x00000000)
 - private transient 'name' 'Ljava/lang/String;' @44  null (0x00000000)
 - private transient 'module' 'Ljava/lang/Module;' @48  a 'java/lang/Module'{0x0000000709d09d20} (0xe13a13a4)
 - private final 'classLoader' 'Ljava/lang/ClassLoader;' @52  null (0x00000000)
 - private transient 'classData' 'Ljava/lang/Object;' @56  null (0x00000000)
 - private transient 'packageName' 'Ljava/lang/String;' @60  null (0x00000000)
 - private final 'componentType' 'Ljava/lang/Class;' @64  null (0x00000000)
 - private volatile transient 'reflectionData' 'Ljava/lang/ref/SoftReference;' @68  null (0x00000000)
 - private volatile transient 'genericInfo' 'Lsun/reflect/generics/repository/ClassRepository;' @72  null (0x00000000)
 - private volatile transient 'enumConstants' '[Ljava/lang/Object;' @76  null (0x00000000)
 - private volatile transient 'enumConstantDirectory' 'Ljava/util/Map;' @80  null (0x00000000)
 - private volatile transient 'annotationData' 'Ljava/lang/Class$AnnotationData;' @84  null (0x00000000)
 - private volatile transient 'annotationType' 'Lsun/reflect/annotation/AnnotationType;' @88  null (0x00000000)
 - transient 'classValueMap' 'Ljava/lang/ClassValue$ClassValueMap;' @92  null (0x00000000)
 - injected 'protection_domain' 'Ljava/lang/Object;' @96  null (0x00000000)
 - injected 'signers_name' 'Ljava/lang/Object;' @100  null (0x00000000)
 - injected 'source_file' 'Ljava/lang/Object;' @104  null (0x00000000)
 - injected '<init_lock>' 'Ljava/lang/Object;' @108  null (0x00000000)
 - signature: Ljava/lang/invoke/DirectMethodHandle$Holder;
 - ---- static fields (0):

MethodHandle::interpreter_entry::_linkToVirtual [0x0000021dc82f2ae3, 0x0000021dc82f2b4a] (103 bytes)
[MachCode]
  0x0000021dc82f2ae3: 6666 660f | 1f84 0000 | 0000 0066 | 0f1f 8400 | 0000 0000 | 660f 1f84 | 0000 0000 | 0048 8b53 
  0x0000021dc82f2b03: 080f b752 | 2e48 8b0c | d458 5b50 | 448b 5108 | 49bb 0000 | 00d4 1d02 | 0000 4d03 | d34c 8b5b 
  0x0000021dc82f2b23: 104b 8b9c | dad0 0100 | 0048 85db | 0f84 1000 | 0000 4180 | bfd8 0500 | 0000 7403 | ff63 38ff 
  0x0000021dc82f2b43: 6350 e936 | 
[/MachCode]

---------------  P R O C E S S  ---------------

Threads class SMR info:
_java_thread_list=0x0000021e19f76660, length=47, elements={
0x0000021dd3c64fe0, 0x0000021dd3c65640, 0x0000021dd3c68380, 0x0000021dd3c68c60,
0x0000021dd3c752e0, 0x0000021dd3c76a80, 0x0000021dd3c7c850, 0x0000021e19167800,
0x0000021e1916e0a0, 0x0000021e19170730, 0x0000021e19178f00, 0x0000021e19a33400,
0x0000021e19c4d6e0, 0x0000021e19c6be90, 0x0000021e19c75f00, 0x0000021e1a3ecd60,
0x0000021e1a3eee50, 0x0000021e1a408cc0, 0x0000021e1b1f4a10, 0x0000021e1b1f2940,
0x0000021e1b1f4380, 0x0000021e1b1f3cf0, 0x0000021e1b1f2fd0, 0x0000021e1b1f5730,
0x0000021e1b1f22b0, 0x0000021e1c182370, 0x0000021e1c17eef0, 0x0000021e1c182a00,
0x0000021e1c17f580, 0x0000021e1c180930, 0x0000021e1c1802a0, 0x0000021e1c180fc0,
0x0000021e1c181650, 0x0000021e1c183090, 0x0000021e1c17fc10, 0x0000021e1c183720,
0x0000021e1c183db0, 0x0000021e1c184ad0, 0x0000021e1c184440, 0x0000021e1c186510,
0x0000021e1c185160, 0x0000021e1c1857f0, 0x0000021e1c185e80, 0x0000021e1d5289d0,
0x0000021e1d5296f0, 0x0000021e1d529060, 0x0000021e1d52b7c0
}

Java Threads: ( => current thread )
  0x0000021dd3c64fe0 JavaThread "Reference Handler"          daemon [_thread_blocked, id=24084, stack(0x000000e59d500000,0x000000e59d600000) (1024K)]
  0x0000021dd3c65640 JavaThread "Finalizer"                  daemon [_thread_blocked, id=20524, stack(0x000000e59d600000,0x000000e59d700000) (1024K)]
  0x0000021dd3c68380 JavaThread "Signal Dispatcher"          daemon [_thread_blocked, id=17364, stack(0x000000e59d700000,0x000000e59d800000) (1024K)]
  0x0000021dd3c68c60 JavaThread "Attach Listener"            daemon [_thread_blocked, id=25524, stack(0x000000e59d800000,0x000000e59d900000) (1024K)]
  0x0000021dd3c752e0 JavaThread "Service Thread"             daemon [_thread_blocked, id=5984, stack(0x000000e59d900000,0x000000e59da00000) (1024K)]
  0x0000021dd3c76a80 JavaThread "Monitor Deflation Thread"   daemon [_thread_blocked, id=28648, stack(0x000000e59da00000,0x000000e59db00000) (1024K)]
  0x0000021dd3c7c850 JavaThread "C1 CompilerThread0"         daemon [_thread_blocked, id=23276, stack(0x000000e59db00000,0x000000e59dc00000) (1024K)]
  0x0000021e19167800 JavaThread "JDWP Transport Listener: dt_socket" daemon [_thread_blocked, id=29452, stack(0x000000e59de00000,0x000000e59df00000) (1024K)]
  0x0000021e1916e0a0 JavaThread "JDWP Event Helper Thread"   daemon [_thread_blocked, id=5144, stack(0x000000e59df00000,0x000000e59e000000) (1024K)]
  0x0000021e19170730 JavaThread "JDWP Command Reader"        daemon [_thread_in_native, id=30096, stack(0x000000e59e000000,0x000000e59e100000) (1024K)]
  0x0000021e19178f00 JavaThread "Common-Cleaner"             daemon [_thread_blocked, id=29548, stack(0x000000e59e100000,0x000000e59e200000) (1024K)]
  0x0000021e19a33400 JavaThread "Notification Thread"        daemon [_thread_blocked, id=16792, stack(0x000000e59e200000,0x000000e59e300000) (1024K)]
  0x0000021e19c4d6e0 JavaThread "RMI TCP Accept-0"           daemon [_thread_in_native, id=30452, stack(0x000000e59eb00000,0x000000e59ec00000) (1024K)]
  0x0000021e19c6be90 JavaThread "RMI TCP Accept-61663"       daemon [_thread_in_native, id=19496, stack(0x000000e59ec00000,0x000000e59ed00000) (1024K)]
  0x0000021e19c75f00 JavaThread "RMI TCP Accept-0"           daemon [_thread_in_native, id=28248, stack(0x000000e59ed00000,0x000000e59ee00000) (1024K)]
  0x0000021e1a3ecd60 JavaThread "RMI Scheduler(0)"           daemon [_thread_blocked, id=25936, stack(0x000000e59f400000,0x000000e59f500000) (1024K)]
  0x0000021e1a3eee50 JavaThread "RMI TCP Connection(idle)"   daemon [_thread_blocked, id=29272, stack(0x000000e59f500000,0x000000e59f600000) (1024K)]
  0x0000021e1a408cc0 JavaThread "JMX server connection timeout 51" daemon [_thread_blocked, id=25056, stack(0x000000e59f600000,0x000000e59f700000) (1024K)]
  0x0000021e1b1f4a10 JavaThread "Catalina-utility-1"                [_thread_blocked, id=12880, stack(0x000000e59f700000,0x000000e59f800000) (1024K)]
  0x0000021e1b1f2940 JavaThread "Catalina-utility-2"                [_thread_blocked, id=11184, stack(0x000000e59fd00000,0x000000e59fe00000) (1024K)]
  0x0000021e1b1f4380 JavaThread "container-0"                       [_thread_blocked, id=19700, stack(0x000000e59fe00000,0x000000e59ff00000) (1024K)]
  0x0000021e1b1f3cf0 JavaThread "oracle.jdbc.diagnostics.Diagnostic.CLOCK" daemon [_thread_blocked, id=11852, stack(0x000000e59ff00000,0x000000e5a0000000) (1024K)]
  0x0000021e1b1f2fd0 JavaThread "oracle.jdbc.driver.BlockSource.ThreadedCachingBlockSource.BlockReleaser" daemon [_thread_blocked, id=7416, stack(0x000000e5a0000000,0x000000e5a0100000) (1024K)]
  0x0000021e1b1f5730 JavaThread "InterruptTimer"             daemon [_thread_blocked, id=13848, stack(0x000000e5a0200000,0x000000e5a0300000) (1024K)]
  0x0000021e1b1f22b0 JavaThread "HikariPool-1:housekeeper"   daemon [_thread_blocked, id=2792, stack(0x000000e5a0400000,0x000000e5a0500000) (1024K)]
  0x0000021e1c182370 JavaThread "http-nio-6000-exec-1"       daemon [_thread_blocked, id=23428, stack(0x000000e5a0600000,0x000000e5a0700000) (1024K)]
  0x0000021e1c17eef0 JavaThread "http-nio-6000-exec-2"       daemon [_thread_blocked, id=17712, stack(0x000000e5a0700000,0x000000e5a0800000) (1024K)]
  0x0000021e1c182a00 JavaThread "http-nio-6000-exec-3"       daemon [_thread_blocked, id=18800, stack(0x000000e5a0800000,0x000000e5a0900000) (1024K)]
  0x0000021e1c17f580 JavaThread "http-nio-6000-exec-4"       daemon [_thread_blocked, id=10868, stack(0x000000e5a0900000,0x000000e5a0a00000) (1024K)]
  0x0000021e1c180930 JavaThread "http-nio-6000-exec-5"       daemon [_thread_blocked, id=10720, stack(0x000000e5a0a00000,0x000000e5a0b00000) (1024K)]
  0x0000021e1c1802a0 JavaThread "http-nio-6000-exec-6"       daemon [_thread_blocked, id=30708, stack(0x000000e5a0b00000,0x000000e5a0c00000) (1024K)]
  0x0000021e1c180fc0 JavaThread "http-nio-6000-exec-7"       daemon [_thread_blocked, id=30248, stack(0x000000e5a0c00000,0x000000e5a0d00000) (1024K)]
  0x0000021e1c181650 JavaThread "http-nio-6000-exec-8"       daemon [_thread_blocked, id=13044, stack(0x000000e5a0d00000,0x000000e5a0e00000) (1024K)]
  0x0000021e1c183090 JavaThread "http-nio-6000-exec-9"       daemon [_thread_blocked, id=25296, stack(0x000000e5a0e00000,0x000000e5a0f00000) (1024K)]
  0x0000021e1c17fc10 JavaThread "http-nio-6000-exec-10"      daemon [_thread_blocked, id=26476, stack(0x000000e5a0f00000,0x000000e5a1000000) (1024K)]
  0x0000021e1c183720 JavaThread "http-nio-6000-Poller"       daemon [_thread_in_native, id=15088, stack(0x000000e5a1000000,0x000000e5a1100000) (1024K)]
  0x0000021e1c183db0 JavaThread "http-nio-6000-Acceptor"     daemon [_thread_in_native, id=11176, stack(0x000000e5a1100000,0x000000e5a1200000) (1024K)]
  0x0000021e1c184ad0 JavaThread "ThreadPoolTaskScheduler-1"         [_thread_blocked, id=11972, stack(0x000000e5a1200000,0x000000e5a1300000) (1024K)]
  0x0000021e1c184440 JavaThread "org.springframework.kafka.KafkaListenerEndpointContainer#0-dlt-0-C-1"        [_thread_in_native, id=21672, stack(0x000000e5a1300000,0x000000e5a1400000) (1024K)]
  0x0000021e1c186510 JavaThread "ThreadPoolTaskScheduler-1"         [_thread_blocked, id=24972, stack(0x000000e5a1400000,0x000000e5a1500000) (1024K)]
=>0x0000021e1c185160 JavaThread "org.springframework.kafka.KafkaListenerEndpointContainer#0-0-C-1"        [_thread_in_Java, id=2364, stack(0x000000e5a1500000,0x000000e5a1600000) (1024K)]
  0x0000021e1c1857f0 JavaThread "ThreadPoolTaskScheduler-1"         [_thread_blocked, id=27324, stack(0x000000e5a1600000,0x000000e5a1700000) (1024K)]
  0x0000021e1c185e80 JavaThread "org.springframework.kafka.KafkaListenerEndpointContainer#0-retry-0-C-1"        [_thread_in_native, id=29936, stack(0x000000e5a1700000,0x000000e5a1800000) (1024K)]
  0x0000021e1d5289d0 JavaThread "kafka-coordinator-heartbeat-thread | orquestador-experian" daemon [_thread_blocked, id=21096, stack(0x000000e5a1800000,0x000000e5a1900000) (1024K)]
  0x0000021e1d5296f0 JavaThread "kafka-coordinator-heartbeat-thread | orquestador-experian-dlt" daemon [_thread_blocked, id=21828, stack(0x000000e5a1900000,0x000000e5a1a00000) (1024K)]
  0x0000021e1d529060 JavaThread "kafka-coordinator-heartbeat-thread | orquestador-experian-retry" daemon [_thread_blocked, id=22432, stack(0x000000e5a1a00000,0x000000e5a1b00000) (1024K)]
  0x0000021e1d52b7c0 JavaThread "DestroyJavaVM"                     [_thread_blocked, id=28600, stack(0x000000e59cd00000,0x000000e59ce00000) (1024K)]
Total: 47

Other Threads:
  0x0000021dd3c43240 VMThread "VM Thread"                           [id=15260, stack(0x000000e59d400000,0x000000e59d500000) (1024K)]
  0x0000021dd3c32020 WatcherThread "VM Periodic Task Thread"        [id=13644, stack(0x000000e59d300000,0x000000e59d400000) (1024K)]
  0x0000021dbe5320e0 WorkerThread "GC Thread#0"                     [id=17220, stack(0x000000e59ce00000,0x000000e59cf00000) (1024K)]
  0x0000021e19bdb870 WorkerThread "GC Thread#1"                     [id=14160, stack(0x000000e59e400000,0x000000e59e500000) (1024K)]
  0x0000021e19bdbc10 WorkerThread "GC Thread#2"                     [id=17416, stack(0x000000e59e500000,0x000000e59e600000) (1024K)]
  0x0000021e19bdbfb0 WorkerThread "GC Thread#3"                     [id=21804, stack(0x000000e59e600000,0x000000e59e700000) (1024K)]
  0x0000021e19bdc350 WorkerThread "GC Thread#4"                     [id=21112, stack(0x000000e59e700000,0x000000e59e800000) (1024K)]
  0x0000021e19bf89f0 WorkerThread "GC Thread#5"                     [id=12032, stack(0x000000e59e800000,0x000000e59e900000) (1024K)]
  0x0000021e19c03410 WorkerThread "GC Thread#6"                     [id=9320, stack(0x000000e59e900000,0x000000e59ea00000) (1024K)]
  0x0000021e19c03dc0 WorkerThread "GC Thread#7"                     [id=4572, stack(0x000000e59ea00000,0x000000e59eb00000) (1024K)]
  0x0000021e1a0c9070 WorkerThread "GC Thread#8"                     [id=1148, stack(0x000000e59ee00000,0x000000e59ef00000) (1024K)]
  0x0000021e1a1630e0 WorkerThread "GC Thread#9"                     [id=30612, stack(0x000000e59ef00000,0x000000e59f000000) (1024K)]
  0x0000021e1a167a70 WorkerThread "GC Thread#10"                    [id=4256, stack(0x000000e59f000000,0x000000e59f100000) (1024K)]
  0x0000021e1a168550 WorkerThread "GC Thread#11"                    [id=19996, stack(0x000000e59f100000,0x000000e59f200000) (1024K)]
  0x0000021e1a1688f0 WorkerThread "GC Thread#12"                    [id=24504, stack(0x000000e59f200000,0x000000e59f300000) (1024K)]
  0x0000021dbe542650 ConcurrentGCThread "G1 Main Marker"            [id=26712, stack(0x000000e59cf00000,0x000000e59d000000) (1024K)]
  0x0000021dbe545530 WorkerThread "G1 Conc#0"                       [id=29684, stack(0x000000e59d000000,0x000000e59d100000) (1024K)]
  0x0000021e1a1681b0 WorkerThread "G1 Conc#1"                       [id=30020, stack(0x000000e59f800000,0x000000e59f900000) (1024K)]
  0x0000021e1a1676d0 WorkerThread "G1 Conc#2"                       [id=30276, stack(0x000000e59f900000,0x000000e59fa00000) (1024K)]
  0x0000021dd3afe620 ConcurrentGCThread "G1 Refine#0"               [id=12944, stack(0x000000e59d100000,0x000000e59d200000) (1024K)]
  0x0000021dd3afea50 ConcurrentGCThread "G1 Service"                [id=15016, stack(0x000000e59d200000,0x000000e59d300000) (1024K)]
Total: 21

Threads with active compile tasks:
Total: 0

VM state: not at safepoint (normal execution)

VM Mutex/Monitor currently owned by a thread: None

Heap address: 0x0000000709800000, size: 3944 MB, Compressed Oops mode: Zero based, Oop shift amount: 3

CDS archive(s) mapped at: [0x0000021dd4000000-0x0000021dd4c80000-0x0000021dd4c80000), size 13107200, SharedBaseAddress: 0x0000021dd4000000, ArchiveRelocationMode: 1.
Compressed class space mapped at: 0x0000021dd5000000-0x0000021e15000000, reserved size: 1073741824
Narrow klass base: 0x0000021dd4000000, Narrow klass shift: 0, Narrow klass range: 0x100000000

GC Precious Log:
 CardTable entry size: 512
 Card Set container configuration: InlinePtr #cards 4 size 8 Array Of Cards #cards 16 size 48 Howl #buckets 8 coarsen threshold 3686 Howl Bitmap #cards 512 size 80 coarsen threshold 460 Card regions per heap region 1 cards per card region 4096
 CPUs: 16 total, 16 available
 Memory: 15772M
 Large Page Support: Disabled
 NUMA Support: Disabled
 Compressed Oops: Enabled (Zero based)
 Heap Region Size: 2M
 Heap Min Capacity: 8M
 Heap Initial Capacity: 248M
 Heap Max Capacity: 3944M
 Pre-touch: Disabled
 Parallel Workers: 13
 Concurrent Workers: 3
 Concurrent Refinement Workers: 13
 Periodic GC: Disabled

Heap:
 garbage-first heap   total 110592K, used 42565K [0x0000000709800000, 0x0000000800000000)
  region size 2048K, 4 young (8192K), 3 survivors (6144K)
 Metaspace       used 99075K, committed 99968K, reserved 1179648K
  class space    used 13769K, committed 14144K, reserved 1048576K

Heap Regions: E=young(eden), S=young(survivor), O=old, HS=humongous(starts), HC=humongous(continues), CS=collection set, F=free, TAMS=top-at-mark-start, PB=parsable bottom
|   0|0x0000000709800000, 0x0000000709a00000, 0x0000000709a00000|100%| O|  |TAMS 0x0000000709800000| PB 0x0000000709800000| Untracked 
|   1|0x0000000709a00000, 0x0000000709c00000, 0x0000000709c00000|100%| O|  |TAMS 0x0000000709a00000| PB 0x0000000709a00000| Untracked 
|   2|0x0000000709c00000, 0x0000000709e00000, 0x0000000709e00000|100%| O|  |TAMS 0x0000000709c00000| PB 0x0000000709c00000| Untracked 
|   3|0x0000000709e00000, 0x000000070a000000, 0x000000070a000000|100%| O|  |TAMS 0x0000000709e00000| PB 0x0000000709e00000| Untracked 
|   4|0x000000070a000000, 0x000000070a200000, 0x000000070a200000|100%| O|  |TAMS 0x000000070a000000| PB 0x000000070a000000| Untracked 
|   5|0x000000070a200000, 0x000000070a400000, 0x000000070a400000|100%| O|  |TAMS 0x000000070a200000| PB 0x000000070a200000| Untracked 
|   6|0x000000070a400000, 0x000000070a600000, 0x000000070a600000|100%| O|  |TAMS 0x000000070a400000| PB 0x000000070a400000| Untracked 
|   7|0x000000070a600000, 0x000000070a600000, 0x000000070a800000|  0%| F|  |TAMS 0x000000070a600000| PB 0x000000070a600000| Untracked 
|   8|0x000000070a800000, 0x000000070aa00000, 0x000000070aa00000|100%| O|  |TAMS 0x000000070a800000| PB 0x000000070a800000| Untracked 
|   9|0x000000070aa00000, 0x000000070ac00000, 0x000000070ac00000|100%| O|  |TAMS 0x000000070aa00000| PB 0x000000070aa00000| Untracked 
|  10|0x000000070ac00000, 0x000000070ae00000, 0x000000070ae00000|100%| O|  |TAMS 0x000000070ac00000| PB 0x000000070ac00000| Untracked 
|  11|0x000000070ae00000, 0x000000070b000000, 0x000000070b000000|100%| O|  |TAMS 0x000000070ae00000| PB 0x000000070ae00000| Untracked 
|  12|0x000000070b000000, 0x000000070b200000, 0x000000070b200000|100%| O|  |TAMS 0x000000070b000000| PB 0x000000070b000000| Untracked 
|  13|0x000000070b200000, 0x000000070b400000, 0x000000070b400000|100%| O|  |TAMS 0x000000070b200000| PB 0x000000070b200000| Untracked 
|  14|0x000000070b400000, 0x000000070b600000, 0x000000070b600000|100%| O|  |TAMS 0x000000070b400000| PB 0x000000070b400000| Untracked 
|  15|0x000000070b600000, 0x000000070b800000, 0x000000070b800000|100%| O|  |TAMS 0x000000070b600000| PB 0x000000070b600000| Untracked 
|  16|0x000000070b800000, 0x000000070ba00000, 0x000000070ba00000|100%| O|  |TAMS 0x000000070b800000| PB 0x000000070b800000| Untracked 
|  17|0x000000070ba00000, 0x000000070bc00000, 0x000000070bc00000|100%| O|  |TAMS 0x000000070ba00000| PB 0x000000070ba00000| Untracked 
|  18|0x000000070bc00000, 0x000000070be00000, 0x000000070be00000|100%| O|  |TAMS 0x000000070bc00000| PB 0x000000070bc00000| Untracked 
|  19|0x000000070be00000, 0x000000070bebded8, 0x000000070c000000| 37%| O|  |TAMS 0x000000070be00000| PB 0x000000070be00000| Untracked 
|  20|0x000000070c000000, 0x000000070c0d3610, 0x000000070c200000| 41%| S|CS|TAMS 0x000000070c000000| PB 0x000000070c000000| Complete 
|  21|0x000000070c200000, 0x000000070c200000, 0x000000070c400000|  0%| F|  |TAMS 0x000000070c200000| PB 0x000000070c200000| Untracked 
|  22|0x000000070c400000, 0x000000070c400000, 0x000000070c600000|  0%| F|  |TAMS 0x000000070c400000| PB 0x000000070c400000| Untracked 
|  23|0x000000070c600000, 0x000000070c800000, 0x000000070c800000|100%| S|CS|TAMS 0x000000070c600000| PB 0x000000070c600000| Complete 
|  24|0x000000070c800000, 0x000000070ca00000, 0x000000070ca00000|100%| S|CS|TAMS 0x000000070c800000| PB 0x000000070c800000| Complete 
|  25|0x000000070ca00000, 0x000000070ca00000, 0x000000070cc00000|  0%| F|  |TAMS 0x000000070ca00000| PB 0x000000070ca00000| Untracked 
|  26|0x000000070cc00000, 0x000000070cc00000, 0x000000070ce00000|  0%| F|  |TAMS 0x000000070cc00000| PB 0x000000070cc00000| Untracked 
|  27|0x000000070ce00000, 0x000000070ce00000, 0x000000070d000000|  0%| F|  |TAMS 0x000000070ce00000| PB 0x000000070ce00000| Untracked 
|  28|0x000000070d000000, 0x000000070d000000, 0x000000070d200000|  0%| F|  |TAMS 0x000000070d000000| PB 0x000000070d000000| Untracked 
|  29|0x000000070d200000, 0x000000070d200000, 0x000000070d400000|  0%| F|  |TAMS 0x000000070d200000| PB 0x000000070d200000| Untracked 
|  30|0x000000070d400000, 0x000000070d400000, 0x000000070d600000|  0%| F|  |TAMS 0x000000070d400000| PB 0x000000070d400000| Untracked 
|  31|0x000000070d600000, 0x000000070d600000, 0x000000070d800000|  0%| F|  |TAMS 0x000000070d600000| PB 0x000000070d600000| Untracked 
|  32|0x000000070d800000, 0x000000070d800000, 0x000000070da00000|  0%| F|  |TAMS 0x000000070d800000| PB 0x000000070d800000| Untracked 
|  33|0x000000070da00000, 0x000000070da00000, 0x000000070dc00000|  0%| F|  |TAMS 0x000000070da00000| PB 0x000000070da00000| Untracked 
|  34|0x000000070dc00000, 0x000000070dc00000, 0x000000070de00000|  0%| F|  |TAMS 0x000000070dc00000| PB 0x000000070dc00000| Untracked 
|  35|0x000000070de00000, 0x000000070de00000, 0x000000070e000000|  0%| F|  |TAMS 0x000000070de00000| PB 0x000000070de00000| Untracked 
|  36|0x000000070e000000, 0x000000070e000000, 0x000000070e200000|  0%| F|  |TAMS 0x000000070e000000| PB 0x000000070e000000| Untracked 
|  37|0x000000070e200000, 0x000000070e200000, 0x000000070e400000|  0%| F|  |TAMS 0x000000070e200000| PB 0x000000070e200000| Untracked 
|  38|0x000000070e400000, 0x000000070e400000, 0x000000070e600000|  0%| F|  |TAMS 0x000000070e400000| PB 0x000000070e400000| Untracked 
|  39|0x000000070e600000, 0x000000070e600000, 0x000000070e800000|  0%| F|  |TAMS 0x000000070e600000| PB 0x000000070e600000| Untracked 
|  40|0x000000070e800000, 0x000000070e800000, 0x000000070ea00000|  0%| F|  |TAMS 0x000000070e800000| PB 0x000000070e800000| Untracked 
|  41|0x000000070ea00000, 0x000000070ea00000, 0x000000070ec00000|  0%| F|  |TAMS 0x000000070ea00000| PB 0x000000070ea00000| Untracked 
|  42|0x000000070ec00000, 0x000000070ec00000, 0x000000070ee00000|  0%| F|  |TAMS 0x000000070ec00000| PB 0x000000070ec00000| Untracked 
|  43|0x000000070ee00000, 0x000000070ee00000, 0x000000070f000000|  0%| F|  |TAMS 0x000000070ee00000| PB 0x000000070ee00000| Untracked 
|  44|0x000000070f000000, 0x000000070f000000, 0x000000070f200000|  0%| F|  |TAMS 0x000000070f000000| PB 0x000000070f000000| Untracked 
|  45|0x000000070f200000, 0x000000070f200000, 0x000000070f400000|  0%| F|  |TAMS 0x000000070f200000| PB 0x000000070f200000| Untracked 
|  46|0x000000070f400000, 0x000000070f400000, 0x000000070f600000|  0%| F|  |TAMS 0x000000070f400000| PB 0x000000070f400000| Untracked 
|  47|0x000000070f600000, 0x000000070f600000, 0x000000070f800000|  0%| F|  |TAMS 0x000000070f600000| PB 0x000000070f600000| Untracked 
|  48|0x000000070f800000, 0x000000070f800000, 0x000000070fa00000|  0%| F|  |TAMS 0x000000070f800000| PB 0x000000070f800000| Untracked 
|  49|0x000000070fa00000, 0x000000070fa00000, 0x000000070fc00000|  0%| F|  |TAMS 0x000000070fa00000| PB 0x000000070fa00000| Untracked 
|  50|0x000000070fc00000, 0x000000070fc00000, 0x000000070fe00000|  0%| F|  |TAMS 0x000000070fc00000| PB 0x000000070fc00000| Untracked 
|  51|0x000000070fe00000, 0x000000070fe00000, 0x0000000710000000|  0%| F|  |TAMS 0x000000070fe00000| PB 0x000000070fe00000| Untracked 
|  97|0x0000000715a00000, 0x0000000715a00000, 0x0000000715c00000|  0%| F|  |TAMS 0x0000000715a00000| PB 0x0000000715a00000| Untracked 
| 123|0x0000000718e00000, 0x0000000718fb08c8, 0x0000000719000000| 84%| E|  |TAMS 0x0000000718e00000| PB 0x0000000718e00000| Complete 

Card table byte_map: [0x0000021dcc8b0000,0x0000021dcd070000] _byte_map_base: 0x0000021dc9064000

Marking Bits: (CMBitMap*) 0x0000021dbe5326f0
 Bits: [0x0000021dcd070000, 0x0000021dd0e10000)

Polling page: 0x0000021dbe260000

Metaspace:

Usage:
  Non-class:     83.31 MB used.
      Class:     13.45 MB used.
       Both:     96.75 MB used.

Virtual space:
  Non-class space:      128.00 MB reserved,      83.81 MB ( 65%) committed,  2 nodes.
      Class space:        1.00 GB reserved,      13.81 MB (  1%) committed,  1 nodes.
             Both:        1.12 GB reserved,      97.62 MB (  8%) committed. 

Chunk freelists:
   Non-Class:  11.55 MB
       Class:  2.14 MB
        Both:  13.69 MB

MaxMetaspaceSize: unlimited
CompressedClassSpaceSize: 1.00 GB
Initial GC threshold: 21.00 MB
Current GC threshold: 152.12 MB
CDS: on
 - commit_granule_bytes: 65536.
 - commit_granule_words: 8192.
 - virtual_space_node_default_size: 8388608.
 - enlarge_chunks_in_place: 1.
 - use_allocation_guard: 0.


Internal statistics:

num_allocs_failed_limit: 12.
num_arena_births: 1258.
num_arena_deaths: 0.
num_vsnodes_births: 3.
num_vsnodes_deaths: 0.
num_space_committed: 1562.
num_space_uncommitted: 0.
num_chunks_returned_to_freelist: 12.
num_chunks_taken_from_freelist: 4757.
num_chunk_merges: 12.
num_chunk_splits: 3608.
num_chunks_enlarged: 2934.
num_inconsistent_stats: 0.

CodeCache: size=49152Kb used=14657Kb max_used=16816Kb free=34494Kb
 bounds [0x0000021dc82c0000, 0x0000021dc9340000, 0x0000021dcb2c0000]
 total_blobs=8550, nmethods=7684, adapters=789, full_count=0
Compilation: enabled, stopped_count=0, restarted_count=0

Compilation events (20 events):
Event: 216.432 Thread 0x0000021dd3c7c850 8408       1       org.apache.kafka.clients.consumer.internals.SubscriptionState$TopicPartitionState::access$2400 (5 bytes)
Event: 216.433 Thread 0x0000021dd3c7c850 nmethod 8408 0x0000021dc851ae10 code [0x0000021dc851afa0, 0x0000021dc851b058]
Event: 216.433 Thread 0x0000021dd3c7c850 8409   !   1       java.util.Collections$SynchronizedCollection::toArray (24 bytes)
Event: 216.433 Thread 0x0000021dd3c7c850 nmethod 8409 0x0000021dc851a910 code [0x0000021dc851aac0, 0x0000021dc851acd0]
Event: 221.451 Thread 0x0000021dd3c7c850 8410       1       org.springframework.kafka.listener.KafkaMessageListenerContainer$ListenerConsumer$$Lambda/0x0000021dd5dda488::accept (12 bytes)
Event: 221.451 Thread 0x0000021dd3c7c850 nmethod 8410 0x0000021dc851a510 code [0x0000021dc851a6c0, 0x0000021dc851a800]
Event: 221.451 Thread 0x0000021dd3c7c850 8411       1       org.springframework.kafka.listener.KafkaMessageListenerContainer$ListenerConsumer::checkIdlePartition (162 bytes)
Event: 221.452 Thread 0x0000021dd3c7c850 nmethod 8411 0x0000021dc8519890 code [0x0000021dc8519ae0, 0x0000021dc851a0e0]
Event: 221.452 Thread 0x0000021dd3c7c850 8412       1       org.springframework.kafka.listener.KafkaMessageListenerContainer$ListenerConsumer$$Lambda/0x0000021dd5dda6c0::test (12 bytes)
Event: 221.452 Thread 0x0000021dd3c7c850 nmethod 8412 0x0000021dc8519390 code [0x0000021dc8519540, 0x0000021dc8519728]
Event: 221.452 Thread 0x0000021dd3c7c850 8413       1       org.springframework.kafka.listener.KafkaMessageListenerContainer$ListenerConsumer::lambda$resumePartitionsIfNecessary$36 (30 bytes)
Event: 221.452 Thread 0x0000021dd3c7c850 nmethod 8413 0x0000021dc8518f90 code [0x0000021dc8519140, 0x0000021dc85192c8]
Event: 221.452 Thread 0x0000021dd3c7c850 8414       1       org.apache.kafka.clients.consumer.internals.SubscriptionState$$Lambda/0x0000021dd5d58000::test (8 bytes)
Event: 221.452 Thread 0x0000021dd3c7c850 nmethod 8414 0x0000021dc8518c10 code [0x0000021dc8518da0, 0x0000021dc8518ec0]
Event: 221.452 Thread 0x0000021dd3c7c850 8415       1       org.apache.kafka.clients.consumer.internals.SubscriptionState::lambda$pausedPartitions$0 (8 bytes)
Event: 221.452 Thread 0x0000021dd3c7c850 nmethod 8415 0x0000021dc8518890 code [0x0000021dc8518a20, 0x0000021dc8518b18]
Event: 221.452 Thread 0x0000021dd3c7c850 8416       1       org.springframework.kafka.listener.KafkaMessageListenerContainer$ListenerConsumer$$Lambda/0x0000021dd5d58488::test (16 bytes)
Event: 221.452 Thread 0x0000021dd3c7c850 nmethod 8416 0x0000021dc8518390 code [0x0000021dc8518540, 0x0000021dc8518730]
Event: 221.452 Thread 0x0000021dd3c7c850 8417       1       org.springframework.kafka.listener.KafkaMessageListenerContainer$ListenerConsumer::lambda$pausePartitionsIfNecessary$34 (27 bytes)
Event: 221.452 Thread 0x0000021dd3c7c850 nmethod 8417 0x0000021dc8517f10 code [0x0000021dc85180c0, 0x0000021dc8518248]

GC Heap History (20 events):
Event: 3.734 GC heap before
{Heap before GC invocations=18 (full 0):
 garbage-first heap   total 92160K, used 74079K [0x0000000709800000, 0x0000000800000000)
  region size 2048K, 27 young (55296K), 3 survivors (6144K)
 Metaspace       used 59270K, committed 59904K, reserved 1114112K
  class space    used 8262K, committed 8576K, reserved 1048576K
}
Event: 3.737 GC heap after
{Heap after GC invocations=19 (full 0):
 garbage-first heap   total 92160K, used 28608K [0x0000000709800000, 0x0000000800000000)
  region size 2048K, 3 young (6144K), 3 survivors (6144K)
 Metaspace       used 59270K, committed 59904K, reserved 1114112K
  class space    used 8262K, committed 8576K, reserved 1048576K
}
Event: 3.995 GC heap before
{Heap before GC invocations=19 (full 0):
 garbage-first heap   total 92160K, used 75712K [0x0000000709800000, 0x0000000800000000)
  region size 2048K, 27 young (55296K), 3 survivors (6144K)
 Metaspace       used 64102K, committed 64768K, reserved 1114112K
  class space    used 8984K, committed 9280K, reserved 1048576K
}
Event: 3.998 GC heap after
{Heap after GC invocations=20 (full 0):
 garbage-first heap   total 92160K, used 29392K [0x0000000709800000, 0x0000000800000000)
  region size 2048K, 3 young (6144K), 3 survivors (6144K)
 Metaspace       used 64102K, committed 64768K, reserved 1114112K
  class space    used 8984K, committed 9280K, reserved 1048576K
}
Event: 4.291 GC heap before
{Heap before GC invocations=20 (full 0):
 garbage-first heap   total 92160K, used 76496K [0x0000000709800000, 0x0000000800000000)
  region size 2048K, 27 young (55296K), 3 survivors (6144K)
 Metaspace       used 68616K, committed 69248K, reserved 1114112K
  class space    used 9697K, committed 9984K, reserved 1048576K
}
Event: 4.293 GC heap after
{Heap after GC invocations=21 (full 0):
 garbage-first heap   total 110592K, used 30593K [0x0000000709800000, 0x0000000800000000)
  region size 2048K, 3 young (6144K), 3 survivors (6144K)
 Metaspace       used 68616K, committed 69248K, reserved 1114112K
  class space    used 9697K, committed 9984K, reserved 1048576K
}
Event: 4.815 GC heap before
{Heap before GC invocations=21 (full 0):
 garbage-first heap   total 110592K, used 89985K [0x0000000709800000, 0x0000000800000000)
  region size 2048K, 32 young (65536K), 3 survivors (6144K)
 Metaspace       used 74305K, committed 75008K, reserved 1114112K
  class space    used 10596K, committed 10880K, reserved 1048576K
}
Event: 4.818 GC heap after
{Heap after GC invocations=22 (full 0):
 garbage-first heap   total 110592K, used 32982K [0x0000000709800000, 0x0000000800000000)
  region size 2048K, 4 young (8192K), 4 survivors (8192K)
 Metaspace       used 74305K, committed 75008K, reserved 1114112K
  class space    used 10596K, committed 10880K, reserved 1048576K
}
Event: 5.166 GC heap before
{Heap before GC invocations=22 (full 0):
 garbage-first heap   total 110592K, used 90326K [0x0000000709800000, 0x0000000800000000)
  region size 2048K, 32 young (65536K), 4 survivors (8192K)
 Metaspace       used 80348K, committed 81088K, reserved 1179648K
  class space    used 11341K, committed 11648K, reserved 1048576K
}
Event: 5.169 GC heap after
{Heap after GC invocations=23 (full 0):
 garbage-first heap   total 110592K, used 34219K [0x0000000709800000, 0x0000000800000000)
  region size 2048K, 3 young (6144K), 3 survivors (6144K)
 Metaspace       used 80348K, committed 81088K, reserved 1179648K
  class space    used 11341K, committed 11648K, reserved 1048576K
}
Event: 5.624 GC heap before
{Heap before GC invocations=23 (full 0):
 garbage-first heap   total 110592K, used 93611K [0x0000000709800000, 0x0000000800000000)
  region size 2048K, 32 young (65536K), 3 survivors (6144K)
 Metaspace       used 84388K, committed 85184K, reserved 1179648K
  class space    used 11979K, committed 12352K, reserved 1048576K
}
Event: 5.627 GC heap after
{Heap after GC invocations=24 (full 0):
 garbage-first heap   total 110592K, used 38260K [0x0000000709800000, 0x0000000800000000)
  region size 2048K, 4 young (8192K), 4 survivors (8192K)
 Metaspace       used 84388K, committed 85184K, reserved 1179648K
  class space    used 11979K, committed 12352K, reserved 1048576K
}
Event: 5.943 GC heap before
{Heap before GC invocations=24 (full 0):
 garbage-first heap   total 110592K, used 95604K [0x0000000709800000, 0x0000000800000000)
  region size 2048K, 32 young (65536K), 4 survivors (8192K)
 Metaspace       used 89489K, committed 90304K, reserved 1179648K
  class space    used 12508K, committed 12864K, reserved 1048576K
}
Event: 5.947 GC heap after
{Heap after GC invocations=25 (full 0):
 garbage-first heap   total 110592K, used 40468K [0x0000000709800000, 0x0000000800000000)
  region size 2048K, 3 young (6144K), 3 survivors (6144K)
 Metaspace       used 89489K, committed 90304K, reserved 1179648K
  class space    used 12508K, committed 12864K, reserved 1048576K
}
Event: 6.054 GC heap before
{Heap before GC invocations=25 (full 0):
 garbage-first heap   total 110592K, used 69140K [0x0000000709800000, 0x0000000800000000)
  region size 2048K, 18 young (36864K), 3 survivors (6144K)
 Metaspace       used 92268K, committed 93056K, reserved 1179648K
  class space    used 12686K, committed 13056K, reserved 1048576K
}
Event: 6.057 GC heap after
{Heap after GC invocations=26 (full 0):
 garbage-first heap   total 110592K, used 41025K [0x0000000709800000, 0x0000000800000000)
  region size 2048K, 2 young (4096K), 2 survivors (4096K)
 Metaspace       used 92268K, committed 93056K, reserved 1179648K
  class space    used 12686K, committed 13056K, reserved 1048576K
}
Event: 6.386 GC heap before
{Heap before GC invocations=27 (full 0):
 garbage-first heap   total 110592K, used 100417K [0x0000000709800000, 0x0000000800000000)
  region size 2048K, 31 young (63488K), 2 survivors (4096K)
 Metaspace       used 96200K, committed 97088K, reserved 1179648K
  class space    used 13279K, committed 13696K, reserved 1048576K
}
Event: 6.389 GC heap after
{Heap after GC invocations=28 (full 0):
 garbage-first heap   total 110592K, used 41847K [0x0000000709800000, 0x0000000800000000)
  region size 2048K, 2 young (4096K), 2 survivors (4096K)
 Metaspace       used 96200K, committed 97088K, reserved 1179648K
  class space    used 13279K, committed 13696K, reserved 1048576K
}
Event: 223.999 GC heap before
{Heap before GC invocations=28 (full 0):
 garbage-first heap   total 110592K, used 101239K [0x0000000709800000, 0x0000000800000000)
  region size 2048K, 31 young (63488K), 2 survivors (4096K)
 Metaspace       used 99063K, committed 99904K, reserved 1179648K
  class space    used 13769K, committed 14144K, reserved 1048576K
}
Event: 224.003 GC heap after
{Heap after GC invocations=29 (full 0):
 garbage-first heap   total 110592K, used 42565K [0x0000000709800000, 0x0000000800000000)
  region size 2048K, 3 young (6144K), 3 survivors (6144K)
 Metaspace       used 99063K, committed 99904K, reserved 1179648K
  class space    used 13769K, committed 14144K, reserved 1048576K
}

Dll operation events (12 events):
Event: 0.008 Loaded shared library C:\Program Files\Amazon Corretto\jdk21.0.9_10\bin\java.dll
Event: 0.188 Loaded shared library C:\Program Files\Amazon Corretto\jdk21.0.9_10\bin\zip.dll
Event: 0.191 Loaded shared library C:\Program Files\Amazon Corretto\jdk21.0.9_10\bin\instrument.dll
Event: 0.195 Loaded shared library C:\Program Files\Amazon Corretto\jdk21.0.9_10\bin\net.dll
Event: 0.196 Loaded shared library C:\Program Files\Amazon Corretto\jdk21.0.9_10\bin\nio.dll
Event: 0.198 Loaded shared library C:\Program Files\Amazon Corretto\jdk21.0.9_10\bin\zip.dll
Event: 0.308 Loaded shared library C:\Program Files\Amazon Corretto\jdk21.0.9_10\bin\jimage.dll
Event: 0.344 Loaded shared library C:\Program Files\Amazon Corretto\jdk21.0.9_10\bin\management.dll
Event: 0.351 Loaded shared library C:\Program Files\Amazon Corretto\jdk21.0.9_10\bin\management_ext.dll
Event: 0.500 Loaded shared library C:\Program Files\Amazon Corretto\jdk21.0.9_10\bin\extnet.dll
Event: 0.517 Loaded shared library C:\Program Files\Amazon Corretto\jdk21.0.9_10\bin\verify.dll
Event: 1.465 Loaded shared library C:\Program Files\Amazon Corretto\jdk21.0.9_10\bin\sunmscapi.dll

Deoptimization events (20 events):
Event: 9.645 Thread 0x0000021e1c185160 DEOPT PACKING pc=0x0000021dc8f97af4 sp=0x000000e5a15fa060
Event: 9.645 Thread 0x0000021e1c185160 DEOPT UNPACKING pc=0x0000021dc8314bc2 sp=0x000000e5a15f94f0 mode 1
Event: 9.649 Thread 0x0000021e1c185160 DEOPT PACKING pc=0x0000021dc8807dd9 sp=0x000000e5a15f9e60
Event: 9.649 Thread 0x0000021e1c185160 DEOPT UNPACKING pc=0x0000021dc8314bc2 sp=0x000000e5a15f92b8 mode 1
Event: 9.649 Thread 0x0000021e1c185160 DEOPT PACKING pc=0x0000021dc87eef2c sp=0x000000e5a15f9ef0
Event: 9.649 Thread 0x0000021e1c185160 DEOPT UNPACKING pc=0x0000021dc8314bc2 sp=0x000000e5a15f9398 mode 1
Event: 9.649 Thread 0x0000021e1c185160 DEOPT PACKING pc=0x0000021dc8864c14 sp=0x000000e5a15fa930
Event: 9.649 Thread 0x0000021e1c185160 DEOPT UNPACKING pc=0x0000021dc8314bc2 sp=0x000000e5a15f9df8 mode 1
Event: 9.649 Thread 0x0000021e1c185160 DEOPT PACKING pc=0x0000021dc8f97af4 sp=0x000000e5a15fa9c0
Event: 9.649 Thread 0x0000021e1c185160 DEOPT UNPACKING pc=0x0000021dc8314bc2 sp=0x000000e5a15f9e50 mode 1
Event: 9.649 Thread 0x0000021e1c185160 DEOPT PACKING pc=0x0000021dc8807dd9 sp=0x000000e5a15f9e60
Event: 9.649 Thread 0x0000021e1c185160 DEOPT UNPACKING pc=0x0000021dc8314bc2 sp=0x000000e5a15f92b8 mode 1
Event: 9.649 Thread 0x0000021e1c185160 DEOPT PACKING pc=0x0000021dc87eef2c sp=0x000000e5a15f9ef0
Event: 9.649 Thread 0x0000021e1c185160 DEOPT UNPACKING pc=0x0000021dc8314bc2 sp=0x000000e5a15f9398 mode 1
Event: 9.649 Thread 0x0000021e1c185160 DEOPT PACKING pc=0x0000021dc8864c14 sp=0x000000e5a15fa930
Event: 9.649 Thread 0x0000021e1c185160 DEOPT UNPACKING pc=0x0000021dc8314bc2 sp=0x000000e5a15f9df8 mode 1
Event: 9.649 Thread 0x0000021e1c185160 DEOPT PACKING pc=0x0000021dc8f97af4 sp=0x000000e5a15fa9c0
Event: 9.649 Thread 0x0000021e1c185160 DEOPT UNPACKING pc=0x0000021dc8314bc2 sp=0x000000e5a15f9e50 mode 1
Event: 229.789 Thread 0x0000021e1c185160 DEOPT PACKING pc=0x0000021dc871ddbc sp=0x000000e5a15fdc20
Event: 229.789 Thread 0x0000021e1c185160 DEOPT UNPACKING pc=0x0000021dc8314bc2 sp=0x000000e5a15fd0e0 mode 0

Classes loaded (20 events):
Event: 6.663 Loading class java/rmi/MarshalledObject$MarshalledObjectInputStream
Event: 6.664 Loading class java/rmi/MarshalledObject$MarshalledObjectInputStream done
Event: 6.665 Loading class java/rmi/server/UnicastRemoteObject
Event: 6.665 Loading class java/rmi/server/UnicastRemoteObject done
Event: 6.665 Loading class java/util/Vector$1
Event: 6.665 Loading class java/util/Vector$1 done
Event: 6.974 Loading class java/util/concurrent/locks/ReentrantReadWriteLock$Sync$HoldCounter
Event: 6.974 Loading class java/util/concurrent/locks/ReentrantReadWriteLock$Sync$HoldCounter done
Event: 9.397 Loading class java/util/TreeMap$KeySpliterator
Event: 9.397 Loading class java/util/TreeMap$KeySpliterator done
Event: 9.478 Loading class java/util/zip/CRC32C
Event: 9.478 Loading class java/util/zip/CRC32C done
Event: 9.518 Loading class org/w3c/dom/Node
Event: 9.518 Loading class org/w3c/dom/Node done
Event: 9.518 Loading class org/w3c/dom/Document
Event: 9.518 Loading class org/w3c/dom/Document done
Event: 9.572 Loading class java/util/stream/LongStream
Event: 9.572 Loading class java/util/stream/LongStream done
Event: 9.572 Loading class java/util/stream/DoubleStream
Event: 9.573 Loading class java/util/stream/DoubleStream done

Classes unloaded (0 events):
No events

Classes redefined (1 events):
Event: 229.810 Thread 0x0000021dd3c43240 redefined class name=bs.experian.orquestador.infrastructure.persistence.documentos.ProcesadorDocumentoRepository, count=1

Internal exceptions (20 events):
Event: 5.640 Thread 0x0000021dbe4cc3f0 Exception <a 'java/lang/NoSuchMethodError'{0x0000000718f74708}: 'java.lang.Object java.lang.invoke.Invokers$Holder.invoke_MT(java.lang.Object, java.lang.Object, java.lang.Object, java.lang.Object, java.lang.Object, java.lang.Object, java.lang.Object, java.lang.Object, java.lang.Object, java.lang.Object, java.lang.Object)'> (0x0000000718f74708) 
thrown [s\src\hotspot\share\interpreter\linkResolver.cpp, line 773]
Event: 5.673 Thread 0x0000021dbe4cc3f0 Exception <a 'java/lang/NoSuchMethodError'{0x000000070ff4eec8}: 'int java.lang.invoke.DirectMethodHandle$Holder.invokeStatic(java.lang.Object, java.lang.Object, java.lang.Object, java.lang.Object, java.lang.Object)'> (0x000000070ff4eec8) 
thrown [s\src\hotspot\share\interpreter\linkResolver.cpp, line 773]
Event: 5.705 Thread 0x0000021dbe4cc3f0 Exception <a 'java/lang/NoSuchMethodError'{0x000000070fae39b0}: 'double java.lang.invoke.DirectMethodHandle$Holder.invokeVirtual(java.lang.Object, java.lang.Object)'> (0x000000070fae39b0) 
thrown [s\src\hotspot\share\interpreter\linkResolver.cpp, line 773]
Event: 5.706 Thread 0x0000021dbe4cc3f0 Exception <a 'java/lang/NoSuchMethodError'{0x000000070faea9f0}: 'double java.lang.invoke.DelegatingMethodHandle$Holder.reinvoke_L(java.lang.Object, java.lang.Object)'> (0x000000070faea9f0) 
thrown [s\src\hotspot\share\interpreter\linkResolver.cpp, line 773]
Event: 5.706 Thread 0x0000021dbe4cc3f0 Exception <a 'java/lang/NoSuchMethodError'{0x000000070faf58f0}: 'void java.lang.invoke.DirectMethodHandle$Holder.invokeVirtual(java.lang.Object, java.lang.Object, double)'> (0x000000070faf58f0) 
thrown [s\src\hotspot\share\interpreter\linkResolver.cpp, line 773]
Event: 5.706 Thread 0x0000021dbe4cc3f0 Exception <a 'java/lang/NoSuchMethodError'{0x000000070fb00080}: 'double java.lang.invoke.DelegatingMethodHandle$Holder.reinvoke_L(java.lang.Object, java.lang.Object, int)'> (0x000000070fb00080) 
thrown [s\src\hotspot\share\interpreter\linkResolver.cpp, line 773]
Event: 5.707 Thread 0x0000021dbe4cc3f0 Exception <a 'java/lang/NoSuchMethodError'{0x000000070fb09bd0}: 'void java.lang.invoke.DelegatingMethodHandle$Holder.reinvoke_L(java.lang.Object, java.lang.Object, double)'> (0x000000070fb09bd0) 
thrown [s\src\hotspot\share\interpreter\linkResolver.cpp, line 773]
Event: 5.707 Thread 0x0000021dbe4cc3f0 Exception <a 'java/lang/NoSuchMethodError'{0x000000070fb170b8}: 'long java.lang.invoke.DelegatingMethodHandle$Holder.reinvoke_L(java.lang.Object, java.lang.Object)'> (0x000000070fb170b8) 
thrown [s\src\hotspot\share\interpreter\linkResolver.cpp, line 773]
Event: 5.707 Thread 0x0000021dbe4cc3f0 Exception <a 'java/lang/NoSuchMethodError'{0x000000070fb21060}: 'long java.lang.invoke.DirectMethodHandle$Holder.invokeStatic(java.lang.Object, java.lang.Object, int)'> (0x000000070fb21060) 
thrown [s\src\hotspot\share\interpreter\linkResolver.cpp, line 773]
Event: 5.708 Thread 0x0000021dbe4cc3f0 Exception <a 'java/lang/NoSuchMethodError'{0x000000070fb2b098}: 'void java.lang.invoke.DelegatingMethodHandle$Holder.reinvoke_L(java.lang.Object, java.lang.Object, long)'> (0x000000070fb2b098) 
thrown [s\src\hotspot\share\interpreter\linkResolver.cpp, line 773]
Event: 5.709 Thread 0x0000021dbe4cc3f0 Exception <a 'java/lang/NoSuchMethodError'{0x000000070fb45590}: 'float java.lang.invoke.DirectMethodHandle$Holder.invokeVirtual(java.lang.Object, java.lang.Object)'> (0x000000070fb45590) 
thrown [s\src\hotspot\share\interpreter\linkResolver.cpp, line 773]
Event: 5.709 Thread 0x0000021dbe4cc3f0 Exception <a 'java/lang/NoSuchMethodError'{0x000000070fb4c5c8}: 'float java.lang.invoke.DelegatingMethodHandle$Holder.reinvoke_L(java.lang.Object, java.lang.Object)'> (0x000000070fb4c5c8) 
thrown [s\src\hotspot\share\interpreter\linkResolver.cpp, line 773]
Event: 5.709 Thread 0x0000021dbe4cc3f0 Exception <a 'java/lang/NoSuchMethodError'{0x000000070fb5de08}: 'float java.lang.invoke.DelegatingMethodHandle$Holder.reinvoke_L(java.lang.Object, java.lang.Object, int)'> (0x000000070fb5de08) 
thrown [s\src\hotspot\share\interpreter\linkResolver.cpp, line 773]
Event: 5.710 Thread 0x0000021dbe4cc3f0 Exception <a 'java/lang/NoSuchMethodError'{0x000000070fb67a10}: 'void java.lang.invoke.DelegatingMethodHandle$Holder.reinvoke_L(java.lang.Object, java.lang.Object, float)'> (0x000000070fb67a10) 
thrown [s\src\hotspot\share\interpreter\linkResolver.cpp, line 773]
Event: 6.115 Thread 0x0000021e1c180fc0 Exception <a 'java/lang/NoSuchMethodError'{0x000000070f66b1c0}: 'java.lang.Object java.lang.invoke.DirectMethodHandle$Holder.newInvokeSpecial(java.lang.Object, java.lang.Object, long)'> (0x000000070f66b1c0) 
thrown [s\src\hotspot\share\interpreter\linkResolver.cpp, line 773]
Event: 6.220 Thread 0x0000021dbe4cc3f0 Exception <a 'java/lang/NoSuchMethodError'{0x000000070eb032e0}: 'java.lang.Object java.lang.invoke.DirectMethodHandle$Holder.newInvokeSpecial(java.lang.Object, java.lang.Object, int, java.lang.Object, java.lang.Object)'> (0x000000070eb032e0) 
thrown [s\src\hotspot\share\interpreter\linkResolver.cpp, line 773]
Event: 6.662 Thread 0x0000021e1a3eee50 Exception <a 'java/lang/NoSuchMethodError'{0x0000000718fb9668}: 'java.lang.Object java.lang.invoke.DirectMethodHandle$Holder.invokeInterface(java.lang.Object, java.lang.Object, java.lang.Object, java.lang.Object, java.lang.Object, java.lang.Object, java.lang.Object)'> (0x0000000718fb9668) 
thrown [s\src\hotspot\share\interpreter\linkResolver.cpp, line 773]
Event: 9.472 Thread 0x0000021e1c185160 Exception <a 'java/lang/NoSuchMethodError'{0x000000070fb757e0}: 'java.lang.Object java.lang.invoke.DirectMethodHandle$Holder.newInvokeSpecial(java.lang.Object, int, java.lang.Object, java.lang.Object)'> (0x000000070fb757e0) 
thrown [s\src\hotspot\share\interpreter\linkResolver.cpp, line 773]
Event: 9.481 Thread 0x0000021e1c185160 Exception <a 'java/lang/IncompatibleClassChangeError'{0x000000070f84bee8}: Found class java.lang.Object, but interface was expected> (0x000000070f84bee8) 
thrown [s\src\hotspot\share\interpreter\linkResolver.cpp, line 840]
Event: 9.597 Thread 0x0000021e1c185160 Exception <a 'java/lang/NoSuchMethodError'{0x000000070ed997a0}: 'void java.lang.invoke.DirectMethodHandle$Holder.invokeSpecialIFC(java.lang.Object, java.lang.Object, int, java.lang.Object, java.lang.Object, java.lang.Object, java.lang.Object)'> (0x000000070ed997a0) 
thrown [s\src\hotspot\share\interpreter\linkResolver.cpp, line 773]

ZGC Phase Switch (0 events):
No events

VM Operations (20 events):
Event: 206.905 Executing VM operation: Cleanup
Event: 206.905 Executing VM operation: Cleanup done
Event: 209.906 Executing VM operation: Cleanup
Event: 209.906 Executing VM operation: Cleanup done
Event: 211.906 Executing VM operation: Cleanup
Event: 211.906 Executing VM operation: Cleanup done
Event: 216.923 Executing VM operation: Cleanup
Event: 216.923 Executing VM operation: Cleanup done
Event: 223.999 Executing VM operation: G1CollectForAllocation (G1 Evacuation Pause)
Event: 224.003 Executing VM operation: G1CollectForAllocation (G1 Evacuation Pause) done
Event: 229.789 Executing VM operation: ChangeSingleStep
Event: 229.789 Executing VM operation: ChangeSingleStep done
Event: 229.789 Executing VM operation: ChangeSingleStep
Event: 229.789 Executing VM operation: ChangeSingleStep done
Event: 229.803 Executing VM operation: RedefineClasses
Event: 229.828 Executing VM operation: RedefineClasses done
Event: 229.846 Executing VM operation: ChangeBreakpoints
Event: 229.849 Executing VM operation: ChangeBreakpoints done
Event: 229.854 Executing VM operation: ChangeSingleStep
Event: 229.854 Executing VM operation: ChangeSingleStep done

Memory protections (0 events):
No events

Nmethod flushes (20 events):
Event: 6.074 Thread 0x0000021dd3c43240 flushing  nmethod 0x0000021dc894b210
Event: 6.074 Thread 0x0000021dd3c43240 flushing  nmethod 0x0000021dc894c010
Event: 6.074 Thread 0x0000021dd3c43240 flushing  nmethod 0x0000021dc894c310
Event: 6.074 Thread 0x0000021dd3c43240 flushing  nmethod 0x0000021dc894c810
Event: 6.074 Thread 0x0000021dd3c43240 flushing  nmethod 0x0000021dc894cb90
Event: 6.074 Thread 0x0000021dd3c43240 flushing  nmethod 0x0000021dc894db90
Event: 6.074 Thread 0x0000021dd3c43240 flushing  nmethod 0x0000021dc894e290
Event: 6.074 Thread 0x0000021dd3c43240 flushing  nmethod 0x0000021dc894e590
Event: 6.074 Thread 0x0000021dd3c43240 flushing  nmethod 0x0000021dc894e890
Event: 6.074 Thread 0x0000021dd3c43240 flushing  nmethod 0x0000021dc8977a10
Event: 6.074 Thread 0x0000021dd3c43240 flushing  nmethod 0x0000021dc8977d10
Event: 6.074 Thread 0x0000021dd3c43240 flushing  nmethod 0x0000021dc8978810
Event: 6.074 Thread 0x0000021dd3c43240 flushing  nmethod 0x0000021dc897b010
Event: 6.074 Thread 0x0000021dd3c43240 flushing  nmethod 0x0000021dc89cdc10
Event: 6.074 Thread 0x0000021dd3c43240 flushing  nmethod 0x0000021dc89ce090
Event: 6.074 Thread 0x0000021dd3c43240 flushing  nmethod 0x0000021dc89cfa90
Event: 6.074 Thread 0x0000021dd3c43240 flushing  nmethod 0x0000021dc89cfe10
Event: 6.074 Thread 0x0000021dd3c43240 flushing  nmethod 0x0000021dc8d8bf90
Event: 6.074 Thread 0x0000021dd3c43240 flushing  nmethod 0x0000021dc8e93f90
Event: 6.074 Thread 0x0000021dd3c43240 flushing  nmethod 0x0000021dc8e94310

Events (20 events):
Event: 6.666 Thread 0x0000021e1d52e5b0 Thread added: 0x0000021e1d52be50
Event: 7.701 Thread 0x0000021e1d52c4e0 Thread exited: 0x0000021e1d52c4e0
Event: 7.701 Thread 0x0000021e1d52be50 Thread exited: 0x0000021e1d52be50
Event: 8.151 Thread 0x0000021e1a941970 Thread exited: 0x0000021e1a941970
Event: 8.237 Thread 0x0000021e1a8c5dc0 Thread exited: 0x0000021e1a8c5dc0
Event: 8.695 Thread 0x0000021e1abb0520 Thread exited: 0x0000021e1abb0520
Event: 9.179 Thread 0x0000021e1c181ce0 Thread exited: 0x0000021e1c181ce0
Event: 9.380 Thread 0x0000021e19a99d20 Thread exited: 0x0000021e19a99d20
Event: 15.941 Thread 0x0000021e190f6f50 Thread exited: 0x0000021e190f6f50
Event: 15.941 Thread 0x0000021e1908ba20 Thread exited: 0x0000021e1908ba20
Event: 26.551 Thread 0x0000021dd3c7c850 Thread added: 0x0000021e1908b9f0
Event: 30.393 Thread 0x0000021e1908b9f0 Thread exited: 0x0000021e1908b9f0
Event: 64.135 Thread 0x0000021e1b1f3660 Thread exited: 0x0000021e1b1f3660
Event: 91.012 Thread 0x0000021e1a3c9010 Thread exited: 0x0000021e1a3c9010
Event: 91.012 Thread 0x0000021e1d52a410 Thread exited: 0x0000021e1d52a410
Event: 91.012 Thread 0x0000021e1d529d80 Thread exited: 0x0000021e1d529d80
Event: 91.012 Thread 0x0000021e1d52aaa0 Thread exited: 0x0000021e1d52aaa0
Event: 91.020 Thread 0x0000021e1d528340 Thread exited: 0x0000021e1d528340
Event: 91.020 Thread 0x0000021e1d52ec40 Thread exited: 0x0000021e1d52ec40
Event: 91.020 Thread 0x0000021e1d52e5b0 Thread exited: 0x0000021e1d52e5b0


Dynamic libraries:
0x00007ff659d40000 - 0x00007ff659d4e000 	C:\Program Files\Amazon Corretto\jdk21.0.9_10\bin\javaw.exe
0x00007ffd4c4a0000 - 0x00007ffd4c707000 	C:\Windows\SYSTEM32\ntdll.dll
0x00007ffd4b9e0000 - 0x00007ffd4baa9000 	C:\Windows\System32\KERNEL32.DLL
0x00007ffd48ef0000 - 0x00007ffd492e1000 	C:\Windows\System32\KERNELBASE.dll
0x00007ffd49450000 - 0x00007ffd4959b000 	C:\Windows\System32\ucrtbase.dll
0x00007ffd32a60000 - 0x00007ffd32a78000 	C:\Program Files\Amazon Corretto\jdk21.0.9_10\bin\jli.dll
0x00007ffd32a80000 - 0x00007ffd32a9e000 	C:\Program Files\Amazon Corretto\jdk21.0.9_10\bin\VCRUNTIME140.dll
0x00007ffd4a780000 - 0x00007ffd4a945000 	C:\Windows\System32\USER32.dll
0x00007ffd492f0000 - 0x00007ffd49317000 	C:\Windows\System32\win32u.dll
0x00007ffd4c430000 - 0x00007ffd4c45b000 	C:\Windows\System32\GDI32.dll
0x00007ffd35250000 - 0x00007ffd354e3000 	C:\Windows\WinSxS\amd64_microsoft.windows.common-controls_6595b64144ccf1df_6.0.26100.8037_none_3e092faae333b53b\COMCTL32.dll
0x00007ffd49320000 - 0x00007ffd4944b000 	C:\Windows\System32\gdi32full.dll
0x00007ffd4a5d0000 - 0x00007ffd4a679000 	C:\Windows\System32\msvcrt.dll
0x00007ffd4a0e0000 - 0x00007ffd4a183000 	C:\Windows\System32\msvcp_win.dll
0x00007ffd4b9a0000 - 0x00007ffd4b9d1000 	C:\Windows\System32\IMM32.DLL
0x00007ffd2d820000 - 0x00007ffd2d82c000 	C:\Program Files\Amazon Corretto\jdk21.0.9_10\bin\vcruntime140_1.dll
0x00007ffcf6950000 - 0x00007ffcf69d9000 	C:\Program Files\Amazon Corretto\jdk21.0.9_10\bin\msvcp140.dll
0x00007ffce4260000 - 0x00007ffce5007000 	C:\Program Files\Amazon Corretto\jdk21.0.9_10\bin\server\jvm.dll
0x00007ffd4bfb0000 - 0x00007ffd4c06b000 	C:\Windows\System32\ADVAPI32.dll
0x00007ffd4b7f0000 - 0x00007ffd4b897000 	C:\Windows\System32\sechost.dll
0x00007ffd4c290000 - 0x00007ffd4c3a8000 	C:\Windows\System32\RPCRT4.dll
0x00007ffd4c210000 - 0x00007ffd4c284000 	C:\Windows\System32\WS2_32.dll
0x00007ffd48be0000 - 0x00007ffd48c3e000 	C:\Windows\SYSTEM32\POWRPROF.dll
0x00007ffd3ed60000 - 0x00007ffd3ed95000 	C:\Windows\SYSTEM32\WINMM.dll
0x00007ffd41880000 - 0x00007ffd4188b000 	C:\Windows\SYSTEM32\VERSION.dll
0x00007ffd48bc0000 - 0x00007ffd48bd4000 	C:\Windows\SYSTEM32\UMPDC.dll
0x00007ffd47b10000 - 0x00007ffd47b2b000 	C:\Windows\SYSTEM32\kernel.appcore.dll
0x00007ffd2d810000 - 0x00007ffd2d81a000 	C:\Program Files\Amazon Corretto\jdk21.0.9_10\bin\jimage.dll
0x00007ffd3dbe0000 - 0x00007ffd3de22000 	C:\Windows\SYSTEM32\DBGHELP.DLL
0x00007ffd4bab0000 - 0x00007ffd4be32000 	C:\Windows\System32\combase.dll
0x00007ffd4bed0000 - 0x00007ffd4bfa7000 	C:\Windows\System32\OLEAUT32.dll
0x00007ffd30080000 - 0x00007ffd300bb000 	C:\Windows\SYSTEM32\dbgcore.DLL
0x00007ffd4a190000 - 0x00007ffd4a235000 	C:\Windows\System32\bcryptPrimitives.dll
0x00007ffd324e0000 - 0x00007ffd3251c000 	C:\Program Files\Amazon Corretto\jdk21.0.9_10\bin\jdwp.dll
0x00007ffd33520000 - 0x00007ffd33530000 	C:\Program Files\Amazon Corretto\jdk21.0.9_10\bin\instrument.dll
0x00007ffd10810000 - 0x00007ffd10831000 	C:\Program Files\Amazon Corretto\jdk21.0.9_10\bin\java.dll
0x00007ffd4ab70000 - 0x00007ffd4b2cf000 	C:\Windows\System32\SHELL32.dll
0x00007ffd48d80000 - 0x00007ffd48eea000 	C:\Windows\System32\wintypes.dll
0x00007ffd49660000 - 0x00007ffd49ec4000 	C:\Windows\System32\windows.storage.dll
0x00007ffd4a680000 - 0x00007ffd4a777000 	C:\Windows\System32\SHCORE.dll
0x00007ffd4a420000 - 0x00007ffd4a487000 	C:\Windows\System32\shlwapi.dll
0x00007ffd48ca0000 - 0x00007ffd48cc9000 	C:\Windows\SYSTEM32\profapi.dll
0x00007ffd324d0000 - 0x00007ffd324dc000 	C:\Program Files\Amazon Corretto\jdk21.0.9_10\bin\dt_socket.dll
0x00007ffd475b0000 - 0x00007ffd475e3000 	C:\Windows\SYSTEM32\IPHLPAPI.DLL
0x00007ffd48080000 - 0x00007ffd480eb000 	C:\Windows\system32\mswsock.dll
0x00007ffd475f0000 - 0x00007ffd4771a000 	C:\Windows\SYSTEM32\DNSAPI.dll
0x00007ffd4a530000 - 0x00007ffd4a53a000 	C:\Windows\System32\NSI.dll
0x00007ffd41490000 - 0x00007ffd4149b000 	C:\Windows\System32\rasadhlp.dll
0x00007ffd43160000 - 0x00007ffd431e6000 	C:\Windows\System32\fwpuclnt.dll
0x00007ffd03770000 - 0x00007ffd03788000 	C:\Program Files\Amazon Corretto\jdk21.0.9_10\bin\zip.dll
0x00007ffd0f920000 - 0x00007ffd0f931000 	C:\Program Files\Amazon Corretto\jdk21.0.9_10\bin\net.dll
0x00007ffd414a0000 - 0x00007ffd415c7000 	C:\Windows\SYSTEM32\WINHTTP.dll
0x00007ffd0d520000 - 0x00007ffd0d536000 	C:\Program Files\Amazon Corretto\jdk21.0.9_10\bin\nio.dll
0x00007ffd2d800000 - 0x00007ffd2d80a000 	C:\Program Files\Amazon Corretto\jdk21.0.9_10\bin\management.dll
0x00007ffd28d90000 - 0x00007ffd28d9c000 	C:\Program Files\Amazon Corretto\jdk21.0.9_10\bin\management_ext.dll
0x00007ffd4c410000 - 0x00007ffd4c418000 	C:\Windows\System32\PSAPI.DLL
0x00007ffd2c530000 - 0x00007ffd2c548000 	C:\Windows\system32\napinsp.dll
0x00007ffd2c510000 - 0x00007ffd2c522000 	C:\Windows\System32\winrnr.dll
0x00007ffd2c4e0000 - 0x00007ffd2c502000 	C:\Windows\system32\nlansp_c.dll
0x00007ffd40a10000 - 0x00007ffd40a26000 	C:\Windows\system32\wshbth.dll
0x00007ffd48370000 - 0x00007ffd4838b000 	C:\Windows\SYSTEM32\CRYPTSP.dll
0x00007ffd47a70000 - 0x00007ffd47aa9000 	C:\Windows\system32\rsaenh.dll
0x00007ffd48130000 - 0x00007ffd48162000 	C:\Windows\SYSTEM32\USERENV.dll
0x00007ffd48c70000 - 0x00007ffd48c9a000 	C:\Windows\SYSTEM32\bcrypt.dll
0x00007ffd48360000 - 0x00007ffd4836c000 	C:\Windows\SYSTEM32\CRYPTBASE.dll
0x00007ffd27c10000 - 0x00007ffd27c19000 	C:\Program Files\Amazon Corretto\jdk21.0.9_10\bin\extnet.dll
0x00007ffd324c0000 - 0x00007ffd324d0000 	C:\Program Files\Amazon Corretto\jdk21.0.9_10\bin\verify.dll
0x00007ffd27840000 - 0x00007ffd2784e000 	C:\Program Files\Amazon Corretto\jdk21.0.9_10\bin\sunmscapi.dll
0x00007ffd49ed0000 - 0x00007ffd4a047000 	C:\Windows\System32\CRYPT32.dll
0x00007ffd48580000 - 0x00007ffd485b0000 	C:\Windows\SYSTEM32\ncrypt.dll
0x00007ffd48530000 - 0x00007ffd4856f000 	C:\Windows\SYSTEM32\NTASN1.dll
0x00007ffd33f60000 - 0x00007ffd33f68000 	C:\Windows\system32\wshunix.dll

JVMTI agents:
jdwp path:C:\Program Files\Amazon Corretto\jdk21.0.9_10\bin\jdwp.dll, loaded, initialized, options:transport=dt_socket,suspend=y,address=localhost:61664
C:\eclipse\configuration\org.eclipse.osgi\1082\0\.cp\lib\javaagent-shaded.jar path:C:\Program Files\Amazon Corretto\jdk21.0.9_10\bin\instrument.dll, loaded, initialized, instrumentlib options:none

dbghelp: loaded successfully - version: 4.0.5 - missing functions: none
symbol engine: initialized successfully - sym options: 0x614 - pdb path: .;C:\Program Files\Amazon Corretto\jdk21.0.9_10\bin;C:\Windows\SYSTEM32;C:\Windows\WinSxS\amd64_microsoft.windows.common-controls_6595b64144ccf1df_6.0.26100.8037_none_3e092faae333b53b;C:\Program Files\Amazon Corretto\jdk21.0.9_10\bin\server

VM Arguments:
jvm_args: -XX:+ShowCodeDetailsInExceptionMessages -agentlib:jdwp=transport=dt_socket,suspend=y,address=localhost:61664 -Dcom.sun.management.jmxremote -Dcom.sun.management.jmxremote.port=61663 -Dcom.sun.management.jmxremote.authenticate=false -Dcom.sun.management.jmxremote.ssl=false -Djava.rmi.server.hostname=localhost -Dspring.jmx.enabled=true -Dmanagement.endpoints.jmx.exposure.include=* -Dspring.application.admin.enabled=true -Dspring.profiles.active=local -Dspring.output.ansi.enabled=always -XX:TieredStopAtLevel=1 -Dspring.boot.project.name=experian-orquestador -javaagent:C:\eclipse\configuration\org.eclipse.osgi\1082\0\.cp\lib\javaagent-shaded.jar -Dfile.encoding=UTF-8 -Dstdout.encoding=UTF-8 -Dstderr.encoding=UTF-8 
java_command: bs.experian.orquestador.ExperianOrquestadorApplication
java_class_path (initial): C:\Users\rzara\eclipse-workspace\experian-orquestador\target\classes;C:\Users\rzara\.m2\repository\org\springframework\boot\spring-boot-starter-data-jpa\3.5.11\spring-boot-starter-data-jpa-3.5.11.jar;C:\Users\rzara\.m2\repository\org\springframework\boot\spring-boot-starter-jdbc\3.5.11\spring-boot-starter-jdbc-3.5.11.jar;C:\Users\rzara\.m2\repository\com\zaxxer\HikariCP\6.3.3\HikariCP-6.3.3.jar;C:\Users\rzara\.m2\repository\org\springframework\spring-jdbc\6.2.16\spring-jdbc-6.2.16.jar;C:\Users\rzara\.m2\repository\org\hibernate\orm\hibernate-core\6.6.42.Final\hibernate-core-6.6.42.Final.jar;C:\Users\rzara\.m2\repository\jakarta\persistence\jakarta.persistence-api\3.1.0\jakarta.persistence-api-3.1.0.jar;C:\Users\rzara\.m2\repository\jakarta\transaction\jakarta.transaction-api\2.0.1\jakarta.transaction-api-2.0.1.jar;C:\Users\rzara\.m2\repository\org\jboss\logging\jboss-logging\3.6.2.Final\jboss-logging-3.6.2.Final.jar;C:\Users\rzara\.m2\repository\org\hibernate\common\hibernate-commons-annotations\7.0.3.Final\hibernate-commons-annotations-7.0.3.Final.jar;C:\Users\rzara\.m2\repository\io\smallrye\jandex\3.2.0\jandex-3.2.0.jar;C:\Users\rzara\.m2\repository\com\fasterxml\classmate\1.7.3\classmate-1.7.3.jar;C:\Users\rzara\.m2\repository\net\bytebuddy\byte-buddy\1.17.8\byte-buddy-1.17.8.jar;C:\Users\rzara\.m2\repository\org\glassfish\jaxb\jaxb-runtime\4.0.6\jaxb-runtime-4.0.6.jar;C:\Users\rzara\.m2\repository\org\glassfish\jaxb\jaxb-core\4.0.6\jaxb-core-4.0.6.jar;C:\Users\rzara\.m2\repository\org\eclipse\angus\angus-activation\2.0.3\angus-activation-2.0.3.jar;C:\Users\rzara\.m2\repository\org\glassfish\jaxb\txw2\4.0.6\txw2-4.0.6.jar;C:\Users\rzara\.m2\repository\com\sun\istack\istack-commons-runtime\4.1.2\istack-commons-runtime-4.1.2.jar;C:\Users\rzara\.m2\repository\jakarta\inject\jakarta.inject-api\2.0.1\jakarta.inject-api-2.0.1.jar;C:\Users\rzara\.m2\repository\org\antlr\antlr4-runtime\4.13.0\antlr4-runtime-4.13.0.jar;C:\Users\rzara\.m2\repository\org\springframework\data\spring-data-jpa\3.5.9\spring-data-jpa-3.5.9.jar;C:\Users\rzara\.m2\repository\org\springframework\data\spring-data-commons\3.5.9\spring-data-commons-3.5.9.jar;C:\Users\rzara\.m2\repository\org\springframework\spring-orm\6.2.16\spring-orm-6.2.16.jar;C:\Users\rzara\.m2\repository\org\springframework\spring-aop\6.2.16\spring-aop-6.2.16.jar;C:\Users\rzara\.m2\repository\org\springframework\spring-beans\6.2.16\spring-beans-6.2.16.jar;C:\Users\rzara\.m2\repository\org\slf4j\slf4j-api\2.0.17\slf4j-api-2.0.17.jar;C:\Users\rzara\.m2\repository\org\springframework\spring-aspects\6.2.16\spring-aspects-6.2.16.jar;C:\Users\rzara\.m2\repository\org\aspectj\aspectjweaver\1.9.25.1\aspectjweaver-1.9.25.1.jar;C:\Users\rzara\.m2\repository\org\springframework\boot\spring-boot-starter-web\3.5.11\spring-boot-starter-web-3.5.11.jar;C:\Users\rzara\.m2\repository\org\springframework\boot\spring-boot-starter-json\3.5.11\spring-boot-starter-json-3.5.11.jar;C:\Users\rzara\.m2\repository\com\fasterxml\jackson\core\jackson-databind\2.19.4\jackson-databind-2.19.4.jar;C:\Users\rzara\.m2\repository\com\fasterxml\jackson\core\jackson-annotations\2.19.4\jackson-annotations-2.19.4.jar;C:\Users\rzara\.m2\repository\com\fasterxml\jackson\core\jackson-core\2.19.4\jackson-core-2.19.4.jar;C:\Users\rzara\.m2\repository\com\fasterxml\jackson\datatype\jackson-datatype-jdk8\2.19.4\jackson-datatype-jdk8-2.19.4.jar;C:\Users\rzara\.m2\repository\com\fasterxml\jackson\datatype\jackson-datatype-jsr310\2.19.4\jackson-datatype-jsr310-2.19.4.jar;C:\Users\rzara\.m2\repository\com\fasterxml\jackson\module\jackson-module-parameter-names\2.19.4\jackson-module-parameter-names-2.19.4.jar;C:\Users\rzara\.m2\repository\org\springframework\boot\spring-boot-starter-tomcat\3.5.11\spring-boot-starter-tomcat-3.5.11.jar;C:\Users\rzara\.m2\repository\org\apache\tomcat\embed\tomcat-embed-core\10.1.52\tomcat-embed-core-10.1.52.jar;C:\Users\rzara\.m2\repository\org\apache\tomcat\embed\tomcat-embed-websocket\10.1.52\tomcat-embed-websocket-10.1.52.jar;C:\Users\rzara\.m2\repository\org\springframework\spring-web\6.2.16\spring-web-6.2.16.jar;C:\Users\rzara\.m2\repository\org\springframework\spring-webmvc\6.2.16\spring-webmvc-6.2.16.jar;C:\Users\rzara\.m2\repository\org\springframework\spring-expression\6.2.16\spring-expression-6.2.16.jar;C:\Users\rzara\.m2\repository\org\springframework\boot\spring-boot-starter-webflux\3.5.11\spring-boot-starter-webflux-3.5.11.jar;C:\Users\rzara\.m2\repository\org\springframework\boot\spring-boot-starter-reactor-netty\3.5.11\spring-boot-starter-reactor-netty-3.5.11.jar;C:\Users\rzara\.m2\repository\io\projectreactor\netty\reactor-netty-http\1.2.15\reactor-netty-http-1.2.15.jar;C:\Users\rzara\.m2\repository\io\netty\netty-codec-http\4.1.131.Final\netty-codec-http-4.1.131.Final.jar;C:\Users\rzara\.m2\repository\io\netty\netty-codec-http2\4.1.131.Final\netty-codec-http2-4.1.131.Final.jar;C:\Users\rzara\.m2\repository\io\netty\netty-resolver-dns\4.1.131.Final\netty-resolver-dns-4.1.131.Final.jar;C:\Users\rzara\.m2\repository\io\netty\netty-codec-dns\4.1.131.Final\netty-codec-dns-4.1.131.Final.jar;C:\Users\rzara\.m2\repository\io\netty\netty-resolver-dns-native-macos\4.1.131.Final\netty-resolver-dns-native-macos-4.1.131.Final-osx-x86_64.jar;C:\Users\rzara\.m2\repository\io\netty\netty-resolver-dns-classes-macos\4.1.131.Final\netty-resolver-dns-classes-macos-4.1.131.Final.jar;C:\Users\rzara\.m2\repository\io\netty\netty-transport-native-epoll\4.1.131.Final\netty-transport-native-epoll-4.1.131.Final-linux-x86_64.jar;C:\Users\rzara\.m2\repository\io\projectreactor\netty\reactor-netty-core\1.2.15\reactor-netty-core-1.2.15.jar;C:\Users\rzara\.m2\repository\io\netty\netty-handler-proxy\4.1.131.Final\netty-handler-proxy-4.1.131.Final.jar;C:\Users\rzara\.m2\repository\io\netty\netty-codec-socks\4.1.131.Final\netty-codec-socks-4.1.131.Final.jar;C:\Users\rzara\.m2\repository\org\springframework\spring-webflux\6.2.16\spring-webflux-6.2.16.jar;C:\Users\rzara\.m2\repository\com\oracle\database\jdbc\ojdbc11\23.7.0.25.01\ojdbc11-23.7.0.25.01.jar;C:\Users\rzara\.m2\repository\org\projectlombok\lombok\1.18.42\lombok-1.18.42.jar;C:\Users\rzara\.m2\repository\jakarta\xml\bind\jakarta.xml.bind-api\4.0.4\jakarta.xml.bind-api-4.0.4.jar;C:\Users\rzara\.m2\repository\jakarta\activation\jakarta.activation-api\2.1.4\jakarta.activation-api-2.1.4.jar;C:\Users\rzara\.m2\repository\org\springframework\spring-core\6.2.16\spring-core-6.2.16.jar;C:\Users\rzara\.m2\repository\org\springframework\spring-jcl\6.2.16\spring-jcl-6.2.16.jar;C:\Users\rzara\.m2\repository\io\projectreactor\reactor-core\3.7.16\reactor-core-3.7.16.jar;C:\Users\rzara\.m2\repository\org\reactivestreams\reactive-streams\1.0.4\reactive-streams-1.0.4.jar;C:\Users\rzara\.m2\repository\org\springframework\boot\spring-boot-configuration-processor\3.5.11\spring-boot-configuration-processor-3.5.11.jar;C:\Users\rzara\.m2\repository\org\mapstruct\mapstruct\1.6.3\mapstruct-1.6.3.jar;C:\Users\rzara\.m2\repository\org\projectlombok\lombok-mapstruct-binding\0.2.0\lombok-mapstruct-binding-0.2.0.jar;C:\Users\rzara\.m2\repository\org\springframework\boot\spring-boot-starter-validation\3.5.11\spring-boot-starter-validation-3.5.11.jar;C:\Users\rzara\.m2\repository\org\apache\tomcat\embed\tomcat-embed-el\10.1.52\tomcat-embed-el-10.1.52.jar;C:\Users\rzara\.m2\repository\org\hibernate\validator\hibernate-validator\8.0.3.Final\hibernate-validator-8.0.3.Final.jar;C:\Users\rzara\.m2\repository\jakarta\validation\jakarta.validation-api\3.0.2\jakarta.validation-api-3.0.2.jar;C:\Users\rzara\.m2\repository\org\springframework\boot\spring-boot-starter\3.5.11\spring-boot-starter-3.5.11.jar;C:\Users\rzara\.m2\repository\org\springframework\boot\spring-boot\3.5.11\spring-boot-3.5.11.jar;C:\Users\rzara\.m2\repository\org\springframework\boot\spring-boot-autoconfigure\3.5.11\spring-boot-autoconfigure-3.5.11.jar;C:\Users\rzara\.m2\repository\org\springframework\boot\spring-boot-starter-logging\3.5.11\spring-boot-starter-logging-3.5.11.jar;C:\Users\rzara\.m2\repository\ch\qos\logback\logback-classic\1.5.32\logback-classic-1.5.32.jar;C:\Users\rzara\.m2\repository\org\apache\logging\log4j\log4j-to-slf4j\2.24.3\log4j-to-slf4j-2.24.3.jar;C:\Users\rzara\.m2\repository\org\apache\logging\log4j\log4j-api\2.24.3\log4j-api-2.24.3.jar;C:\Users\rzara\.m2\repository\org\slf4j\jul-to-slf4j\2.0.17\jul-to-slf4j-2.0.17.jar;C:\Users\rzara\.m2\repository\jakarta\annotation\jakarta.annotation-api\2.1.1\jakarta.annotation-api-2.1.1.jar;C:\Users\rzara\.m2\repository\org\yaml\snakeyaml\2.4\snakeyaml-2.4.jar;C:\Users\rzara\.m2\repository\org\springframework\kafka\spring-kafka\3.3.13\spring-kafka-3.3.13.jar;C:\Users\rzara\.m2\repository\org\springframework\spring-context\6.2.16\spring-context-6.2.16.jar;C:\Users\rzara\.m2\repository\org\springframework\spring-messaging\6.2.16\spring-messaging-6.2.16.jar;C:\Users\rzara\.m2\repository\org\springframework\spring-tx\6.2.16\spring-tx-6.2.16.jar;C:\Users\rzara\.m2\repository\org\springframework\retry\spring-retry\2.0.12\spring-retry-2.0.12.jar;C:\Users\rzara\.m2\repository\org\apache\kafka\kafka-clients\3.9.1\kafka-clients-3.9.1.jar;C:\Users\rzara\.m2\repository\com\github\luben\zstd-jni\1.5.6-4\zstd-jni-1.5.6-4.jar;C:\Users\rzara\.m2\repository\org\lz4\lz4-java\1.8.0\lz4-java-1.8.0.jar;C:\Users\rzara\.m2\repository\org\xerial\snappy\snappy-java\1.1.10.5\snappy-java-1.1.10.5.jar;C:\Users\rzara\.m2\repository\io\micrometer\micrometer-observation\1.15.9\micrometer-observation-1.15.9.jar;C:\Users\rzara\.m2\repository\io\micrometer\micrometer-commons\1.15.9\micrometer-commons-1.15.9.jar;C:\Users\rzara\.m2\repository\io\netty\netty-handler\4.1.131.Final\netty-handler-4.1.131.Final.jar;C:\Users\rzara\.m2\repository\io\netty\netty-common\4.1.131.Final\netty-common-4.1.131.Final.jar;C:\Users\rzara\.m2\repository\io\netty\netty-resolver\4.1.131.Final\netty-resolver-4.1.131.Final.jar;C:\Users\rzara\.m2\repository\io\netty\netty-buffer\4.1.131.Final\netty-buffer-4.1.131.Final.jar;C:\Users\rzara\.m2\repository\io\netty\netty-transport\4.1.131.Final\netty-transport-4.1.131.Final.jar;C:\Users\rzara\.m2\repository\io\netty\netty-transport-native-unix-common\4.1.131.Final\netty-transport-native-unix-common-4.1.131.Final.jar;C:\Users\rzara\.m2\repository\io\netty\netty-codec\4.1.131.Final\netty-codec-4.1.131.Final.jar;C:\Users\rzara\.m2\repository\io\netty\netty-transport-classes-epoll\4.1.131.Final\netty-transport-classes-epoll-4.1.131.Final.jar;C:\Users\rzara\.m2\repository\ch\qos\logback\logback-core\1.5.32\logback-core-1.5.32.jar
Launcher Type: SUN_STANDARD

[Global flags]
     intx CICompilerCount                          = 12                                        {product} {ergonomic}
     uint ConcGCThreads                            = 3                                         {product} {ergonomic}
     uint G1ConcRefinementThreads                  = 13                                        {product} {ergonomic}
   size_t G1HeapRegionSize                         = 2097152                                   {product} {ergonomic}
    uintx GCDrainStackTargetSize                   = 64                                        {product} {ergonomic}
   size_t InitialHeapSize                          = 260046848                                 {product} {ergonomic}
     bool ManagementServer                         = true                                      {product} {command line}
   size_t MarkStackSize                            = 4194304                                   {product} {ergonomic}
   size_t MaxHeapSize                              = 4135583744                                {product} {ergonomic}
   size_t MaxNewSize                               = 2480930816                                {product} {ergonomic}
   size_t MinHeapDeltaBytes                        = 2097152                                   {product} {ergonomic}
   size_t MinHeapSize                              = 8388608                                   {product} {ergonomic}
    uintx NonNMethodCodeHeapSize                   = 4096                                   {pd product} {ergonomic}
    uintx NonProfiledCodeHeapSize                  = 0                                      {pd product} {ergonomic}
     bool ProfileInterpreter                       = false                                  {pd product} {command line}
    uintx ProfiledCodeHeapSize                     = 0                                      {pd product} {ergonomic}
     bool ShowCodeDetailsInExceptionMessages       = true                                   {manageable} {command line}
   size_t SoftMaxHeapSize                          = 4135583744                             {manageable} {ergonomic}
     intx TieredStopAtLevel                        = 1                                         {product} {command line}
     bool UseCompressedOops                        = true                           {product lp64_product} {ergonomic}
     bool UseG1GC                                  = true                                      {product} {ergonomic}
     bool UseLargePagesIndividualAllocation        = false                                  {pd product} {ergonomic}

Logging:
Log output configuration:
 #0: stdout all=warning uptime,level,tags foldmultilines=false
 #1: stderr all=off uptime,level,tags foldmultilines=false

Release file:
IMPLEMENTOR="Amazon.com Inc." 
IMPLEMENTOR_VERSION="Corretto-21.0.9.10.1" 
JAVA_RUNTIME_VERSION="21.0.9+10-LTS" 
JAVA_VERSION="21.0.9" 
JAVA_VERSION_DATE="2025-10-21" 
LIBC="default" 
MODULES="java.base java.compiler java.datatransfer java.xml java.prefs java.desktop java.instrument java.logging java.management java.security.sasl java.naming java.rmi java.management.rmi java.net.http java.scripting java.security.jgss java.transaction.xa java.sql java.sql.rowset java.xml.crypto java.se java.smartcardio jdk.accessibility jdk.internal.jvmstat jdk.attach jdk.charsets jdk.internal.opt jdk.zipfs jdk.compiler jdk.crypto.ec jdk.crypto.cryptoki jdk.crypto.mscapi jdk.dynalink jdk.internal.ed jdk.editpad jdk.hotspot.agent jdk.httpserver jdk.incubator.vector jdk.internal.le jdk.internal.vm.ci jdk.internal.vm.compiler jdk.internal.vm.compiler.management jdk.jartool jdk.javadoc jdk.jcmd jdk.management jdk.management.agent jdk.jconsole jdk.jdeps jdk.jdwp.agent jdk.jdi jdk.jfr jdk.jlink jdk.jpackage jdk.jshell jdk.jsobject jdk.jstatd jdk.localedata jdk.management.jfr jdk.naming.dns jdk.naming.rmi jdk.net jdk.nio.mapmode jdk.random jdk.sctp jdk.security.auth jdk.security.jgss jdk.unsupported jdk.unsupported.desktop jdk.xml.dom" 
OS_ARCH="x86_64" 
OS_NAME="Windows" 
SOURCE="" 

Environment Variables:
JAVA_HOME=C:\Program Files\Amazon Corretto\jdk21.0.9_10
PATH=C:/eclipse//plugins/org.eclipse.justj.openjdk.hotspot.jre.full.win32.x86_64_21.0.10.v20260205-0638/jre/bin/server;C:/eclipse//plugins/org.eclipse.justj.openjdk.hotspot.jre.full.win32.x86_64_21.0.10.v20260205-0638/jre/bin;C:\Program Files\Amazon Corretto\jdk21.0.9_10\bin;C:\Windows\system32;C:\Windows;C:\Windows\System32\Wbem;C:\Windows\System32\WindowsPowerShell\v1.0\;C:\Windows\System32\OpenSSH\;C:\Program Files\Amazon Corretto\jdk21.0.9_10\bin;%MAVEN_HOME%\bin;C:\Program Files\Git\cmd;C:\consul;;C:\Program Files\Docker\Docker\resources\bin;C:\Users\rzara\AppData\Local\Microsoft\WindowsApps;C:\Program Files\JetBrains\IntelliJ IDEA 2025.3.1.1\bin;C:\eclipse;
USERNAME=rzara
OS=Windows_NT
PROCESSOR_IDENTIFIER=AMD64 Family 25 Model 80 Stepping 0, AuthenticAMD
TMP=C:\Users\rzara\AppData\Local\Temp
TEMP=C:\Users\rzara\AppData\Local\Temp




Periodic native trim disabled

---------------  S Y S T E M  ---------------

OS:
 Windows 11 , 64 bit Build 26100 (10.0.26100.7920)
OS uptime: 16 days 19:02 hours
Hyper-V role detected

CPU: total 16 (initial active 16) (16 cores per cpu, 2 threads per core) family 25 model 80 stepping 0 microcode 0xa500011, cx8, cmov, fxsr, ht, mmx, 3dnowpref, sse, sse2, sse3, ssse3, sse4a, sse4.1, sse4.2, popcnt, lzcnt, tsc, tscinvbit, avx, avx2, aes, erms, clmul, bmi1, bmi2, adx, sha, fma, vzeroupper, clflush, clflushopt, hv, rdtscp, rdpid, fsrm, f16c, cet_ss
Processor Information for the first 16 processors :
  Max Mhz: 2000, Current Mhz: 2000, Mhz Limit: 2000

Memory: 4k page, system-wide physical 15772M (2188M free)
TotalPageFile size 29134M (AvailPageFile size 4219M)
current process WorkingSet (physical memory assigned to process): 327M, peak: 327M
current process commit charge ("private bytes"): 374M, peak: 382M

vm_info: OpenJDK 64-Bit Server VM (21.0.9+10-LTS) for windows-amd64 JRE (21.0.9+10-LTS), built on 2025-10-16T09:41:28Z by "Administrator" with unknown MS VC++:1944

END.
