#
# A fatal error has been detected by the Java Runtime Environment:
#
#  EXCEPTION_ACCESS_VIOLATION (0xc0000005) at pc=0x000002312bfe2b24, pid=30504, tid=10520
#
# JRE version: OpenJDK Runtime Environment Corretto-21.0.9.10.1 (21.0.9+10) (build 21.0.9+10-LTS)
# Java VM: OpenJDK 64-Bit Server VM Corretto-21.0.9.10.1 (21.0.9+10-LTS, mixed mode, emulated-client, sharing, tiered, compressed oops, compressed class ptrs, g1 gc, windows-amd64)
# Problematic frame:
# v  ~BufferBlob::MethodHandles adapters 0x000002312bfe2b24
#
# No core dump will be written. Minidumps are not enabled by default on client versions of Windows
#
# If you would like to submit a bug report, please visit:
#   https://github.com/corretto/corretto-21/issues/
#

---------------  S U M M A R Y ------------

Command Line: -XX:+ShowCodeDetailsInExceptionMessages -agentlib:jdwp=transport=dt_socket,suspend=y,address=localhost:61747 -Dcom.sun.management.jmxremote -Dcom.sun.management.jmxremote.port=61746 -Dcom.sun.management.jmxremote.authenticate=false -Dcom.sun.management.jmxremote.ssl=false -Djava.rmi.server.hostname=localhost -Dspring.jmx.enabled=true -Dmanagement.endpoints.jmx.exposure.include=* -Dspring.application.admin.enabled=true -Dspring.profiles.active=local -Dspring.output.ansi.enabled=always -XX:TieredStopAtLevel=1 -Dspring.boot.project.name=experian-orquestador -javaagent:C:\eclipse\configuration\org.eclipse.osgi\1082\0\.cp\lib\javaagent-shaded.jar -Dfile.encoding=UTF-8 -Dstdout.encoding=UTF-8 -Dstderr.encoding=UTF-8 bs.experian.orquestador.ExperianOrquestadorApplication

Host: AMD Ryzen 7 5825U with Radeon Graphics         , 16 cores, 15G,  Windows 11 , 64 bit Build 26100 (10.0.26100.7920)
Time: Sat Mar 28 21:48:38 2026 Hora estándar romance elapsed time: 169.562513 seconds (0d 0h 2m 49s)

---------------  T H R E A D  ---------------

Current thread (0x000002317d6f3f30):  JavaThread "org.springframework.kafka.KafkaListenerEndpointContainer#0-0-C-1"        [_thread_in_Java, id=10520, stack(0x0000004dd5400000,0x0000004dd5500000) (1024K)]

Stack: [0x0000004dd5400000,0x0000004dd5500000],  sp=0x0000004dd54fcf80,  free space=1011k
Native frames: (J=compiled Java code, j=interpreted, Vv=VM code, C=native code)
C  0x000002312bfe2b24

The last pc belongs to _linkToVirtual (printed below).

siginfo: EXCEPTION_ACCESS_VIOLATION (0xc0000005), reading address 0xffffffffffffffff


Registers:
RAX=0x000002312bfb9086, RBX=0x000000070c870698, RCX=0x0000004dd54fcf90, RDX=0x0000000000000003
RSP=0x0000004dd54fcf80, RBP=0x0000004dd54fcfd8, RSI=0x000002317d7df758, RDI=0x00000231055d1230
R8 =0x0000000000000003, R9 =0x000002317edf98d0, R10=0x00000231707290cb, R11=0xe18e97dbe18e97cb
R12=0x0000000000000000, R13=0x0000004dd54fcf80, R14=0x0000004dd54fd000, R15=0x000002317d6f3f30
RIP=0x000002312bfe2b24, EFLAGS=0x0000000000010202

XMM[0]=0x0000000000000000 0x0000000000000000
XMM[1]=0x0000000000000000 0x0000000000000000
XMM[2]=0x0000000000000000 0x0000000000000000
XMM[3]=0x0000000000000000 0x0000000000000000
XMM[4]=0x0000000000000000 0x0000000000000000
XMM[5]=0x0000000000000000 0x0000000000000000
XMM[6]=0x0000000000000000 0x0000000000000000
XMM[7]=0x0000000000000000 0x3d2ef35793c76730
XMM[8]=0x0000000000000000 0x0000000000000000
XMM[9]=0x0000000000000000 0x0000000000000000
XMM[10]=0x0000000000000000 0x0000000000000000
XMM[11]=0x0000000000000000 0x0000000000000000
XMM[12]=0x0000000000000000 0x0000000000000000
XMM[13]=0x0000000000000000 0x0000000000000000
XMM[14]=0x0000000000000000 0x0000000000000000
XMM[15]=0x0000000000000000 0x0000000000000000
  MXCSR=0x00001fa0


Register to memory mapping:

RAX=0x000002312bfb9086 is at code_begin+3078 in an Interpreter codelet
return entry points  [0x000002312bfb8480, 0x000002312bfba298]  7704 bytes
RBX=0x000000070c870698 is an oop: bs.experian.orquestador.application.model.evento.EventoDto 
{0x000000070c870698} - klass: 'bs/experian/orquestador/application/model/evento/EventoDto'
 - ---- fields (total size 4 words):
 - private 'queryId' 'Ljava/lang/String;' @12  "9368f21b-39c2-4098-a463-9b6f8e8e1485"{0x000000070c74be08} (0xe18e97c1)
 - private 'notificationId' 'Ljava/lang/String;' @16  "11111111-aaaa-bbbb-cccc-222222222263"{0x000000070c74be58} (0xe18e97cb)
 - private 'eventType' 'Ljava/lang/String;' @20  "NewDocumentAvailable"{0x000000070c74bed8} (0xe18e97db)
 - private 'eventData' 'Lbs/experian/orquestador/application/model/evento/PayLoadDto;' @24  a 'bs/experian/orquestador/application/model/evento/PayLoadDto'{0x000000070c870638} (0xe190e0c7)
RCX=0x0000004dd54fcf90 is pointing into the stack for thread: 0x000002317d6f3f30
RDX=0x0000000000000003 is an unknown value
RSP=0x0000004dd54fcf80 is pointing into the stack for thread: 0x000002317d6f3f30
RBP=0x0000004dd54fcfd8 is pointing into the stack for thread: 0x000002317d6f3f30
RSI=0x000002317d7df758 points into unknown readable memory: 0x800011ffc1ac7732 | 32 77 ac c1 ff 11 00 80
RDI=0x00000231055d1230 points into unknown readable memory: 0x0000000800000070 | 70 00 00 00 08 00 00 00
R8 =0x0000000000000003 is an unknown value
R9 =0x000002317edf98d0 points into unknown readable memory: 0x0000001e00000003 | 03 00 00 00 1e 00 00 00
R10=0x00000231707290cb is an unknown value
R11=0xe18e97dbe18e97cb is an unknown value
R12=0x0 is null
R13=0x0000004dd54fcf80 is pointing into the stack for thread: 0x000002317d6f3f30
R14=0x0000004dd54fd000 is pointing into the stack for thread: 0x000002317d6f3f30
R15=0x000002317d6f3f30 is a thread

Top of Stack: (sp=0x0000004dd54fcf80)
0x0000004dd54fcf80:   000002312bfb9086 000000070b717e50
0x0000004dd54fcf90:   0000004dd54fcf90 00000231387290cb
0x0000004dd54fcfa0:   0000000000000005 00000231380b0d70
0x0000004dd54fcfb0:   000000070c870698 0000000709cea288
0x0000004dd54fcfc0:   00000231380b3868 0000004dd54fcf80
0x0000004dd54fcfd0:   0000004dd54fcff0 0000004dd54fd058
0x0000004dd54fcfe0:   000002312bfb9086 000000070c8706e0
0x0000004dd54fcff0:   000000070c870698 000000070b717e50
0x0000004dd54fd000:   000000070c8706b8 000000070d1d20d8
0x0000004dd54fd010:   0000004dd54fd010 000002317ad492d4
0x0000004dd54fd020:   0000000000000009 000002317ad49428
0x0000004dd54fd030:   0000000000000000 000000070a851058
0x0000004dd54fd040:   000002317ad492e8 0000004dd54fcff8
0x0000004dd54fd050:   0000004dd54fd0b0 0000004dd54fd358
0x0000004dd54fd060:   000002312cad0232 000000070c8706b8
0x0000004dd54fd070:   000000070c870698 000000070c870768
0x0000004dd54fd080:   000000070b717e50 000000070c870740
0x0000004dd54fd090:   000000070c870698 000000070b717e50
0x0000004dd54fd0a0:   000000070c870710 000002312cacf984
0x0000004dd54fd0b0:   000000070b0e9190 000000070d1d24f8
0x0000004dd54fd0c0:   000000070d1d24c8 0000023100000001
0x0000004dd54fd0d0:   000000070b0e9190 000000070a47ed08
0x0000004dd54fd0e0:   000000070b76ac58 00007ffce460df42
0x0000004dd54fd0f0:   0000004dd54fd358 000002312c3db45c
0x0000004dd54fd100:   00000231796f2c90 000002317d6f3f30
0x0000004dd54fd110:   0000004dd54fd358 000002312cf3edf4
0x0000004dd54fd120:   0000000000000000 0000000000000000
0x0000004dd54fd130:   0000000000000000 0000000000000000
0x0000004dd54fd140:   0000000000000000 0000000000000000
0x0000004dd54fd150:   0000000000000000 0000000000000000
0x0000004dd54fd160:   000000070c870790 000000070c8707b0
0x0000004dd54fd170:   000000070b717e50 0000000709ce9db8 

Instructions: (pc=0x000002312bfe2b24)
0x000002312bfe2a24:   31 02 00 00 80 2a fe 2b 31 02 00 00 00 3b fe 2b
0x000002312bfe2a34:   31 02 00 00 70 2a fe 2b 31 02 00 00 70 2a fe 2b
0x000002312bfe2a44:   31 02 00 00 00 00 00 00 00 00 00 00 78 db c7 e4
0x000002312bfe2a54:   fc 7f 00 00 f0 10 00 00 60 00 00 00 ff ff ff ff
0x000002312bfe2a64:   f0 10 00 00 00 00 00 00 00 00 00 00 00 00 00 00
0x000002312bfe2a74:   00 00 00 00 00 00 00 00 00 00 00 00 f4 66 66 66
0x000002312bfe2a84:   0f 1f 84 00 00 00 00 00 66 66 0f 1f 84 00 00 00
0x000002312bfe2a94:   00 00 66 66 0f 1f 84 00 00 00 00 00 48 8b 53 08
0x000002312bfe2aa4:   0f b7 52 2e 48 8b 0c d4 8b 59 14 48 c1 e3 03 8b
0x000002312bfe2ab4:   5b 28 48 c1 e3 03 8b 5b 24 48 c1 e3 03 48 8b 5b
0x000002312bfe2ac4:   10 48 85 db 0f 84 10 00 00 00 41 80 bf d8 05 00
0x000002312bfe2ad4:   00 00 74 03 ff 63 38 ff 63 50 e9 9d 16 00 00 66
0x000002312bfe2ae4:   66 66 0f 1f 84 00 00 00 00 00 66 0f 1f 84 00 00
0x000002312bfe2af4:   00 00 00 66 0f 1f 84 00 00 00 00 00 48 8b 53 08
0x000002312bfe2b04:   0f b7 52 2e 48 8b 0c d4 58 5b 50 44 8b 51 08 49
0x000002312bfe2b14:   bb 00 00 00 38 31 02 00 00 4d 03 d3 4c 8b 5b 10
0x000002312bfe2b24:   4b 8b 9c da d0 01 00 00 48 85 db 0f 84 10 00 00
0x000002312bfe2b34:   00 41 80 bf d8 05 00 00 00 74 03 ff 63 38 ff 63
0x000002312bfe2b44:   50 e9 36 16 00 00 66 66 66 0f 1f 84 00 00 00 00
0x000002312bfe2b54:   00 66 66 66 0f 1f 84 00 00 00 00 00 58 5b 50 8b
0x000002312bfe2b64:   5b 24 48 c1 e3 03 48 8b 5b 10 48 85 db 0f 84 10
0x000002312bfe2b74:   00 00 00 41 80 bf d8 05 00 00 00 74 03 ff 63 38
0x000002312bfe2b84:   ff 63 50 e9 f4 15 00 00 66 66 0f 1f 84 00 00 00
0x000002312bfe2b94:   00 00 66 66 0f 1f 84 00 00 00 00 00 48 8b 53 08
0x000002312bfe2ba4:   0f b7 52 2e 48 8b 0c d4 58 5b 50 48 3b 01 8b 5b
0x000002312bfe2bb4:   24 48 c1 e3 03 48 8b 5b 10 48 85 db 0f 84 10 00
0x000002312bfe2bc4:   00 00 41 80 bf d8 05 00 00 00 74 03 ff 63 38 ff
0x000002312bfe2bd4:   63 50 e9 a5 15 00 00 0f 1f 44 00 00 48 8b 53 08
0x000002312bfe2be4:   0f b7 52 2e 48 8b 0c d4 58 5b 50 44 8b 51 08 49
0x000002312bfe2bf4:   bb 00 00 00 38 31 02 00 00 4d 03 d3 8b 43 18 48
0x000002312bfe2c04:   c1 e0 03 48 8b 40 10 48 8b 5b 10 45 8b 9a ac 00
0x000002312bfe2c14:   00 00 4f 8d 9c da d0 01 00 00 4d 8d 14 da 49 8b 


Stack slot to memory mapping:

stack at sp + 0 slots: 0x000002312bfb9086 is at code_begin+3078 in an Interpreter codelet
return entry points  [0x000002312bfb8480, 0x000002312bfba298]  7704 bytes
stack at sp + 1 slots: 0x000000070b717e50 is an oop: bs.experian.orquestador.infrastructure.persistence.solicitud.ProcesadorSolicitudesRepository 
{0x000000070b717e50} - klass: 'bs/experian/orquestador/infrastructure/persistence/solicitud/ProcesadorSolicitudesRepository'
 - ---- fields (total size 2 words):
 - private final 'solicitudRepository' 'Lbs/experian/orquestador/infrastructure/persistence/solicitud/SolicitudRepository;' @12  a 'jdk/proxy2/$Proxy125'{0x000000070b717e60} (0xe16e2fcc)
stack at sp + 2 slots: 0x0000004dd54fcf90 is pointing into the stack for thread: 0x000002317d6f3f30
stack at sp + 3 slots: 0x00000231387290cb is pointing into metadata
stack at sp + 4 slots: 0x0000000000000005 is an unknown value
stack at sp + 5 slots: 0x00000231380b0d70 is pointing into metadata
stack at sp + 6 slots: 0x000000070c870698 is an oop: bs.experian.orquestador.application.model.evento.EventoDto 
{0x000000070c870698} - klass: 'bs/experian/orquestador/application/model/evento/EventoDto'
 - ---- fields (total size 4 words):
 - private 'queryId' 'Ljava/lang/String;' @12  "9368f21b-39c2-4098-a463-9b6f8e8e1485"{0x000000070c74be08} (0xe18e97c1)
 - private 'notificationId' 'Ljava/lang/String;' @16  "11111111-aaaa-bbbb-cccc-222222222263"{0x000000070c74be58} (0xe18e97cb)
 - private 'eventType' 'Ljava/lang/String;' @20  "NewDocumentAvailable"{0x000000070c74bed8} (0xe18e97db)
 - private 'eventData' 'Lbs/experian/orquestador/application/model/evento/PayLoadDto;' @24  a 'bs/experian/orquestador/application/model/evento/PayLoadDto'{0x000000070c870638} (0xe190e0c7)
stack at sp + 7 slots: 0x0000000709cea288 is an oop: java.lang.Class 
{0x0000000709cea288} - klass: 'java/lang/Class'
 - ---- fields (total size 14 words):
 - private volatile transient 'classRedefinedCount' 'I' @12  0 (0x00000000)
 - injected 'klass' 'J' @16  2410416900408 (0x00000231380b0938)
 - injected 'array_klass' 'J' @24  0 (0x0000000000000000)
 - injected 'oop_size' 'I' @32  14 (0x0000000e)
 - injected 'static_oop_field_count' 'I' @36  0 (0x00000000)
 - private volatile transient 'cachedConstructor' 'Ljava/lang/reflect/Constructor;' @40  null (0x00000000)
 - private transient 'name' 'Ljava/lang/String;' @44  null (0x00000000)
 - private transient 'module' 'Ljava/lang/Module;' @48  a 'java/lang/Module'{0x0000000709d11d38} (0xe13a23a7)
 - private final 'classLoader' 'Ljava/lang/ClassLoader;' @52  null (0x00000000)
 - private transient 'classData' 'Ljava/lang/Object;' @56  null (0x00000000)
 - private transient 'packageName' 'Ljava/lang/String;' @60  null (0x00000000)
 - private final 'componentType' 'Ljava/lang/Class;' @64  null (0x00000000)
 - private volatile transient 'reflectionData' 'Ljava/lang/ref/SoftReference;' @68  null (0x00000000)
 - private volatile transient 'genericInfo' 'Lsun/reflect/generics/repository/ClassRepository;' @72  null (0x00000000)
 - private volatile transient 'enumConstants' '[Ljava/lang/Object;' @76  null (0x00000000)
 - private volatile transient 'enumConstantDirectory' 'Ljava/util/Map;' @80  null (0x00000000)
 - private volatile transient 'annotationData' 'Ljava/lang/Class$AnnotationData;' @84  null (0x00000000)
 - private volatile transient 'annotationType' 'Lsun/reflect/annotation/AnnotationType;' @88  null (0x00000000)
 - transient 'classValueMap' 'Ljava/lang/ClassValue$ClassValueMap;' @92  null (0x00000000)
 - injected 'protection_domain' 'Ljava/lang/Object;' @96  null (0x00000000)
 - injected 'signers_name' 'Ljava/lang/Object;' @100  null (0x00000000)
 - injected 'source_file' 'Ljava/lang/Object;' @104  null (0x00000000)
 - injected '<init_lock>' 'Ljava/lang/Object;' @108  null (0x00000000)
 - signature: Ljava/lang/invoke/DirectMethodHandle$Holder;
 - ---- static fields (0):

MethodHandle::interpreter_entry::_linkToVirtual [0x000002312bfe2ae3, 0x000002312bfe2b4a] (103 bytes)
[MachCode]
  0x000002312bfe2ae3: 6666 660f | 1f84 0000 | 0000 0066 | 0f1f 8400 | 0000 0000 | 660f 1f84 | 0000 0000 | 0048 8b53 
  0x000002312bfe2b03: 080f b752 | 2e48 8b0c | d458 5b50 | 448b 5108 | 49bb 0000 | 0038 3102 | 0000 4d03 | d34c 8b5b 
  0x000002312bfe2b23: 104b 8b9c | dad0 0100 | 0048 85db | 0f84 1000 | 0000 4180 | bfd8 0500 | 0000 7403 | ff63 38ff 
  0x000002312bfe2b43: 6350 e936 | 
[/MachCode]

---------------  P R O C E S S  ---------------

Threads class SMR info:
_java_thread_list=0x000002317dcceec0, length=48, elements={
0x0000023136a4e140, 0x00000231373e0080, 0x00000231373e6000, 0x00000231373e4c50,
0x00000231373e73b0, 0x00000231373e6d20, 0x00000231373efa90, 0x00000231375d7390,
0x00000231375e1f20, 0x00000231375e45b0, 0x00000231373e6690, 0x00000231373e52e0,
0x00000231373e3f30, 0x00000231373e45c0, 0x00000231373e5970, 0x000002317dc6c000,
0x000002317dc6c690, 0x000002317dc6cd20, 0x000002317dc69f30, 0x000002317dc6da40,
0x000002317dc6b2e0, 0x000002317dc6a5c0, 0x000002317dc6e0d0, 0x000002317dc6ac50,
0x000002317dc6e760, 0x000002317dc6f480, 0x000002317dc70830, 0x000002317dc70ec0,
0x000002317dc71550, 0x000002317d6ef070, 0x000002317d6ef700, 0x000002317d6f17d0,
0x000002317d6efd90, 0x000002317d6f1e60, 0x000002317d6f24f0, 0x000002317d6f3210,
0x000002317d6f1140, 0x000002317d6f0420, 0x000002317d6f2b80, 0x000002317d6f38a0,
0x000002317d6f3f30, 0x000002317d6f0ab0, 0x000002317d6f45c0, 0x000002317d6f6000,
0x000002317d6f52e0, 0x000002317d6f6690, 0x000002317d6f5970, 0x0000023105494540
}

Java Threads: ( => current thread )
  0x0000023136a4e140 JavaThread "Reference Handler"          daemon [_thread_blocked, id=25176, stack(0x0000004dd1400000,0x0000004dd1500000) (1024K)]
  0x00000231373e0080 JavaThread "Finalizer"                  daemon [_thread_blocked, id=18884, stack(0x0000004dd1500000,0x0000004dd1600000) (1024K)]
  0x00000231373e6000 JavaThread "Signal Dispatcher"          daemon [_thread_blocked, id=30444, stack(0x0000004dd1600000,0x0000004dd1700000) (1024K)]
  0x00000231373e4c50 JavaThread "Attach Listener"            daemon [_thread_blocked, id=30560, stack(0x0000004dd1700000,0x0000004dd1800000) (1024K)]
  0x00000231373e73b0 JavaThread "Service Thread"             daemon [_thread_blocked, id=4408, stack(0x0000004dd1800000,0x0000004dd1900000) (1024K)]
  0x00000231373e6d20 JavaThread "Monitor Deflation Thread"   daemon [_thread_blocked, id=25224, stack(0x0000004dd1900000,0x0000004dd1a00000) (1024K)]
  0x00000231373efa90 JavaThread "C1 CompilerThread0"         daemon [_thread_blocked, id=23800, stack(0x0000004dd1a00000,0x0000004dd1b00000) (1024K)]
  0x00000231375d7390 JavaThread "JDWP Transport Listener: dt_socket" daemon [_thread_blocked, id=16292, stack(0x0000004dd1e00000,0x0000004dd1f00000) (1024K)]
  0x00000231375e1f20 JavaThread "JDWP Event Helper Thread"   daemon [_thread_blocked, id=8056, stack(0x0000004dd1f00000,0x0000004dd2000000) (1024K)]
  0x00000231375e45b0 JavaThread "JDWP Command Reader"        daemon [_thread_in_native, id=30556, stack(0x0000004dd2000000,0x0000004dd2100000) (1024K)]
  0x00000231373e6690 JavaThread "Common-Cleaner"             daemon [_thread_blocked, id=29788, stack(0x0000004dd2100000,0x0000004dd2200000) (1024K)]
  0x00000231373e52e0 JavaThread "Notification Thread"        daemon [_thread_blocked, id=27672, stack(0x0000004dd2200000,0x0000004dd2300000) (1024K)]
  0x00000231373e3f30 JavaThread "RMI TCP Accept-0"           daemon [_thread_in_native, id=30228, stack(0x0000004dd2b00000,0x0000004dd2c00000) (1024K)]
  0x00000231373e45c0 JavaThread "RMI TCP Accept-61746"       daemon [_thread_in_native, id=29712, stack(0x0000004dd2c00000,0x0000004dd2d00000) (1024K)]
  0x00000231373e5970 JavaThread "RMI TCP Accept-0"           daemon [_thread_in_native, id=28528, stack(0x0000004dd2d00000,0x0000004dd2e00000) (1024K)]
  0x000002317dc6c000 JavaThread "RMI Scheduler(0)"           daemon [_thread_blocked, id=15848, stack(0x0000004dd3300000,0x0000004dd3400000) (1024K)]
  0x000002317dc6c690 JavaThread "RMI TCP Connection(idle)"   daemon [_thread_blocked, id=11892, stack(0x0000004dd3400000,0x0000004dd3500000) (1024K)]
  0x000002317dc6cd20 JavaThread "JMX server connection timeout 51" daemon [_thread_blocked, id=28132, stack(0x0000004dd3500000,0x0000004dd3600000) (1024K)]
  0x000002317dc69f30 JavaThread "Catalina-utility-1"                [_thread_blocked, id=23564, stack(0x0000004dd3600000,0x0000004dd3700000) (1024K)]
  0x000002317dc6da40 JavaThread "Catalina-utility-2"                [_thread_blocked, id=16604, stack(0x0000004dd3c00000,0x0000004dd3d00000) (1024K)]
  0x000002317dc6b2e0 JavaThread "container-0"                       [_thread_blocked, id=17172, stack(0x0000004dd3d00000,0x0000004dd3e00000) (1024K)]
  0x000002317dc6a5c0 JavaThread "oracle.jdbc.diagnostics.Diagnostic.CLOCK" daemon [_thread_blocked, id=20040, stack(0x0000004dd3e00000,0x0000004dd3f00000) (1024K)]
  0x000002317dc6e0d0 JavaThread "oracle.jdbc.driver.BlockSource.ThreadedCachingBlockSource.BlockReleaser" daemon [_thread_blocked, id=15652, stack(0x0000004dd3f00000,0x0000004dd4000000) (1024K)]
  0x000002317dc6ac50 JavaThread "InterruptTimer"             daemon [_thread_blocked, id=14544, stack(0x0000004dd4100000,0x0000004dd4200000) (1024K)]
  0x000002317dc6e760 JavaThread "HikariPool-1:housekeeper"   daemon [_thread_blocked, id=30184, stack(0x0000004dd4300000,0x0000004dd4400000) (1024K)]
  0x000002317dc6f480 JavaThread "http-nio-6000-exec-1"       daemon [_thread_blocked, id=848, stack(0x0000004dd4500000,0x0000004dd4600000) (1024K)]
  0x000002317dc70830 JavaThread "http-nio-6000-exec-2"       daemon [_thread_blocked, id=23912, stack(0x0000004dd4600000,0x0000004dd4700000) (1024K)]
  0x000002317dc70ec0 JavaThread "http-nio-6000-exec-3"       daemon [_thread_blocked, id=26628, stack(0x0000004dd4700000,0x0000004dd4800000) (1024K)]
  0x000002317dc71550 JavaThread "http-nio-6000-exec-4"       daemon [_thread_blocked, id=21324, stack(0x0000004dd4800000,0x0000004dd4900000) (1024K)]
  0x000002317d6ef070 JavaThread "http-nio-6000-exec-5"       daemon [_thread_blocked, id=19792, stack(0x0000004dd4900000,0x0000004dd4a00000) (1024K)]
  0x000002317d6ef700 JavaThread "http-nio-6000-exec-6"       daemon [_thread_blocked, id=11872, stack(0x0000004dd4a00000,0x0000004dd4b00000) (1024K)]
  0x000002317d6f17d0 JavaThread "http-nio-6000-exec-7"       daemon [_thread_blocked, id=19788, stack(0x0000004dd4b00000,0x0000004dd4c00000) (1024K)]
  0x000002317d6efd90 JavaThread "http-nio-6000-exec-8"       daemon [_thread_blocked, id=14136, stack(0x0000004dd4c00000,0x0000004dd4d00000) (1024K)]
  0x000002317d6f1e60 JavaThread "http-nio-6000-exec-9"       daemon [_thread_blocked, id=30092, stack(0x0000004dd4d00000,0x0000004dd4e00000) (1024K)]
  0x000002317d6f24f0 JavaThread "http-nio-6000-exec-10"      daemon [_thread_blocked, id=30124, stack(0x0000004dd4e00000,0x0000004dd4f00000) (1024K)]
  0x000002317d6f3210 JavaThread "http-nio-6000-Poller"       daemon [_thread_in_native, id=23328, stack(0x0000004dd4f00000,0x0000004dd5000000) (1024K)]
  0x000002317d6f1140 JavaThread "http-nio-6000-Acceptor"     daemon [_thread_in_native, id=16204, stack(0x0000004dd5000000,0x0000004dd5100000) (1024K)]
  0x000002317d6f0420 JavaThread "ThreadPoolTaskScheduler-1"         [_thread_blocked, id=22768, stack(0x0000004dd5100000,0x0000004dd5200000) (1024K)]
  0x000002317d6f2b80 JavaThread "org.springframework.kafka.KafkaListenerEndpointContainer#0-dlt-0-C-1"        [_thread_in_native, id=1412, stack(0x0000004dd5200000,0x0000004dd5300000) (1024K)]
  0x000002317d6f38a0 JavaThread "ThreadPoolTaskScheduler-1"         [_thread_blocked, id=26976, stack(0x0000004dd5300000,0x0000004dd5400000) (1024K)]
=>0x000002317d6f3f30 JavaThread "org.springframework.kafka.KafkaListenerEndpointContainer#0-0-C-1"        [_thread_in_Java, id=10520, stack(0x0000004dd5400000,0x0000004dd5500000) (1024K)]
  0x000002317d6f0ab0 JavaThread "ThreadPoolTaskScheduler-1"         [_thread_blocked, id=6620, stack(0x0000004dd5500000,0x0000004dd5600000) (1024K)]
  0x000002317d6f45c0 JavaThread "org.springframework.kafka.KafkaListenerEndpointContainer#0-retry-0-C-1"        [_thread_in_native, id=23904, stack(0x0000004dd5600000,0x0000004dd5700000) (1024K)]
  0x000002317d6f6000 JavaThread "kafka-coordinator-heartbeat-thread | orquestador-experian" daemon [_thread_blocked, id=10020, stack(0x0000004dd5700000,0x0000004dd5800000) (1024K)]
  0x000002317d6f52e0 JavaThread "kafka-coordinator-heartbeat-thread | orquestador-experian-dlt" daemon [_thread_blocked, id=17448, stack(0x0000004dd5800000,0x0000004dd5900000) (1024K)]
  0x000002317d6f6690 JavaThread "kafka-coordinator-heartbeat-thread | orquestador-experian-retry" daemon [_thread_blocked, id=23144, stack(0x0000004dd5900000,0x0000004dd5a00000) (1024K)]
  0x000002317d6f5970 JavaThread "DestroyJavaVM"                     [_thread_blocked, id=21452, stack(0x0000004dd0c00000,0x0000004dd0d00000) (1024K)]
  0x0000023105494540 JavaThread "kafka-producer-network-thread | experian-orquestador-producer-1" daemon [_thread_in_native, id=3416, stack(0x0000004dd3900000,0x0000004dd3a00000) (1024K)]
Total: 48

Other Threads:
  0x0000023136a2bca0 VMThread "VM Thread"                           [id=17856, stack(0x0000004dd1300000,0x0000004dd1400000) (1024K)]
  0x0000023136a1ab10 WatcherThread "VM Periodic Task Thread"        [id=25716, stack(0x0000004dd1200000,0x0000004dd1300000) (1024K)]
  0x0000023123910f40 WorkerThread "GC Thread#0"                     [id=2952, stack(0x0000004dd0d00000,0x0000004dd0e00000) (1024K)]
  0x000002317d4ac9b0 WorkerThread "GC Thread#1"                     [id=15776, stack(0x0000004dd2300000,0x0000004dd2400000) (1024K)]
  0x000002317d4acd50 WorkerThread "GC Thread#2"                     [id=13480, stack(0x0000004dd2400000,0x0000004dd2500000) (1024K)]
  0x000002317d4ad0f0 WorkerThread "GC Thread#3"                     [id=21288, stack(0x0000004dd2500000,0x0000004dd2600000) (1024K)]
  0x000002317d4ad490 WorkerThread "GC Thread#4"                     [id=17972, stack(0x0000004dd2600000,0x0000004dd2700000) (1024K)]
  0x000002317d4cd9c0 WorkerThread "GC Thread#5"                     [id=18628, stack(0x0000004dd2700000,0x0000004dd2800000) (1024K)]
  0x000002317d4d1d70 WorkerThread "GC Thread#6"                     [id=1648, stack(0x0000004dd2800000,0x0000004dd2900000) (1024K)]
  0x000002317d4d2920 WorkerThread "GC Thread#7"                     [id=26064, stack(0x0000004dd2900000,0x0000004dd2a00000) (1024K)]
  0x000002317d4d34d0 WorkerThread "GC Thread#8"                     [id=19084, stack(0x0000004dd2a00000,0x0000004dd2b00000) (1024K)]
  0x000002317da370d0 WorkerThread "GC Thread#9"                     [id=3220, stack(0x0000004dd2e00000,0x0000004dd2f00000) (1024K)]
  0x000002317da37470 WorkerThread "GC Thread#10"                    [id=11376, stack(0x0000004dd2f00000,0x0000004dd3000000) (1024K)]
  0x000002317da37810 WorkerThread "GC Thread#11"                    [id=8748, stack(0x0000004dd3000000,0x0000004dd3100000) (1024K)]
  0x000002317da37bb0 WorkerThread "GC Thread#12"                    [id=27516, stack(0x0000004dd3100000,0x0000004dd3200000) (1024K)]
  0x000002312393ed30 ConcurrentGCThread "G1 Main Marker"            [id=22696, stack(0x0000004dd0e00000,0x0000004dd0f00000) (1024K)]
  0x000002312393ff50 WorkerThread "G1 Conc#0"                       [id=11660, stack(0x0000004dd0f00000,0x0000004dd1000000) (1024K)]
  0x000002317da38a30 WorkerThread "G1 Conc#1"                       [id=21520, stack(0x0000004dd3700000,0x0000004dd3800000) (1024K)]
  0x000002317e0ddfd0 WorkerThread "G1 Conc#2"                       [id=18200, stack(0x0000004dd3800000,0x0000004dd3900000) (1024K)]
  0x00000231368ec3e0 ConcurrentGCThread "G1 Refine#0"               [id=15120, stack(0x0000004dd1000000,0x0000004dd1100000) (1024K)]
  0x00000231368efc20 ConcurrentGCThread "G1 Service"                [id=30632, stack(0x0000004dd1100000,0x0000004dd1200000) (1024K)]
Total: 21

Threads with active compile tasks:
Total: 0

VM state: not at safepoint (normal execution)

VM Mutex/Monitor currently owned by a thread: None

Heap address: 0x0000000709800000, size: 3944 MB, Compressed Oops mode: Zero based, Oop shift amount: 3

CDS archive(s) mapped at: [0x0000023138000000-0x0000023138c80000-0x0000023138c80000), size 13107200, SharedBaseAddress: 0x0000023138000000, ArchiveRelocationMode: 1.
Compressed class space mapped at: 0x0000023139000000-0x0000023179000000, reserved size: 1073741824
Narrow klass base: 0x0000023138000000, Narrow klass shift: 0, Narrow klass range: 0x100000000

GC Precious Log:
 CardTable entry size: 512
 Card Set container configuration: InlinePtr #cards 4 size 8 Array Of Cards #cards 16 size 48 Howl #buckets 8 coarsen threshold 3686 Howl Bitmap #cards 512 size 80 coarsen threshold 460 Card regions per heap region 1 cards per card region 4096
 CPUs: 16 total, 16 available
 Memory: 15772M
 Large Page Support: Disabled
 NUMA Support: Disabled
 Compressed Oops: Enabled (Zero based)
 Heap Region Size: 2M
 Heap Min Capacity: 8M
 Heap Initial Capacity: 248M
 Heap Max Capacity: 3944M
 Pre-touch: Disabled
 Parallel Workers: 13
 Concurrent Workers: 3
 Concurrent Refinement Workers: 13
 Periodic GC: Disabled

Heap:
 garbage-first heap   total 110592K, used 51330K [0x0000000709800000, 0x0000000800000000)
  region size 2048K, 8 young (16384K), 3 survivors (6144K)
 Metaspace       used 100450K, committed 101376K, reserved 1179648K
  class space    used 13909K, committed 14336K, reserved 1048576K

Heap Regions: E=young(eden), S=young(survivor), O=old, HS=humongous(starts), HC=humongous(continues), CS=collection set, F=free, TAMS=top-at-mark-start, PB=parsable bottom
|   0|0x0000000709800000, 0x0000000709a00000, 0x0000000709a00000|100%| O|  |TAMS 0x0000000709800000| PB 0x0000000709800000| Untracked 
|   1|0x0000000709a00000, 0x0000000709c00000, 0x0000000709c00000|100%| O|  |TAMS 0x0000000709a00000| PB 0x0000000709a00000| Untracked 
|   2|0x0000000709c00000, 0x0000000709e00000, 0x0000000709e00000|100%| O|  |TAMS 0x0000000709c00000| PB 0x0000000709c00000| Untracked 
|   3|0x0000000709e00000, 0x000000070a000000, 0x000000070a000000|100%| O|  |TAMS 0x0000000709e00000| PB 0x0000000709e00000| Untracked 
|   4|0x000000070a000000, 0x000000070a000000, 0x000000070a200000|  0%| F|  |TAMS 0x000000070a000000| PB 0x000000070a000000| Untracked 
|   5|0x000000070a200000, 0x000000070a400000, 0x000000070a400000|100%| O|  |TAMS 0x000000070a200000| PB 0x000000070a200000| Untracked 
|   6|0x000000070a400000, 0x000000070a600000, 0x000000070a600000|100%| O|  |TAMS 0x000000070a400000| PB 0x000000070a400000| Untracked 
|   7|0x000000070a600000, 0x000000070a800000, 0x000000070a800000|100%| O|  |TAMS 0x000000070a600000| PB 0x000000070a600000| Untracked 
|   8|0x000000070a800000, 0x000000070aa00000, 0x000000070aa00000|100%| O|  |TAMS 0x000000070a800000| PB 0x000000070a800000| Untracked 
|   9|0x000000070aa00000, 0x000000070ac00000, 0x000000070ac00000|100%| O|  |TAMS 0x000000070aa00000| PB 0x000000070aa00000| Untracked 
|  10|0x000000070ac00000, 0x000000070ae00000, 0x000000070ae00000|100%| O|  |TAMS 0x000000070ac00000| PB 0x000000070ac00000| Untracked 
|  11|0x000000070ae00000, 0x000000070b000000, 0x000000070b000000|100%| O|  |TAMS 0x000000070ae00000| PB 0x000000070ae00000| Untracked 
|  12|0x000000070b000000, 0x000000070b200000, 0x000000070b200000|100%| O|  |TAMS 0x000000070b000000| PB 0x000000070b000000| Untracked 
|  13|0x000000070b200000, 0x000000070b400000, 0x000000070b400000|100%| O|  |TAMS 0x000000070b200000| PB 0x000000070b200000| Untracked 
|  14|0x000000070b400000, 0x000000070b600000, 0x000000070b600000|100%| O|  |TAMS 0x000000070b400000| PB 0x000000070b400000| Untracked 
|  15|0x000000070b600000, 0x000000070b800000, 0x000000070b800000|100%| O|  |TAMS 0x000000070b600000| PB 0x000000070b600000| Untracked 
|  16|0x000000070b800000, 0x000000070ba00000, 0x000000070ba00000|100%| O|  |TAMS 0x000000070b800000| PB 0x000000070b800000| Untracked 
|  17|0x000000070ba00000, 0x000000070bc00000, 0x000000070bc00000|100%| O|  |TAMS 0x000000070ba00000| PB 0x000000070ba00000| Untracked 
|  18|0x000000070bc00000, 0x000000070be00000, 0x000000070be00000|100%| O|  |TAMS 0x000000070bc00000| PB 0x000000070bc00000| Untracked 
|  19|0x000000070be00000, 0x000000070bec8460, 0x000000070c000000| 39%| O|  |TAMS 0x000000070be00000| PB 0x000000070be00000| Untracked 
|  20|0x000000070c000000, 0x000000070c158420, 0x000000070c200000| 67%| S|CS|TAMS 0x000000070c000000| PB 0x000000070c000000| Complete 
|  21|0x000000070c200000, 0x000000070c200000, 0x000000070c400000|  0%| F|  |TAMS 0x000000070c200000| PB 0x000000070c200000| Untracked 
|  22|0x000000070c400000, 0x000000070c400000, 0x000000070c600000|  0%| F|  |TAMS 0x000000070c400000| PB 0x000000070c400000| Untracked 
|  23|0x000000070c600000, 0x000000070c800000, 0x000000070c800000|100%| S|CS|TAMS 0x000000070c600000| PB 0x000000070c600000| Complete 
|  24|0x000000070c800000, 0x000000070ca00000, 0x000000070ca00000|100%| S|CS|TAMS 0x000000070c800000| PB 0x000000070c800000| Complete 
|  25|0x000000070ca00000, 0x000000070ca00000, 0x000000070cc00000|  0%| F|  |TAMS 0x000000070ca00000| PB 0x000000070ca00000| Untracked 
|  26|0x000000070cc00000, 0x000000070cc00000, 0x000000070ce00000|  0%| F|  |TAMS 0x000000070cc00000| PB 0x000000070cc00000| Untracked 
|  27|0x000000070ce00000, 0x000000070ce00000, 0x000000070d000000|  0%| F|  |TAMS 0x000000070ce00000| PB 0x000000070ce00000| Untracked 
|  28|0x000000070d000000, 0x000000070d000000, 0x000000070d200000|  0%| F|  |TAMS 0x000000070d000000| PB 0x000000070d000000| Untracked 
|  29|0x000000070d200000, 0x000000070d200000, 0x000000070d400000|  0%| F|  |TAMS 0x000000070d200000| PB 0x000000070d200000| Untracked 
|  30|0x000000070d400000, 0x000000070d400000, 0x000000070d600000|  0%| F|  |TAMS 0x000000070d400000| PB 0x000000070d400000| Untracked 
|  31|0x000000070d600000, 0x000000070d600000, 0x000000070d800000|  0%| F|  |TAMS 0x000000070d600000| PB 0x000000070d600000| Untracked 
|  32|0x000000070d800000, 0x000000070d800000, 0x000000070da00000|  0%| F|  |TAMS 0x000000070d800000| PB 0x000000070d800000| Untracked 
|  33|0x000000070da00000, 0x000000070da00000, 0x000000070dc00000|  0%| F|  |TAMS 0x000000070da00000| PB 0x000000070da00000| Untracked 
|  34|0x000000070dc00000, 0x000000070dc00000, 0x000000070de00000|  0%| F|  |TAMS 0x000000070dc00000| PB 0x000000070dc00000| Untracked 
|  35|0x000000070de00000, 0x000000070de00000, 0x000000070e000000|  0%| F|  |TAMS 0x000000070de00000| PB 0x000000070de00000| Untracked 
|  36|0x000000070e000000, 0x000000070e000000, 0x000000070e200000|  0%| F|  |TAMS 0x000000070e000000| PB 0x000000070e000000| Untracked 
|  37|0x000000070e200000, 0x000000070e200000, 0x000000070e400000|  0%| F|  |TAMS 0x000000070e200000| PB 0x000000070e200000| Untracked 
|  38|0x000000070e400000, 0x000000070e400000, 0x000000070e600000|  0%| F|  |TAMS 0x000000070e400000| PB 0x000000070e400000| Untracked 
|  39|0x000000070e600000, 0x000000070e600000, 0x000000070e800000|  0%| F|  |TAMS 0x000000070e600000| PB 0x000000070e600000| Untracked 
|  40|0x000000070e800000, 0x000000070e800000, 0x000000070ea00000|  0%| F|  |TAMS 0x000000070e800000| PB 0x000000070e800000| Untracked 
|  41|0x000000070ea00000, 0x000000070ea00000, 0x000000070ec00000|  0%| F|  |TAMS 0x000000070ea00000| PB 0x000000070ea00000| Untracked 
|  42|0x000000070ec00000, 0x000000070ec00000, 0x000000070ee00000|  0%| F|  |TAMS 0x000000070ec00000| PB 0x000000070ec00000| Untracked 
|  43|0x000000070ee00000, 0x000000070ee00000, 0x000000070f000000|  0%| F|  |TAMS 0x000000070ee00000| PB 0x000000070ee00000| Untracked 
|  44|0x000000070f000000, 0x000000070f000000, 0x000000070f200000|  0%| F|  |TAMS 0x000000070f000000| PB 0x000000070f000000| Untracked 
|  45|0x000000070f200000, 0x000000070f200000, 0x000000070f400000|  0%| F|  |TAMS 0x000000070f200000| PB 0x000000070f200000| Untracked 
|  46|0x000000070f400000, 0x000000070f400000, 0x000000070f600000|  0%| F|  |TAMS 0x000000070f400000| PB 0x000000070f400000| Untracked 
|  47|0x000000070f600000, 0x000000070f600000, 0x000000070f800000|  0%| F|  |TAMS 0x000000070f600000| PB 0x000000070f600000| Untracked 
|  48|0x000000070f800000, 0x000000070f800000, 0x000000070fa00000|  0%| F|  |TAMS 0x000000070f800000| PB 0x000000070f800000| Untracked 
|  49|0x000000070fa00000, 0x000000070fc00000, 0x000000070fc00000|100%| E|  |TAMS 0x000000070fa00000| PB 0x000000070fa00000| Complete 
|  50|0x000000070fc00000, 0x000000070fe00000, 0x000000070fe00000|100%| E|CS|TAMS 0x000000070fc00000| PB 0x000000070fc00000| Complete 
|  51|0x000000070fe00000, 0x0000000710000000, 0x0000000710000000|100%| E|CS|TAMS 0x000000070fe00000| PB 0x000000070fe00000| Complete 
|  66|0x0000000711c00000, 0x0000000711e00000, 0x0000000711e00000|100%| E|CS|TAMS 0x0000000711c00000| PB 0x0000000711c00000| Complete 
| 123|0x0000000718e00000, 0x0000000719000000, 0x0000000719000000|100%| E|CS|TAMS 0x0000000718e00000| PB 0x0000000718e00000| Complete 

Card table byte_map: [0x000002312fde0000,0x00000231305a0000] _byte_map_base: 0x000002312c594000

Marking Bits: (CMBitMap*) 0x0000023123911550
 Bits: [0x00000231305a0000, 0x0000023134340000)

Polling page: 0x0000023121700000

Metaspace:

Usage:
  Non-class:     84.51 MB used.
      Class:     13.58 MB used.
       Both:     98.10 MB used.

Virtual space:
  Non-class space:      128.00 MB reserved,      85.00 MB ( 66%) committed,  2 nodes.
      Class space:        1.00 GB reserved,      14.00 MB (  1%) committed,  1 nodes.
             Both:        1.12 GB reserved,      99.00 MB (  9%) committed. 

Chunk freelists:
   Non-Class:  11.03 MB
       Class:  1.98 MB
        Both:  13.02 MB

MaxMetaspaceSize: unlimited
CompressedClassSpaceSize: 1.00 GB
Initial GC threshold: 21.00 MB
Current GC threshold: 152.12 MB
CDS: on
 - commit_granule_bytes: 65536.
 - commit_granule_words: 8192.
 - virtual_space_node_default_size: 8388608.
 - enlarge_chunks_in_place: 1.
 - use_allocation_guard: 0.


Internal statistics:

num_allocs_failed_limit: 9.
num_arena_births: 1306.
num_arena_deaths: 0.
num_vsnodes_births: 3.
num_vsnodes_deaths: 0.
num_space_committed: 1584.
num_space_uncommitted: 0.
num_chunks_returned_to_freelist: 9.
num_chunks_taken_from_freelist: 4863.
num_chunk_merges: 6.
num_chunk_splits: 3666.
num_chunks_enlarged: 2979.
num_inconsistent_stats: 0.

CodeCache: size=49152Kb used=14762Kb max_used=16820Kb free=34389Kb
 bounds [0x000002312bfb0000, 0x000002312d030000, 0x000002312efb0000]
 total_blobs=8637, nmethods=7736, adapters=824, full_count=0
Compilation: enabled, stopped_count=0, restarted_count=0

Compilation events (20 events):
Event: 161.309 Thread 0x00000231373efa90 8462       1       java.util.List::copyOf (5 bytes)
Event: 161.309 Thread 0x00000231373efa90 nmethod 8462 0x000002312c12db10 code [0x000002312c12dcc0, 0x000002312c12dd88]
Event: 161.309 Thread 0x00000231373efa90 8463       1       java.util.ImmutableCollections::listCopy (54 bytes)
Event: 161.309 Thread 0x00000231373efa90 nmethod 8463 0x000002312c12d510 code [0x000002312c12d700, 0x000002312c12d9c8]
Event: 162.137 Thread 0x00000231373efa90 8464       1       java.util.concurrent.locks.ReentrantLock::lockInterruptibly (8 bytes)
Event: 162.138 Thread 0x00000231373efa90 nmethod 8464 0x000002312c12cf10 code [0x000002312c12d100, 0x000002312c12d360]
Event: 162.138 Thread 0x00000231373efa90 8465       1       java.util.concurrent.locks.ReentrantLock$Sync::lockInterruptibly (27 bytes)
Event: 162.138 Thread 0x00000231373efa90 nmethod 8465 0x000002312c12c990 code [0x000002312c12cb60, 0x000002312c12cda0]
Event: 162.495 Thread 0x00000231373efa90 8466       1       org.apache.catalina.LifecycleState::isAvailable (5 bytes)
Event: 162.495 Thread 0x00000231373efa90 nmethod 8466 0x000002312c12c690 code [0x000002312c12c820, 0x000002312c12c8f0]
Event: 162.495 Thread 0x00000231373efa90 8467       1       org.apache.catalina.webresources.CachedResource::getNextCheck (5 bytes)
Event: 162.495 Thread 0x00000231373efa90 nmethod 8467 0x000002312c12c390 code [0x000002312c12c520, 0x000002312c12c5f0]
Event: 162.666 Thread 0x00000231373efa90 8468       1       org.apache.kafka.common.message.HeartbeatRequestData::groupInstanceId (5 bytes)
Event: 162.667 Thread 0x00000231373efa90 nmethod 8468 0x000002312c12c090 code [0x000002312c12c220, 0x000002312c12c2f0]
Event: 162.667 Thread 0x00000231373efa90 8469       1       org.apache.kafka.common.requests.HeartbeatRequest::data (5 bytes)
Event: 162.667 Thread 0x00000231373efa90 nmethod 8469 0x000002312c12bd90 code [0x000002312c12bf20, 0x000002312c12bff0]
Event: 162.885 Thread 0x00000231373efa90 8470       1       org.apache.kafka.common.requests.HeartbeatResponse::throttleTimeMs (8 bytes)
Event: 162.886 Thread 0x00000231373efa90 nmethod 8470 0x000002312c12ba90 code [0x000002312c12bc20, 0x000002312c12bcf8]
Event: 162.886 Thread 0x00000231373efa90 8471       1       org.apache.kafka.common.message.HeartbeatResponseData::errorCode (5 bytes)
Event: 162.886 Thread 0x00000231373efa90 nmethod 8471 0x000002312c12b790 code [0x000002312c12b920, 0x000002312c12b9f0]

GC Heap History (20 events):
Event: 3.748 GC heap before
{Heap before GC invocations=17 (full 0):
 garbage-first heap   total 92160K, used 74391K [0x0000000709800000, 0x0000000800000000)
  region size 2048K, 27 young (55296K), 3 survivors (6144K)
 Metaspace       used 59456K, committed 60096K, reserved 1114112K
  class space    used 8286K, committed 8576K, reserved 1048576K
}
Event: 3.751 GC heap after
{Heap after GC invocations=18 (full 0):
 garbage-first heap   total 92160K, used 29211K [0x0000000709800000, 0x0000000800000000)
  region size 2048K, 3 young (6144K), 3 survivors (6144K)
 Metaspace       used 59456K, committed 60096K, reserved 1114112K
  class space    used 8286K, committed 8576K, reserved 1048576K
}
Event: 4.015 GC heap before
{Heap before GC invocations=18 (full 0):
 garbage-first heap   total 92160K, used 76315K [0x0000000709800000, 0x0000000800000000)
  region size 2048K, 27 young (55296K), 3 survivors (6144K)
 Metaspace       used 64344K, committed 65024K, reserved 1114112K
  class space    used 9043K, committed 9344K, reserved 1048576K
}
Event: 4.018 GC heap after
{Heap after GC invocations=19 (full 0):
 garbage-first heap   total 92160K, used 29937K [0x0000000709800000, 0x0000000800000000)
  region size 2048K, 3 young (6144K), 3 survivors (6144K)
 Metaspace       used 64344K, committed 65024K, reserved 1114112K
  class space    used 9043K, committed 9344K, reserved 1048576K
}
Event: 4.317 GC heap before
{Heap before GC invocations=19 (full 0):
 garbage-first heap   total 92160K, used 79089K [0x0000000709800000, 0x0000000800000000)
  region size 2048K, 27 young (55296K), 3 survivors (6144K)
 Metaspace       used 68836K, committed 69504K, reserved 1114112K
  class space    used 9736K, committed 10048K, reserved 1048576K
}
Event: 4.319 GC heap after
{Heap after GC invocations=20 (full 0):
 garbage-first heap   total 110592K, used 30694K [0x0000000709800000, 0x0000000800000000)
  region size 2048K, 3 young (6144K), 3 survivors (6144K)
 Metaspace       used 68836K, committed 69504K, reserved 1114112K
  class space    used 9736K, committed 10048K, reserved 1048576K
}
Event: 4.835 GC heap before
{Heap before GC invocations=20 (full 0):
 garbage-first heap   total 110592K, used 90086K [0x0000000709800000, 0x0000000800000000)
  region size 2048K, 32 young (65536K), 3 survivors (6144K)
 Metaspace       used 74481K, committed 75136K, reserved 1114112K
  class space    used 10610K, committed 10880K, reserved 1048576K
}
Event: 4.838 GC heap after
{Heap after GC invocations=21 (full 0):
 garbage-first heap   total 110592K, used 33407K [0x0000000709800000, 0x0000000800000000)
  region size 2048K, 4 young (8192K), 4 survivors (8192K)
 Metaspace       used 74481K, committed 75136K, reserved 1114112K
  class space    used 10610K, committed 10880K, reserved 1048576K
}
Event: 5.159 GC heap before
{Heap before GC invocations=21 (full 0):
 garbage-first heap   total 110592K, used 90751K [0x0000000709800000, 0x0000000800000000)
  region size 2048K, 32 young (65536K), 4 survivors (8192K)
 Metaspace       used 80432K, committed 81216K, reserved 1179648K
  class space    used 11352K, committed 11712K, reserved 1048576K
}
Event: 5.162 GC heap after
{Heap after GC invocations=22 (full 0):
 garbage-first heap   total 110592K, used 34886K [0x0000000709800000, 0x0000000800000000)
  region size 2048K, 3 young (6144K), 3 survivors (6144K)
 Metaspace       used 80432K, committed 81216K, reserved 1179648K
  class space    used 11352K, committed 11712K, reserved 1048576K
}
Event: 5.583 GC heap before
{Heap before GC invocations=22 (full 0):
 garbage-first heap   total 110592K, used 94278K [0x0000000709800000, 0x0000000800000000)
  region size 2048K, 32 young (65536K), 3 survivors (6144K)
 Metaspace       used 84519K, committed 85312K, reserved 1179648K
  class space    used 12009K, committed 12352K, reserved 1048576K
}
Event: 5.586 GC heap after
{Heap after GC invocations=23 (full 0):
 garbage-first heap   total 110592K, used 37958K [0x0000000709800000, 0x0000000800000000)
  region size 2048K, 4 young (8192K), 4 survivors (8192K)
 Metaspace       used 84519K, committed 85312K, reserved 1179648K
  class space    used 12009K, committed 12352K, reserved 1048576K
}
Event: 5.868 GC heap before
{Heap before GC invocations=23 (full 0):
 garbage-first heap   total 110592K, used 93254K [0x0000000709800000, 0x0000000800000000)
  region size 2048K, 32 young (65536K), 4 survivors (8192K)
 Metaspace       used 89694K, committed 90496K, reserved 1179648K
  class space    used 12525K, committed 12864K, reserved 1048576K
}
Event: 5.871 GC heap after
{Heap after GC invocations=24 (full 0):
 garbage-first heap   total 110592K, used 40410K [0x0000000709800000, 0x0000000800000000)
  region size 2048K, 3 young (6144K), 3 survivors (6144K)
 Metaspace       used 89694K, committed 90496K, reserved 1179648K
  class space    used 12525K, committed 12864K, reserved 1048576K
}
Event: 5.965 GC heap before
{Heap before GC invocations=24 (full 0):
 garbage-first heap   total 110592K, used 67034K [0x0000000709800000, 0x0000000800000000)
  region size 2048K, 17 young (34816K), 3 survivors (6144K)
 Metaspace       used 92332K, committed 93120K, reserved 1179648K
  class space    used 12695K, committed 13056K, reserved 1048576K
}
Event: 5.968 GC heap after
{Heap after GC invocations=25 (full 0):
 garbage-first heap   total 110592K, used 41046K [0x0000000709800000, 0x0000000800000000)
  region size 2048K, 2 young (4096K), 2 survivors (4096K)
 Metaspace       used 92332K, committed 93120K, reserved 1179648K
  class space    used 12695K, committed 13056K, reserved 1048576K
}
Event: 6.279 GC heap before
{Heap before GC invocations=26 (full 0):
 garbage-first heap   total 110592K, used 98390K [0x0000000709800000, 0x0000000800000000)
  region size 2048K, 31 young (63488K), 2 survivors (4096K)
 Metaspace       used 96273K, committed 97088K, reserved 1179648K
  class space    used 13302K, committed 13696K, reserved 1048576K
}
Event: 6.282 GC heap after
{Heap after GC invocations=27 (full 0):
 garbage-first heap   total 110592K, used 41856K [0x0000000709800000, 0x0000000800000000)
  region size 2048K, 2 young (4096K), 2 survivors (4096K)
 Metaspace       used 96273K, committed 97088K, reserved 1179648K
  class space    used 13302K, committed 13696K, reserved 1048576K
}
Event: 102.139 GC heap before
{Heap before GC invocations=27 (full 0):
 garbage-first heap   total 110592K, used 99200K [0x0000000709800000, 0x0000000800000000)
  region size 2048K, 31 young (63488K), 2 survivors (4096K)
 Metaspace       used 100440K, committed 101376K, reserved 1179648K
  class space    used 13908K, committed 14336K, reserved 1048576K
}
Event: 102.142 GC heap after
{Heap after GC invocations=28 (full 0):
 garbage-first heap   total 110592K, used 43138K [0x0000000709800000, 0x0000000800000000)
  region size 2048K, 3 young (6144K), 3 survivors (6144K)
 Metaspace       used 100440K, committed 101376K, reserved 1179648K
  class space    used 13908K, committed 14336K, reserved 1048576K
}

Dll operation events (13 events):
Event: 0.007 Loaded shared library C:\Program Files\Amazon Corretto\jdk21.0.9_10\bin\java.dll
Event: 0.208 Loaded shared library C:\Program Files\Amazon Corretto\jdk21.0.9_10\bin\zip.dll
Event: 0.211 Loaded shared library C:\Program Files\Amazon Corretto\jdk21.0.9_10\bin\instrument.dll
Event: 0.214 Loaded shared library C:\Program Files\Amazon Corretto\jdk21.0.9_10\bin\net.dll
Event: 0.215 Loaded shared library C:\Program Files\Amazon Corretto\jdk21.0.9_10\bin\nio.dll
Event: 0.217 Loaded shared library C:\Program Files\Amazon Corretto\jdk21.0.9_10\bin\zip.dll
Event: 0.326 Loaded shared library C:\Program Files\Amazon Corretto\jdk21.0.9_10\bin\jimage.dll
Event: 0.363 Loaded shared library C:\Program Files\Amazon Corretto\jdk21.0.9_10\bin\management.dll
Event: 0.370 Loaded shared library C:\Program Files\Amazon Corretto\jdk21.0.9_10\bin\management_ext.dll
Event: 0.525 Loaded shared library C:\Program Files\Amazon Corretto\jdk21.0.9_10\bin\extnet.dll
Event: 0.543 Loaded shared library C:\Program Files\Amazon Corretto\jdk21.0.9_10\bin\verify.dll
Event: 1.494 Loaded shared library C:\Program Files\Amazon Corretto\jdk21.0.9_10\bin\sunmscapi.dll
Event: 54.034 Loaded shared library C:\Users\rzara\AppData\Local\Temp\snappy-1.1.10-158ab47c-a141-4af5-a558-406a39da2eb7-snappyjava.dll

Deoptimization events (20 events):
Event: 34.408 Thread 0x000002317d6f3f30 DEOPT PACKING pc=0x000002312c555a94 sp=0x0000004dd54fae30
Event: 34.408 Thread 0x000002317d6f3f30 DEOPT UNPACKING pc=0x000002312c004bc2 sp=0x0000004dd54fa2f8 mode 1
Event: 34.408 Thread 0x000002317d6f3f30 DEOPT PACKING pc=0x000002312cc88874 sp=0x0000004dd54faec0
Event: 34.408 Thread 0x000002317d6f3f30 DEOPT UNPACKING pc=0x000002312c004bc2 sp=0x0000004dd54fa350 mode 1
Event: 34.408 Thread 0x000002317d6f3f30 DEOPT PACKING pc=0x000002312c4f3e59 sp=0x0000004dd54fa360
Event: 34.408 Thread 0x000002317d6f3f30 DEOPT UNPACKING pc=0x000002312c004bc2 sp=0x0000004dd54f97b8 mode 1
Event: 34.408 Thread 0x000002317d6f3f30 DEOPT PACKING pc=0x000002312c4dafac sp=0x0000004dd54fa3f0
Event: 34.408 Thread 0x000002317d6f3f30 DEOPT UNPACKING pc=0x000002312c004bc2 sp=0x0000004dd54f9898 mode 1
Event: 34.408 Thread 0x000002317d6f3f30 DEOPT PACKING pc=0x000002312c555a94 sp=0x0000004dd54fae30
Event: 34.408 Thread 0x000002317d6f3f30 DEOPT UNPACKING pc=0x000002312c004bc2 sp=0x0000004dd54fa2f8 mode 1
Event: 34.408 Thread 0x000002317d6f3f30 DEOPT PACKING pc=0x000002312cc88874 sp=0x0000004dd54faec0
Event: 34.408 Thread 0x000002317d6f3f30 DEOPT UNPACKING pc=0x000002312c004bc2 sp=0x0000004dd54fa350 mode 1
Event: 53.925 Thread 0x000002317d6f3f30 DEOPT PACKING pc=0x000002312c43aebc sp=0x0000004dd54fe120
Event: 53.925 Thread 0x000002317d6f3f30 DEOPT UNPACKING pc=0x000002312c004bc2 sp=0x0000004dd54fd5f0 mode 0
Event: 53.925 Thread 0x000002317d6f3f30 DEOPT PACKING pc=0x000002312cacf984 sp=0x0000004dd54fe250
Event: 53.925 Thread 0x000002317d6f3f30 DEOPT UNPACKING pc=0x000002312c004bc2 sp=0x0000004dd54fd750 mode 0
Event: 53.925 Thread 0x000002317d6f3f30 DEOPT PACKING pc=0x000002312cacaaf4 sp=0x0000004dd54fe3f0
Event: 53.925 Thread 0x000002317d6f3f30 DEOPT UNPACKING pc=0x000002312c004bc2 sp=0x0000004dd54fd8e0 mode 0
Event: 169.475 Thread 0x000002317d6f3f30 DEOPT PACKING pc=0x000002312c43aebc sp=0x0000004dd54fcf80
Event: 169.475 Thread 0x000002317d6f3f30 DEOPT UNPACKING pc=0x000002312c004bc2 sp=0x0000004dd54fc440 mode 0

Classes loaded (20 events):
Event: 6.647 Loading class java/util/Vector$1
Event: 6.647 Loading class java/util/Vector$1 done
Event: 6.955 Loading class java/util/concurrent/locks/ReentrantReadWriteLock$Sync$HoldCounter
Event: 6.955 Loading class java/util/concurrent/locks/ReentrantReadWriteLock$Sync$HoldCounter done
Event: 33.520 Loading class java/util/TreeMap$KeySpliterator
Event: 33.521 Loading class java/util/TreeMap$KeySpliterator done
Event: 34.279 Loading class java/util/zip/CRC32C
Event: 34.279 Loading class java/util/zip/CRC32C done
Event: 34.306 Loading class org/w3c/dom/Node
Event: 34.306 Loading class org/w3c/dom/Node done
Event: 34.306 Loading class org/w3c/dom/Document
Event: 34.307 Loading class org/w3c/dom/Document done
Event: 34.351 Loading class java/util/stream/LongStream
Event: 34.351 Loading class java/util/stream/LongStream done
Event: 34.351 Loading class java/util/stream/DoubleStream
Event: 34.352 Loading class java/util/stream/DoubleStream done
Event: 53.949 Loading class java/util/PriorityQueue
Event: 53.950 Loading class java/util/PriorityQueue done
Event: 53.981 Loading class java/io/FileOutputStream$1
Event: 53.981 Loading class java/io/FileOutputStream$1 done

Classes unloaded (0 events):
No events

Classes redefined (1 events):
Event: 169.499 Thread 0x0000023136a2bca0 redefined class name=bs.experian.orquestador.infrastructure.persistence.solicitud.ProcesadorSolicitudesRepository, count=1

Internal exceptions (20 events):
Event: 5.644 Thread 0x00000231238ab300 Exception <a 'java/lang/NoSuchMethodError'{0x000000070fd12810}: 'long java.lang.invoke.DelegatingMethodHandle$Holder.reinvoke_L(java.lang.Object, java.lang.Object)'> (0x000000070fd12810) 
thrown [s\src\hotspot\share\interpreter\linkResolver.cpp, line 773]
Event: 5.644 Thread 0x00000231238ab300 Exception <a 'java/lang/NoSuchMethodError'{0x000000070fd1dc08}: 'long java.lang.invoke.DirectMethodHandle$Holder.invokeStatic(java.lang.Object, java.lang.Object, int)'> (0x000000070fd1dc08) 
thrown [s\src\hotspot\share\interpreter\linkResolver.cpp, line 773]
Event: 5.645 Thread 0x00000231238ab300 Exception <a 'java/lang/NoSuchMethodError'{0x000000070fd27c40}: 'void java.lang.invoke.DelegatingMethodHandle$Holder.reinvoke_L(java.lang.Object, java.lang.Object, long)'> (0x000000070fd27c40) 
thrown [s\src\hotspot\share\interpreter\linkResolver.cpp, line 773]
Event: 5.645 Thread 0x00000231238ab300 Exception <a 'java/lang/NoSuchMethodError'{0x000000070fd42138}: 'float java.lang.invoke.DirectMethodHandle$Holder.invokeVirtual(java.lang.Object, java.lang.Object)'> (0x000000070fd42138) 
thrown [s\src\hotspot\share\interpreter\linkResolver.cpp, line 773]
Event: 5.646 Thread 0x00000231238ab300 Exception <a 'java/lang/NoSuchMethodError'{0x000000070fd49170}: 'float java.lang.invoke.DelegatingMethodHandle$Holder.reinvoke_L(java.lang.Object, java.lang.Object)'> (0x000000070fd49170) 
thrown [s\src\hotspot\share\interpreter\linkResolver.cpp, line 773]
Event: 5.646 Thread 0x00000231238ab300 Exception <a 'java/lang/NoSuchMethodError'{0x000000070fd5a9b0}: 'float java.lang.invoke.DelegatingMethodHandle$Holder.reinvoke_L(java.lang.Object, java.lang.Object, int)'> (0x000000070fd5a9b0) 
thrown [s\src\hotspot\share\interpreter\linkResolver.cpp, line 773]
Event: 5.646 Thread 0x00000231238ab300 Exception <a 'java/lang/NoSuchMethodError'{0x000000070fd645b8}: 'void java.lang.invoke.DelegatingMethodHandle$Holder.reinvoke_L(java.lang.Object, java.lang.Object, float)'> (0x000000070fd645b8) 
thrown [s\src\hotspot\share\interpreter\linkResolver.cpp, line 773]
Event: 6.025 Thread 0x000002317dc70ec0 Exception <a 'java/lang/NoSuchMethodError'{0x000000070f9ef590}: 'java.lang.Object java.lang.invoke.DirectMethodHandle$Holder.newInvokeSpecial(java.lang.Object, java.lang.Object, long)'> (0x000000070f9ef590) 
thrown [s\src\hotspot\share\interpreter\linkResolver.cpp, line 773]
Event: 6.122 Thread 0x00000231238ab300 Exception <a 'java/lang/NoSuchMethodError'{0x000000070ea4d7d8}: 'java.lang.Object java.lang.invoke.DirectMethodHandle$Holder.newInvokeSpecial(java.lang.Object, java.lang.Object, int, java.lang.Object, java.lang.Object)'> (0x000000070ea4d7d8) 
thrown [s\src\hotspot\share\interpreter\linkResolver.cpp, line 773]
Event: 6.644 Thread 0x000002317dc6c690 Exception <a 'java/lang/NoSuchMethodError'{0x0000000718ef42c8}: 'java.lang.Object java.lang.invoke.DirectMethodHandle$Holder.invokeInterface(java.lang.Object, java.lang.Object, java.lang.Object, java.lang.Object, java.lang.Object, java.lang.Object, java.lang.Object)'> (0x0000000718ef42c8) 
thrown [s\src\hotspot\share\interpreter\linkResolver.cpp, line 773]
Event: 34.046 Thread 0x000002317d6f45c0 Exception <a 'java/lang/NoSuchMethodError'{0x000000070f867620}: 'java.lang.Object java.lang.invoke.DirectMethodHandle$Holder.newInvokeSpecial(java.lang.Object, int, java.lang.Object, java.lang.Object)'> (0x000000070f867620) 
thrown [s\src\hotspot\share\interpreter\linkResolver.cpp, line 773]
Event: 34.046 Thread 0x000002317d6f2b80 Exception <a 'java/lang/NoSuchMethodError'{0x000000070f817840}: 'java.lang.Object java.lang.invoke.DirectMethodHandle$Holder.newInvokeSpecial(java.lang.Object, int, java.lang.Object, java.lang.Object)'> (0x000000070f817840) 
thrown [s\src\hotspot\share\interpreter\linkResolver.cpp, line 773]
Event: 34.282 Thread 0x000002317d6f3f30 Exception <a 'java/lang/IncompatibleClassChangeError'{0x000000070f6ae590}: Found class java.lang.Object, but interface was expected> (0x000000070f6ae590) 
thrown [s\src\hotspot\share\interpreter\linkResolver.cpp, line 840]
Event: 34.372 Thread 0x000002317d6f3f30 Exception <a 'java/lang/NoSuchMethodError'{0x000000070e80f6d8}: 'void java.lang.invoke.DirectMethodHandle$Holder.invokeSpecialIFC(java.lang.Object, java.lang.Object, int, java.lang.Object, java.lang.Object, java.lang.Object, java.lang.Object)'> (0x000000070e80f6d8) 
thrown [s\src\hotspot\share\interpreter\linkResolver.cpp, line 773]
Event: 53.885 Thread 0x000002317d6f3f30 Exception <a 'java/lang/NoSuchMethodError'{0x000000070dd0afc8}: 'int java.lang.invoke.DirectMethodHandle$Holder.invokeStatic(java.lang.Object, java.lang.Object, int, int)'> (0x000000070dd0afc8) 
thrown [s\src\hotspot\share\interpreter\linkResolver.cpp, line 773]
Event: 53.962 Thread 0x000002317d6f3f30 Exception <a 'java/lang/NoSuchMethodError'{0x000000070d466350}: 'double java.lang.invoke.DirectMethodHandle$Holder.invokeStatic(java.lang.Object, java.lang.Object, java.lang.Object, long)'> (0x000000070d466350) 
thrown [s\src\hotspot\share\interpreter\linkResolver.cpp, line 773]
Event: 53.964 Thread 0x000002317d6f3f30 Exception <a 'java/lang/NoSuchMethodError'{0x000000070d4a1a20}: 'void java.lang.invoke.DirectMethodHandle$Holder.invokeSpecial(java.lang.Object, java.lang.Object, java.lang.Object, java.lang.Object, java.lang.Object, java.lang.Object, java.lang.Object, java.lang.Object, java.lang.Object)'> (0x000000070d4a1a20) 
thrown [s\src\hotspot\share\interpreter\linkResolver.cpp, line 773]
Event: 54.051 Thread 0x0000023105494540 Exception <a 'java/lang/NoSuchMethodError'{0x000000070d3a2f20}: 'java.lang.Object java.lang.invoke.DirectMethodHandle$Holder.newInvokeSpecial(java.lang.Object, java.lang.Object, java.lang.Object, java.lang.Object, int, long, java.lang.Object)'> (0x000000070d3a2f20) 
thrown [s\src\hotspot\share\interpreter\linkResolver.cpp, line 773]
Event: 54.054 Thread 0x000002317d6f3f30 Exception <a 'java/lang/NoSuchMethodError'{0x000000070d2d06d0}: 'void java.lang.invoke.DirectMethodHandle$Holder.invokeVirtual(java.lang.Object, java.lang.Object, java.lang.Object, java.lang.Object, java.lang.Object, java.lang.Object)'> (0x000000070d2d06d0) 
thrown [s\src\hotspot\share\interpreter\linkResolver.cpp, line 773]
Event: 54.054 Thread 0x000002317d6f3f30 Exception <a 'java/lang/NoSuchMethodError'{0x000000070d2d4328}: 'void java.lang.invoke.DelegatingMethodHandle$Holder.reinvoke_L(java.lang.Object, java.lang.Object, java.lang.Object, java.lang.Object, java.lang.Object, java.lang.Object)'> (0x000000070d2d4328) 
thrown [s\src\hotspot\share\interpreter\linkResolver.cpp, line 773]

ZGC Phase Switch (0 events):
No events

VM Operations (20 events):
Event: 120.223 Executing VM operation: RendezvousGCThreads
Event: 120.223 Executing VM operation: RendezvousGCThreads done
Event: 156.283 Executing VM operation: Cleanup
Event: 156.283 Executing VM operation: Cleanup done
Event: 161.301 Executing VM operation: Cleanup
Event: 161.301 Executing VM operation: Cleanup done
Event: 162.301 Executing VM operation: Cleanup
Event: 162.301 Executing VM operation: Cleanup done
Event: 169.474 Executing VM operation: ChangeSingleStep
Event: 169.474 Executing VM operation: ChangeSingleStep done
Event: 169.475 Executing VM operation: ChangeSingleStep
Event: 169.475 Executing VM operation: ChangeSingleStep done
Event: 169.491 Executing VM operation: RedefineClasses
Event: 169.522 Executing VM operation: RedefineClasses done
Event: 169.545 Executing VM operation: ChangeBreakpoints
Event: 169.548 Executing VM operation: ChangeBreakpoints done
Event: 169.548 Executing VM operation: ChangeBreakpoints
Event: 169.551 Executing VM operation: ChangeBreakpoints done
Event: 169.560 Executing VM operation: ChangeSingleStep
Event: 169.560 Executing VM operation: ChangeSingleStep done

Memory protections (0 events):
No events

Nmethod flushes (20 events):
Event: 5.985 Thread 0x0000023136a2bca0 flushing  nmethod 0x000002312c638a90
Event: 5.985 Thread 0x0000023136a2bca0 flushing  nmethod 0x000002312c638d90
Event: 5.985 Thread 0x0000023136a2bca0 flushing  nmethod 0x000002312c639e90
Event: 5.985 Thread 0x0000023136a2bca0 flushing  nmethod 0x000002312c63a190
Event: 5.985 Thread 0x0000023136a2bca0 flushing  nmethod 0x000002312c63ac10
Event: 5.985 Thread 0x0000023136a2bca0 flushing  nmethod 0x000002312c63af10
Event: 5.985 Thread 0x0000023136a2bca0 flushing  nmethod 0x000002312c63b290
Event: 5.985 Thread 0x0000023136a2bca0 flushing  nmethod 0x000002312c669b10
Event: 5.985 Thread 0x0000023136a2bca0 flushing  nmethod 0x000002312c68b710
Event: 5.985 Thread 0x0000023136a2bca0 flushing  nmethod 0x000002312c68bf10
Event: 5.985 Thread 0x0000023136a2bca0 flushing  nmethod 0x000002312c6a2290
Event: 5.985 Thread 0x0000023136a2bca0 flushing  nmethod 0x000002312c6da590
Event: 5.985 Thread 0x0000023136a2bca0 flushing  nmethod 0x000002312c6dc910
Event: 5.985 Thread 0x0000023136a2bca0 flushing  nmethod 0x000002312c6de010
Event: 5.985 Thread 0x0000023136a2bca0 flushing  nmethod 0x000002312c992910
Event: 5.985 Thread 0x0000023136a2bca0 flushing  nmethod 0x000002312ca13490
Event: 5.985 Thread 0x0000023136a2bca0 flushing  nmethod 0x000002312ca13910
Event: 5.985 Thread 0x0000023136a2bca0 flushing  nmethod 0x000002312ca7cb10
Event: 5.985 Thread 0x0000023136a2bca0 flushing  nmethod 0x000002312cb84810
Event: 5.985 Thread 0x0000023136a2bca0 flushing  nmethod 0x000002312cb84b90

Events (20 events):
Event: 17.138 Thread 0x00000231375662f0 Thread exited: 0x00000231375662f0
Event: 17.776 Thread 0x000002313755f550 Thread exited: 0x000002313755f550
Event: 22.776 Thread 0x00000231374aab90 Thread exited: 0x00000231374aab90
Event: 39.531 Thread 0x00000231373efa90 Thread added: 0x00000231238bb300
Event: 41.024 Thread 0x00000231238bb300 Thread exited: 0x00000231238bb300
Event: 50.622 Thread 0x00000231373efa90 Thread added: 0x00000231238bb300
Event: 52.634 Thread 0x00000231238bb300 Thread exited: 0x00000231238bb300
Event: 53.939 Thread 0x00000231373efa90 Thread added: 0x0000023100f52580
Event: 53.962 Thread 0x000002317d6f3f30 Thread added: 0x0000023105494540
Event: 54.061 Thread 0x0000023100f52580 Thread added: 0x0000023137483db0
Event: 57.138 Thread 0x0000023137483db0 Thread exited: 0x0000023137483db0
Event: 57.142 Thread 0x0000023100f52580 Thread exited: 0x0000023100f52580
Event: 64.121 Thread 0x000002317dc701a0 Thread exited: 0x000002317dc701a0
Event: 91.007 Thread 0x0000023105496ca0 Thread exited: 0x0000023105496ca0
Event: 91.008 Thread 0x000002317dc6b970 Thread exited: 0x000002317dc6b970
Event: 91.008 Thread 0x0000023105493eb0 Thread exited: 0x0000023105493eb0
Event: 91.008 Thread 0x0000023105496610 Thread exited: 0x0000023105496610
Event: 91.014 Thread 0x0000023105494bd0 Thread exited: 0x0000023105494bd0
Event: 91.014 Thread 0x0000023105495260 Thread exited: 0x0000023105495260
Event: 91.014 Thread 0x0000023105495f80 Thread exited: 0x0000023105495f80


Dynamic libraries:
0x00007ff659d40000 - 0x00007ff659d4e000 	C:\Program Files\Amazon Corretto\jdk21.0.9_10\bin\javaw.exe
0x00007ffd4c4a0000 - 0x00007ffd4c707000 	C:\Windows\SYSTEM32\ntdll.dll
0x00007ffd4b9e0000 - 0x00007ffd4baa9000 	C:\Windows\System32\KERNEL32.DLL
0x00007ffd48ef0000 - 0x00007ffd492e1000 	C:\Windows\System32\KERNELBASE.dll
0x00007ffd49450000 - 0x00007ffd4959b000 	C:\Windows\System32\ucrtbase.dll
0x00007ffd32a60000 - 0x00007ffd32a78000 	C:\Program Files\Amazon Corretto\jdk21.0.9_10\bin\jli.dll
0x00007ffd32a80000 - 0x00007ffd32a9e000 	C:\Program Files\Amazon Corretto\jdk21.0.9_10\bin\VCRUNTIME140.dll
0x00007ffd4a780000 - 0x00007ffd4a945000 	C:\Windows\System32\USER32.dll
0x00007ffd492f0000 - 0x00007ffd49317000 	C:\Windows\System32\win32u.dll
0x00007ffd35250000 - 0x00007ffd354e3000 	C:\Windows\WinSxS\amd64_microsoft.windows.common-controls_6595b64144ccf1df_6.0.26100.8037_none_3e092faae333b53b\COMCTL32.dll
0x00007ffd4c430000 - 0x00007ffd4c45b000 	C:\Windows\System32\GDI32.dll
0x00007ffd4a5d0000 - 0x00007ffd4a679000 	C:\Windows\System32\msvcrt.dll
0x00007ffd49320000 - 0x00007ffd4944b000 	C:\Windows\System32\gdi32full.dll
0x00007ffd4a0e0000 - 0x00007ffd4a183000 	C:\Windows\System32\msvcp_win.dll
0x00007ffd4b9a0000 - 0x00007ffd4b9d1000 	C:\Windows\System32\IMM32.DLL
0x00007ffd2d820000 - 0x00007ffd2d82c000 	C:\Program Files\Amazon Corretto\jdk21.0.9_10\bin\vcruntime140_1.dll
0x00007ffcf6950000 - 0x00007ffcf69d9000 	C:\Program Files\Amazon Corretto\jdk21.0.9_10\bin\msvcp140.dll
0x00007ffce4260000 - 0x00007ffce5007000 	C:\Program Files\Amazon Corretto\jdk21.0.9_10\bin\server\jvm.dll
0x00007ffd4bfb0000 - 0x00007ffd4c06b000 	C:\Windows\System32\ADVAPI32.dll
0x00007ffd4b7f0000 - 0x00007ffd4b897000 	C:\Windows\System32\sechost.dll
0x00007ffd4c290000 - 0x00007ffd4c3a8000 	C:\Windows\System32\RPCRT4.dll
0x00007ffd4c210000 - 0x00007ffd4c284000 	C:\Windows\System32\WS2_32.dll
0x00007ffd48be0000 - 0x00007ffd48c3e000 	C:\Windows\SYSTEM32\POWRPROF.dll
0x00007ffd3ed60000 - 0x00007ffd3ed95000 	C:\Windows\SYSTEM32\WINMM.dll
0x00007ffd41880000 - 0x00007ffd4188b000 	C:\Windows\SYSTEM32\VERSION.dll
0x00007ffd48bc0000 - 0x00007ffd48bd4000 	C:\Windows\SYSTEM32\UMPDC.dll
0x00007ffd47b10000 - 0x00007ffd47b2b000 	C:\Windows\SYSTEM32\kernel.appcore.dll
0x00007ffd2d810000 - 0x00007ffd2d81a000 	C:\Program Files\Amazon Corretto\jdk21.0.9_10\bin\jimage.dll
0x00007ffd3dbe0000 - 0x00007ffd3de22000 	C:\Windows\SYSTEM32\DBGHELP.DLL
0x00007ffd4bab0000 - 0x00007ffd4be32000 	C:\Windows\System32\combase.dll
0x00007ffd4bed0000 - 0x00007ffd4bfa7000 	C:\Windows\System32\OLEAUT32.dll
0x00007ffd30080000 - 0x00007ffd300bb000 	C:\Windows\SYSTEM32\dbgcore.DLL
0x00007ffd4a190000 - 0x00007ffd4a235000 	C:\Windows\System32\bcryptPrimitives.dll
0x00007ffd324e0000 - 0x00007ffd3251c000 	C:\Program Files\Amazon Corretto\jdk21.0.9_10\bin\jdwp.dll
0x00007ffd33520000 - 0x00007ffd33530000 	C:\Program Files\Amazon Corretto\jdk21.0.9_10\bin\instrument.dll
0x00007ffd10810000 - 0x00007ffd10831000 	C:\Program Files\Amazon Corretto\jdk21.0.9_10\bin\java.dll
0x00007ffd4ab70000 - 0x00007ffd4b2cf000 	C:\Windows\System32\SHELL32.dll
0x00007ffd48d80000 - 0x00007ffd48eea000 	C:\Windows\System32\wintypes.dll
0x00007ffd49660000 - 0x00007ffd49ec4000 	C:\Windows\System32\windows.storage.dll
0x00007ffd4a680000 - 0x00007ffd4a777000 	C:\Windows\System32\SHCORE.dll
0x00007ffd4a420000 - 0x00007ffd4a487000 	C:\Windows\System32\shlwapi.dll
0x00007ffd48ca0000 - 0x00007ffd48cc9000 	C:\Windows\SYSTEM32\profapi.dll
0x00007ffd32560000 - 0x00007ffd3256c000 	C:\Program Files\Amazon Corretto\jdk21.0.9_10\bin\dt_socket.dll
0x00007ffd475b0000 - 0x00007ffd475e3000 	C:\Windows\SYSTEM32\IPHLPAPI.DLL
0x00007ffd48080000 - 0x00007ffd480eb000 	C:\Windows\system32\mswsock.dll
0x00007ffd475f0000 - 0x00007ffd4771a000 	C:\Windows\SYSTEM32\DNSAPI.dll
0x00007ffd4a530000 - 0x00007ffd4a53a000 	C:\Windows\System32\NSI.dll
0x00007ffd41490000 - 0x00007ffd4149b000 	C:\Windows\System32\rasadhlp.dll
0x00007ffd43160000 - 0x00007ffd431e6000 	C:\Windows\System32\fwpuclnt.dll
0x00007ffd03770000 - 0x00007ffd03788000 	C:\Program Files\Amazon Corretto\jdk21.0.9_10\bin\zip.dll
0x00007ffd0f920000 - 0x00007ffd0f931000 	C:\Program Files\Amazon Corretto\jdk21.0.9_10\bin\net.dll
0x00007ffd414a0000 - 0x00007ffd415c7000 	C:\Windows\SYSTEM32\WINHTTP.dll
0x00007ffd0d520000 - 0x00007ffd0d536000 	C:\Program Files\Amazon Corretto\jdk21.0.9_10\bin\nio.dll
0x00007ffd2d800000 - 0x00007ffd2d80a000 	C:\Program Files\Amazon Corretto\jdk21.0.9_10\bin\management.dll
0x00007ffd28d90000 - 0x00007ffd28d9c000 	C:\Program Files\Amazon Corretto\jdk21.0.9_10\bin\management_ext.dll
0x00007ffd4c410000 - 0x00007ffd4c418000 	C:\Windows\System32\PSAPI.DLL
0x00007ffd2c530000 - 0x00007ffd2c548000 	C:\Windows\system32\napinsp.dll
0x00007ffd2c510000 - 0x00007ffd2c522000 	C:\Windows\System32\winrnr.dll
0x00007ffd2c4e0000 - 0x00007ffd2c502000 	C:\Windows\system32\nlansp_c.dll
0x00007ffd40a10000 - 0x00007ffd40a26000 	C:\Windows\system32\wshbth.dll
0x00007ffd48370000 - 0x00007ffd4838b000 	C:\Windows\SYSTEM32\CRYPTSP.dll
0x00007ffd47a70000 - 0x00007ffd47aa9000 	C:\Windows\system32\rsaenh.dll
0x00007ffd48130000 - 0x00007ffd48162000 	C:\Windows\SYSTEM32\USERENV.dll
0x00007ffd48c70000 - 0x00007ffd48c9a000 	C:\Windows\SYSTEM32\bcrypt.dll
0x00007ffd48360000 - 0x00007ffd4836c000 	C:\Windows\SYSTEM32\CRYPTBASE.dll
0x00007ffd27c10000 - 0x00007ffd27c19000 	C:\Program Files\Amazon Corretto\jdk21.0.9_10\bin\extnet.dll
0x00007ffd32550000 - 0x00007ffd32560000 	C:\Program Files\Amazon Corretto\jdk21.0.9_10\bin\verify.dll
0x00007ffd27840000 - 0x00007ffd2784e000 	C:\Program Files\Amazon Corretto\jdk21.0.9_10\bin\sunmscapi.dll
0x00007ffd49ed0000 - 0x00007ffd4a047000 	C:\Windows\System32\CRYPT32.dll
0x00007ffd48580000 - 0x00007ffd485b0000 	C:\Windows\SYSTEM32\ncrypt.dll
0x00007ffd48530000 - 0x00007ffd4856f000 	C:\Windows\SYSTEM32\NTASN1.dll
0x00007ffd33f60000 - 0x00007ffd33f68000 	C:\Windows\system32\wshunix.dll
0x0000000070fc0000 - 0x000000007108f000 	C:\Users\rzara\AppData\Local\Temp\snappy-1.1.10-158ab47c-a141-4af5-a558-406a39da2eb7-snappyjava.dll

JVMTI agents:
jdwp path:C:\Program Files\Amazon Corretto\jdk21.0.9_10\bin\jdwp.dll, loaded, initialized, options:transport=dt_socket,suspend=y,address=localhost:61747
C:\eclipse\configuration\org.eclipse.osgi\1082\0\.cp\lib\javaagent-shaded.jar path:C:\Program Files\Amazon Corretto\jdk21.0.9_10\bin\instrument.dll, loaded, initialized, instrumentlib options:none

dbghelp: loaded successfully - version: 4.0.5 - missing functions: none
symbol engine: initialized successfully - sym options: 0x614 - pdb path: .;C:\Program Files\Amazon Corretto\jdk21.0.9_10\bin;C:\Windows\SYSTEM32;C:\Windows\WinSxS\amd64_microsoft.windows.common-controls_6595b64144ccf1df_6.0.26100.8037_none_3e092faae333b53b;C:\Program Files\Amazon Corretto\jdk21.0.9_10\bin\server;C:\Users\rzara\AppData\Local\Temp

VM Arguments:
jvm_args: -XX:+ShowCodeDetailsInExceptionMessages -agentlib:jdwp=transport=dt_socket,suspend=y,address=localhost:61747 -Dcom.sun.management.jmxremote -Dcom.sun.management.jmxremote.port=61746 -Dcom.sun.management.jmxremote.authenticate=false -Dcom.sun.management.jmxremote.ssl=false -Djava.rmi.server.hostname=localhost -Dspring.jmx.enabled=true -Dmanagement.endpoints.jmx.exposure.include=* -Dspring.application.admin.enabled=true -Dspring.profiles.active=local -Dspring.output.ansi.enabled=always -XX:TieredStopAtLevel=1 -Dspring.boot.project.name=experian-orquestador -javaagent:C:\eclipse\configuration\org.eclipse.osgi\1082\0\.cp\lib\javaagent-shaded.jar -Dfile.encoding=UTF-8 -Dstdout.encoding=UTF-8 -Dstderr.encoding=UTF-8 
java_command: bs.experian.orquestador.ExperianOrquestadorApplication
java_class_path (initial): C:\Users\rzara\eclipse-workspace\experian-orquestador\target\classes;C:\Users\rzara\.m2\repository\org\springframework\boot\spring-boot-starter-data-jpa\3.5.11\spring-boot-starter-data-jpa-3.5.11.jar;C:\Users\rzara\.m2\repository\org\springframework\boot\spring-boot-starter-jdbc\3.5.11\spring-boot-starter-jdbc-3.5.11.jar;C:\Users\rzara\.m2\repository\com\zaxxer\HikariCP\6.3.3\HikariCP-6.3.3.jar;C:\Users\rzara\.m2\repository\org\springframework\spring-jdbc\6.2.16\spring-jdbc-6.2.16.jar;C:\Users\rzara\.m2\repository\org\hibernate\orm\hibernate-core\6.6.42.Final\hibernate-core-6.6.42.Final.jar;C:\Users\rzara\.m2\repository\jakarta\persistence\jakarta.persistence-api\3.1.0\jakarta.persistence-api-3.1.0.jar;C:\Users\rzara\.m2\repository\jakarta\transaction\jakarta.transaction-api\2.0.1\jakarta.transaction-api-2.0.1.jar;C:\Users\rzara\.m2\repository\org\jboss\logging\jboss-logging\3.6.2.Final\jboss-logging-3.6.2.Final.jar;C:\Users\rzara\.m2\repository\org\hibernate\common\hibernate-commons-annotations\7.0.3.Final\hibernate-commons-annotations-7.0.3.Final.jar;C:\Users\rzara\.m2\repository\io\smallrye\jandex\3.2.0\jandex-3.2.0.jar;C:\Users\rzara\.m2\repository\com\fasterxml\classmate\1.7.3\classmate-1.7.3.jar;C:\Users\rzara\.m2\repository\net\bytebuddy\byte-buddy\1.17.8\byte-buddy-1.17.8.jar;C:\Users\rzara\.m2\repository\org\glassfish\jaxb\jaxb-runtime\4.0.6\jaxb-runtime-4.0.6.jar;C:\Users\rzara\.m2\repository\org\glassfish\jaxb\jaxb-core\4.0.6\jaxb-core-4.0.6.jar;C:\Users\rzara\.m2\repository\org\eclipse\angus\angus-activation\2.0.3\angus-activation-2.0.3.jar;C:\Users\rzara\.m2\repository\org\glassfish\jaxb\txw2\4.0.6\txw2-4.0.6.jar;C:\Users\rzara\.m2\repository\com\sun\istack\istack-commons-runtime\4.1.2\istack-commons-runtime-4.1.2.jar;C:\Users\rzara\.m2\repository\jakarta\inject\jakarta.inject-api\2.0.1\jakarta.inject-api-2.0.1.jar;C:\Users\rzara\.m2\repository\org\antlr\antlr4-runtime\4.13.0\antlr4-runtime-4.13.0.jar;C:\Users\rzara\.m2\repository\org\springframework\data\spring-data-jpa\3.5.9\spring-data-jpa-3.5.9.jar;C:\Users\rzara\.m2\repository\org\springframework\data\spring-data-commons\3.5.9\spring-data-commons-3.5.9.jar;C:\Users\rzara\.m2\repository\org\springframework\spring-orm\6.2.16\spring-orm-6.2.16.jar;C:\Users\rzara\.m2\repository\org\springframework\spring-aop\6.2.16\spring-aop-6.2.16.jar;C:\Users\rzara\.m2\repository\org\springframework\spring-beans\6.2.16\spring-beans-6.2.16.jar;C:\Users\rzara\.m2\repository\org\slf4j\slf4j-api\2.0.17\slf4j-api-2.0.17.jar;C:\Users\rzara\.m2\repository\org\springframework\spring-aspects\6.2.16\spring-aspects-6.2.16.jar;C:\Users\rzara\.m2\repository\org\aspectj\aspectjweaver\1.9.25.1\aspectjweaver-1.9.25.1.jar;C:\Users\rzara\.m2\repository\org\springframework\boot\spring-boot-starter-web\3.5.11\spring-boot-starter-web-3.5.11.jar;C:\Users\rzara\.m2\repository\org\springframework\boot\spring-boot-starter-json\3.5.11\spring-boot-starter-json-3.5.11.jar;C:\Users\rzara\.m2\repository\com\fasterxml\jackson\core\jackson-databind\2.19.4\jackson-databind-2.19.4.jar;C:\Users\rzara\.m2\repository\com\fasterxml\jackson\core\jackson-annotations\2.19.4\jackson-annotations-2.19.4.jar;C:\Users\rzara\.m2\repository\com\fasterxml\jackson\core\jackson-core\2.19.4\jackson-core-2.19.4.jar;C:\Users\rzara\.m2\repository\com\fasterxml\jackson\datatype\jackson-datatype-jdk8\2.19.4\jackson-datatype-jdk8-2.19.4.jar;C:\Users\rzara\.m2\repository\com\fasterxml\jackson\datatype\jackson-datatype-jsr310\2.19.4\jackson-datatype-jsr310-2.19.4.jar;C:\Users\rzara\.m2\repository\com\fasterxml\jackson\module\jackson-module-parameter-names\2.19.4\jackson-module-parameter-names-2.19.4.jar;C:\Users\rzara\.m2\repository\org\springframework\boot\spring-boot-starter-tomcat\3.5.11\spring-boot-starter-tomcat-3.5.11.jar;C:\Users\rzara\.m2\repository\org\apache\tomcat\embed\tomcat-embed-core\10.1.52\tomcat-embed-core-10.1.52.jar;C:\Users\rzara\.m2\repository\org\apache\tomcat\embed\tomcat-embed-websocket\10.1.52\tomcat-embed-websocket-10.1.52.jar;C:\Users\rzara\.m2\repository\org\springframework\spring-web\6.2.16\spring-web-6.2.16.jar;C:\Users\rzara\.m2\repository\org\springframework\spring-webmvc\6.2.16\spring-webmvc-6.2.16.jar;C:\Users\rzara\.m2\repository\org\springframework\spring-expression\6.2.16\spring-expression-6.2.16.jar;C:\Users\rzara\.m2\repository\org\springframework\boot\spring-boot-starter-webflux\3.5.11\spring-boot-starter-webflux-3.5.11.jar;C:\Users\rzara\.m2\repository\org\springframework\boot\spring-boot-starter-reactor-netty\3.5.11\spring-boot-starter-reactor-netty-3.5.11.jar;C:\Users\rzara\.m2\repository\io\projectreactor\netty\reactor-netty-http\1.2.15\reactor-netty-http-1.2.15.jar;C:\Users\rzara\.m2\repository\io\netty\netty-codec-http\4.1.131.Final\netty-codec-http-4.1.131.Final.jar;C:\Users\rzara\.m2\repository\io\netty\netty-codec-http2\4.1.131.Final\netty-codec-http2-4.1.131.Final.jar;C:\Users\rzara\.m2\repository\io\netty\netty-resolver-dns\4.1.131.Final\netty-resolver-dns-4.1.131.Final.jar;C:\Users\rzara\.m2\repository\io\netty\netty-codec-dns\4.1.131.Final\netty-codec-dns-4.1.131.Final.jar;C:\Users\rzara\.m2\repository\io\netty\netty-resolver-dns-native-macos\4.1.131.Final\netty-resolver-dns-native-macos-4.1.131.Final-osx-x86_64.jar;C:\Users\rzara\.m2\repository\io\netty\netty-resolver-dns-classes-macos\4.1.131.Final\netty-resolver-dns-classes-macos-4.1.131.Final.jar;C:\Users\rzara\.m2\repository\io\netty\netty-transport-native-epoll\4.1.131.Final\netty-transport-native-epoll-4.1.131.Final-linux-x86_64.jar;C:\Users\rzara\.m2\repository\io\projectreactor\netty\reactor-netty-core\1.2.15\reactor-netty-core-1.2.15.jar;C:\Users\rzara\.m2\repository\io\netty\netty-handler-proxy\4.1.131.Final\netty-handler-proxy-4.1.131.Final.jar;C:\Users\rzara\.m2\repository\io\netty\netty-codec-socks\4.1.131.Final\netty-codec-socks-4.1.131.Final.jar;C:\Users\rzara\.m2\repository\org\springframework\spring-webflux\6.2.16\spring-webflux-6.2.16.jar;C:\Users\rzara\.m2\repository\com\oracle\database\jdbc\ojdbc11\23.7.0.25.01\ojdbc11-23.7.0.25.01.jar;C:\Users\rzara\.m2\repository\org\projectlombok\lombok\1.18.42\lombok-1.18.42.jar;C:\Users\rzara\.m2\repository\jakarta\xml\bind\jakarta.xml.bind-api\4.0.4\jakarta.xml.bind-api-4.0.4.jar;C:\Users\rzara\.m2\repository\jakarta\activation\jakarta.activation-api\2.1.4\jakarta.activation-api-2.1.4.jar;C:\Users\rzara\.m2\repository\org\springframework\spring-core\6.2.16\spring-core-6.2.16.jar;C:\Users\rzara\.m2\repository\org\springframework\spring-jcl\6.2.16\spring-jcl-6.2.16.jar;C:\Users\rzara\.m2\repository\io\projectreactor\reactor-core\3.7.16\reactor-core-3.7.16.jar;C:\Users\rzara\.m2\repository\org\reactivestreams\reactive-streams\1.0.4\reactive-streams-1.0.4.jar;C:\Users\rzara\.m2\repository\org\springframework\boot\spring-boot-configuration-processor\3.5.11\spring-boot-configuration-processor-3.5.11.jar;C:\Users\rzara\.m2\repository\org\mapstruct\mapstruct\1.6.3\mapstruct-1.6.3.jar;C:\Users\rzara\.m2\repository\org\projectlombok\lombok-mapstruct-binding\0.2.0\lombok-mapstruct-binding-0.2.0.jar;C:\Users\rzara\.m2\repository\org\springframework\boot\spring-boot-starter-validation\3.5.11\spring-boot-starter-validation-3.5.11.jar;C:\Users\rzara\.m2\repository\org\apache\tomcat\embed\tomcat-embed-el\10.1.52\tomcat-embed-el-10.1.52.jar;C:\Users\rzara\.m2\repository\org\hibernate\validator\hibernate-validator\8.0.3.Final\hibernate-validator-8.0.3.Final.jar;C:\Users\rzara\.m2\repository\jakarta\validation\jakarta.validation-api\3.0.2\jakarta.validation-api-3.0.2.jar;C:\Users\rzara\.m2\repository\org\springframework\boot\spring-boot-starter\3.5.11\spring-boot-starter-3.5.11.jar;C:\Users\rzara\.m2\repository\org\springframework\boot\spring-boot\3.5.11\spring-boot-3.5.11.jar;C:\Users\rzara\.m2\repository\org\springframework\boot\spring-boot-autoconfigure\3.5.11\spring-boot-autoconfigure-3.5.11.jar;C:\Users\rzara\.m2\repository\org\springframework\boot\spring-boot-starter-logging\3.5.11\spring-boot-starter-logging-3.5.11.jar;C:\Users\rzara\.m2\repository\ch\qos\logback\logback-classic\1.5.32\logback-classic-1.5.32.jar;C:\Users\rzara\.m2\repository\org\apache\logging\log4j\log4j-to-slf4j\2.24.3\log4j-to-slf4j-2.24.3.jar;C:\Users\rzara\.m2\repository\org\apache\logging\log4j\log4j-api\2.24.3\log4j-api-2.24.3.jar;C:\Users\rzara\.m2\repository\org\slf4j\jul-to-slf4j\2.0.17\jul-to-slf4j-2.0.17.jar;C:\Users\rzara\.m2\repository\jakarta\annotation\jakarta.annotation-api\2.1.1\jakarta.annotation-api-2.1.1.jar;C:\Users\rzara\.m2\repository\org\yaml\snakeyaml\2.4\snakeyaml-2.4.jar;C:\Users\rzara\.m2\repository\org\springframework\kafka\spring-kafka\3.3.13\spring-kafka-3.3.13.jar;C:\Users\rzara\.m2\repository\org\springframework\spring-context\6.2.16\spring-context-6.2.16.jar;C:\Users\rzara\.m2\repository\org\springframework\spring-messaging\6.2.16\spring-messaging-6.2.16.jar;C:\Users\rzara\.m2\repository\org\springframework\spring-tx\6.2.16\spring-tx-6.2.16.jar;C:\Users\rzara\.m2\repository\org\springframework\retry\spring-retry\2.0.12\spring-retry-2.0.12.jar;C:\Users\rzara\.m2\repository\org\apache\kafka\kafka-clients\3.9.1\kafka-clients-3.9.1.jar;C:\Users\rzara\.m2\repository\com\github\luben\zstd-jni\1.5.6-4\zstd-jni-1.5.6-4.jar;C:\Users\rzara\.m2\repository\org\lz4\lz4-java\1.8.0\lz4-java-1.8.0.jar;C:\Users\rzara\.m2\repository\org\xerial\snappy\snappy-java\1.1.10.5\snappy-java-1.1.10.5.jar;C:\Users\rzara\.m2\repository\io\micrometer\micrometer-observation\1.15.9\micrometer-observation-1.15.9.jar;C:\Users\rzara\.m2\repository\io\micrometer\micrometer-commons\1.15.9\micrometer-commons-1.15.9.jar;C:\Users\rzara\.m2\repository\io\netty\netty-handler\4.1.131.Final\netty-handler-4.1.131.Final.jar;C:\Users\rzara\.m2\repository\io\netty\netty-common\4.1.131.Final\netty-common-4.1.131.Final.jar;C:\Users\rzara\.m2\repository\io\netty\netty-resolver\4.1.131.Final\netty-resolver-4.1.131.Final.jar;C:\Users\rzara\.m2\repository\io\netty\netty-buffer\4.1.131.Final\netty-buffer-4.1.131.Final.jar;C:\Users\rzara\.m2\repository\io\netty\netty-transport\4.1.131.Final\netty-transport-4.1.131.Final.jar;C:\Users\rzara\.m2\repository\io\netty\netty-transport-native-unix-common\4.1.131.Final\netty-transport-native-unix-common-4.1.131.Final.jar;C:\Users\rzara\.m2\repository\io\netty\netty-codec\4.1.131.Final\netty-codec-4.1.131.Final.jar;C:\Users\rzara\.m2\repository\io\netty\netty-transport-classes-epoll\4.1.131.Final\netty-transport-classes-epoll-4.1.131.Final.jar;C:\Users\rzara\.m2\repository\ch\qos\logback\logback-core\1.5.32\logback-core-1.5.32.jar
Launcher Type: SUN_STANDARD

[Global flags]
     intx CICompilerCount                          = 12                                        {product} {ergonomic}
     uint ConcGCThreads                            = 3                                         {product} {ergonomic}
     uint G1ConcRefinementThreads                  = 13                                        {product} {ergonomic}
   size_t G1HeapRegionSize                         = 2097152                                   {product} {ergonomic}
    uintx GCDrainStackTargetSize                   = 64                                        {product} {ergonomic}
   size_t InitialHeapSize                          = 260046848                                 {product} {ergonomic}
     bool ManagementServer                         = true                                      {product} {command line}
   size_t MarkStackSize                            = 4194304                                   {product} {ergonomic}
   size_t MaxHeapSize                              = 4135583744                                {product} {ergonomic}
   size_t MaxNewSize                               = 2480930816                                {product} {ergonomic}
   size_t MinHeapDeltaBytes                        = 2097152                                   {product} {ergonomic}
   size_t MinHeapSize                              = 8388608                                   {product} {ergonomic}
    uintx NonNMethodCodeHeapSize                   = 4096                                   {pd product} {ergonomic}
    uintx NonProfiledCodeHeapSize                  = 0                                      {pd product} {ergonomic}
     bool ProfileInterpreter                       = false                                  {pd product} {command line}
    uintx ProfiledCodeHeapSize                     = 0                                      {pd product} {ergonomic}
     bool ShowCodeDetailsInExceptionMessages       = true                                   {manageable} {command line}
   size_t SoftMaxHeapSize                          = 4135583744                             {manageable} {ergonomic}
     intx TieredStopAtLevel                        = 1                                         {product} {command line}
     bool UseCompressedOops                        = true                           {product lp64_product} {ergonomic}
     bool UseG1GC                                  = true                                      {product} {ergonomic}
     bool UseLargePagesIndividualAllocation        = false                                  {pd product} {ergonomic}

Logging:
Log output configuration:
 #0: stdout all=warning uptime,level,tags foldmultilines=false
 #1: stderr all=off uptime,level,tags foldmultilines=false

Release file:
IMPLEMENTOR="Amazon.com Inc." 
IMPLEMENTOR_VERSION="Corretto-21.0.9.10.1" 
JAVA_RUNTIME_VERSION="21.0.9+10-LTS" 
JAVA_VERSION="21.0.9" 
JAVA_VERSION_DATE="2025-10-21" 
LIBC="default" 
MODULES="java.base java.compiler java.datatransfer java.xml java.prefs java.desktop java.instrument java.logging java.management java.security.sasl java.naming java.rmi java.management.rmi java.net.http java.scripting java.security.jgss java.transaction.xa java.sql java.sql.rowset java.xml.crypto java.se java.smartcardio jdk.accessibility jdk.internal.jvmstat jdk.attach jdk.charsets jdk.internal.opt jdk.zipfs jdk.compiler jdk.crypto.ec jdk.crypto.cryptoki jdk.crypto.mscapi jdk.dynalink jdk.internal.ed jdk.editpad jdk.hotspot.agent jdk.httpserver jdk.incubator.vector jdk.internal.le jdk.internal.vm.ci jdk.internal.vm.compiler jdk.internal.vm.compiler.management jdk.jartool jdk.javadoc jdk.jcmd jdk.management jdk.management.agent jdk.jconsole jdk.jdeps jdk.jdwp.agent jdk.jdi jdk.jfr jdk.jlink jdk.jpackage jdk.jshell jdk.jsobject jdk.jstatd jdk.localedata jdk.management.jfr jdk.naming.dns jdk.naming.rmi jdk.net jdk.nio.mapmode jdk.random jdk.sctp jdk.security.auth jdk.security.jgss jdk.unsupported jdk.unsupported.desktop jdk.xml.dom" 
OS_ARCH="x86_64" 
OS_NAME="Windows" 
SOURCE="" 

Environment Variables:
JAVA_HOME=C:\Program Files\Amazon Corretto\jdk21.0.9_10
PATH=C:/eclipse//plugins/org.eclipse.justj.openjdk.hotspot.jre.full.win32.x86_64_21.0.10.v20260205-0638/jre/bin/server;C:/eclipse//plugins/org.eclipse.justj.openjdk.hotspot.jre.full.win32.x86_64_21.0.10.v20260205-0638/jre/bin;C:\Program Files\Amazon Corretto\jdk21.0.9_10\bin;C:\Windows\system32;C:\Windows;C:\Windows\System32\Wbem;C:\Windows\System32\WindowsPowerShell\v1.0\;C:\Windows\System32\OpenSSH\;C:\Program Files\Amazon Corretto\jdk21.0.9_10\bin;%MAVEN_HOME%\bin;C:\Program Files\Git\cmd;C:\consul;;C:\Program Files\Docker\Docker\resources\bin;C:\Users\rzara\AppData\Local\Microsoft\WindowsApps;C:\Program Files\JetBrains\IntelliJ IDEA 2025.3.1.1\bin;C:\eclipse;
USERNAME=rzara
OS=Windows_NT
PROCESSOR_IDENTIFIER=AMD64 Family 25 Model 80 Stepping 0, AuthenticAMD
TMP=C:\Users\rzara\AppData\Local\Temp
TEMP=C:\Users\rzara\AppData\Local\Temp




Periodic native trim disabled

---------------  S Y S T E M  ---------------

OS:
 Windows 11 , 64 bit Build 26100 (10.0.26100.7920)
OS uptime: 16 days 19:05 hours
Hyper-V role detected

CPU: total 16 (initial active 16) (16 cores per cpu, 2 threads per core) family 25 model 80 stepping 0 microcode 0xa500011, cx8, cmov, fxsr, ht, mmx, 3dnowpref, sse, sse2, sse3, ssse3, sse4a, sse4.1, sse4.2, popcnt, lzcnt, tsc, tscinvbit, avx, avx2, aes, erms, clmul, bmi1, bmi2, adx, sha, fma, vzeroupper, clflush, clflushopt, hv, rdtscp, rdpid, fsrm, f16c, cet_ss
Processor Information for the first 16 processors :
  Max Mhz: 2000, Current Mhz: 2000, Mhz Limit: 2000

Memory: 4k page, system-wide physical 15772M (2145M free)
TotalPageFile size 29134M (AvailPageFile size 4208M)
current process WorkingSet (physical memory assigned to process): 329M, peak: 329M
current process commit charge ("private bytes"): 376M, peak: 382M

vm_info: OpenJDK 64-Bit Server VM (21.0.9+10-LTS) for windows-amd64 JRE (21.0.9+10-LTS), built on 2025-10-16T09:41:28Z by "Administrator" with unknown MS VC++:1944

END.
